******************************************************************************
                  TI ARM Linker PC v5.2.6                      
******************************************************************************
>> Linked Mon Nov 09 14:31:17 2015

OUTPUT FILE NAME:   <hetServo_RM57L.out>
ENTRY POINT SYMBOL: "_c_int00"  address: 000098d0


MEMORY CONFIGURATION

         name            origin    length      used     unused   attr    fill
----------------------  --------  ---------  --------  --------  ----  --------
  VECTORS               00000000   00000020  00000020  00000000     X
  FLASH0                00000020   001fffe0  0000aef8  001f50e8  R  X
  FLASH1                00200000   00200000  00000000  00200000  R  X
  STACKS                08000000   00001500  00000000  00001500  RW  
  RAM                   08001500   0007eb00  00000e58  0007dca8  RW  


SEGMENT ALLOCATION MAP

run origin  load origin   length   init length attrs members
----------  ----------- ---------- ----------- ----- -------
00000000    00000000    0000af18   0000af18    r-x
  00000000    00000000    00000020   00000020    r-x .intvecs
  00000020    00000020    0000a548   0000a548    r-x .text
  0000a568    0000a568    00000800   00000800    r-- .const
  0000ad68    0000ad68    000001b0   000001b0    r-- .cinit
08001500    08001500    00000e58   00000000    rw-
  08001500    08001500    00000800   00000000    rw- .sysmem
  08001d00    08001d00    0000046c   00000000    rw- .data
  0800216c    0800216c    000001ec   00000000    rw- .bss


SECTION ALLOCATION MAP

 output                                  attributes/
section   page    origin      length       input sections
--------  ----  ----------  ----------   ----------------
.intvecs   0    00000000    00000020     
                  00000000    00000020     HL_sys_intvecs.obj (.intvecs)

.text      0    00000020    0000a548     
                  00000020    000018d0     rtsv7R4_A_le_v3D16_eabi.lib : _printfi.obj (.text)
                  000018f0    000011c4     HL_sys_main.obj (.text)
                  00002ab4    000009c0     HL_pinmux.obj (.text)
                  00003474    00000980     HL_system.obj (.text)
                  00003df4    0000093c     HL_ecap.obj (.text)
                  00004730    00000938     HL_sys_vim.obj (.text)
                  00005068    000008f8     HL_het.obj (.text)
                  00005960    000007c4     HL_esm.obj (.text)
                  00006124    0000063c     rtsv7R4_A_le_v3D16_eabi.lib : memory.obj (.text)
                  00006760    00000548                                 : lowlev.obj (.text)
                  00006ca8    000004cc                                 : trgdrv.obj (.text)
                  00007174    00000418     HL_sys_core.obj (.text)
                  0000758c    00000394     HL_sys_mpu.obj (.text)
                  00007920    0000034c     HL_sys_vim.obj (.text:retain)
                  00007c6c    000002d4     rtsv7R4_A_le_v3D16_eabi.lib : fopen.obj (.text)
                  00007f40    000002b8                                 : ull_div32.obj (.text)
                  000081f8    00000208                                 : fmod.obj (.text)
                  00008400    000001f0                                 : xsin.obj (.text)
                  000085f0    000001d4                                 : fputs.obj (.text)
                  000087c4    000001a8                                 : xdscale.obj (.text)
                  0000896c    00000198                                 : atan2.obj (.text)
                  00008b04    00000180                                 : memcpy32.obj (.text)
                  00008c84    00000178     HL_esm.obj (.text:retain)
                  00008dfc    00000160     rtsv7R4_A_le_v3D16_eabi.lib : xdnorm.obj (.text)
                  00008f5c    00000158                                 : setvbuf.obj (.text)
                  000090b4    00000130                                 : fflush.obj (.text)
                  000091e4    00000118                                 : _io_perm.obj (.text)
                  000092fc    00000110     HL_sys_pmu.obj (.text)
                  0000940c    0000010c     rtsv7R4_A_le_v3D16_eabi.lib : fputc.obj (.text)
                  00009518    000000fc                                 : fclose.obj (.text)
                  00009614    000000f0                                 : asin.obj (.text)
                  00009704    000000f0                                 : xatan.obj (.text)
                  000097f4    000000dc                                 : acos.obj (.text)
                  000098d0    000000bc     HL_sys_startup.obj (.text:retain)
                  0000998c    000000b4     HL_notification.obj (.text)
                  00009a40    000000b4     rtsv7R4_A_le_v3D16_eabi.lib : xdunscal.obj (.text)
                  00009af4    000000b0                                 : memset32.obj (.text)
                  00009ba4    000000a8                                 : fseek.obj (.text)
                  00009c4c    000000a4                                 : autoinit.obj (.text)
                  00009cf0    000000a4                                 : printf.obj (.text)
                  00009d94    000000a4                                 : trgmsg.obj (.text)
                  00009e38    0000009c                                 : copy_decompress_rle.obj (.text)
                  00009ed4    00000084                                 : atoi.obj (.text)
                  00009f58    00000084                                 : cpy_tbl.obj (.text)
                  00009fdc    00000080                                 : ltoa.obj (.text)
                  0000a05c    00000078                                 : exit.obj (.text)
                  0000a0d4    00000068                                 : ldexp.obj (.text)
                  0000a13c    00000064                                 : signal.obj (.text)
                  0000a1a0    00000058                                 : feraiseexcept.obj (.text)
                  0000a1f8    00000054                                 : i_div32.obj (.text)
                  0000a24c    00000050                                 : u_div32.obj (.text)
                  0000a29c    0000004c                                 : raise.obj (.text)
                  0000a2e8    00000048                                 : strncpy.obj (.text)
                  0000a330    00000048                                 : xdclass.obj (.text)
                  0000a378    00000044                                 : xferaise.obj (.text)
                  0000a3bc    00000034                                 : sqrt.obj (.text)
                  0000a3f0    00000030                                 : frexp.obj (.text)
                  0000a420    0000002c                                 : memccpy.obj (.text)
                  0000a44c    0000002c                                 : memchr.obj (.text)
                  0000a478    00000028                                 : strchr.obj (.text)
                  0000a4a0    00000028                                 : strcmp.obj (.text)
                  0000a4c8    00000024                                 : _lock.obj (.text)
                  0000a4ec    00000020                                 : strlen.obj (.text)
                  0000a50c    00000018                                 : strcpy.obj (.text)
                  0000a524    00000014                                 : copy_decompress_none.obj (.text:decompress:none)
                  0000a538    00000010                                 : copy_zero_init.obj (.text:decompress:ZI)
                  0000a548    00000008                                 : copy_decompress_rle.obj (.text:decompress:rle24)
                  0000a550    00000008                                 : cos.obj (.text)
                  0000a558    00000008                                 : sin.obj (.text)
                  0000a560    00000004     HL_sys_phantom.obj (.text:retain)
                  0000a564    00000004     rtsv7R4_A_le_v3D16_eabi.lib : i_div0.obj (.text)

.const     0    0000a568    00000800     
                  0000a568    000003a0     HL_het.obj (.const:het1PROGRAM)
                  0000a908    00000200     HL_sys_vim.obj (.const:s_vim_init)
                  0000ab08    00000101     rtsv7R4_A_le_v3D16_eabi.lib : ctype.obj (.const:.string:_ctypes_)
                  0000ac09    00000007     --HOLE-- [fill = 0]
                  0000ac10    00000048                                 : xatan.obj (.const)
                  0000ac58    00000040                                 : xatan.obj (.const:a)
                  0000ac98    00000030     HL_sys_main.obj (.const:$P$T0$1)
                  0000acc8    00000030     rtsv7R4_A_le_v3D16_eabi.lib : xsin.obj (.const:c)
                  0000acf8    00000030                                 : xsin.obj (.const:s)
                  0000ad28    00000020     HL_het.obj (.const)
                  0000ad48    00000020     HL_sys_main.obj (.const)

.cinit     0    0000ad68    000001b0     
                  0000ad68    00000189     (.cinit..data.load) [load image, compression = rle]
                  0000aef1    00000003     --HOLE-- [fill = 0]
                  0000aef4    0000000c     (__TI_handler_table)
                  0000af00    00000008     (.cinit..bss.load) [load image, compression = zero_init]
                  0000af08    00000010     (__TI_cinit_table)

.sysmem    0    08001500    00000800     UNINITIALIZED
                  08001500    00000008     rtsv7R4_A_le_v3D16_eabi.lib : memory.obj (.sysmem)
                  08001508    000007f8     --HOLE--

.data      0    08001d00    0000046c     UNINITIALIZED
                  08001d00    00000108     HL_sys_main.obj (.data:via_frames)
                  08001e08    000000f0     rtsv7R4_A_le_v3D16_eabi.lib : defs.obj (.data:_ftable)
                  08001ef8    000000d0                                 : lowlev.obj (.data)
                  08001fc8    000000b0                                 : signal.obj (.data:sigtable)
                  08002078    00000080                                 : xvalues.obj (.data)
                  080020f8    0000002c     HL_sys_main.obj (.data:via_breaks)
                  08002124    00000010     rtsv7R4_A_le_v3D16_eabi.lib : defs.obj (.data)
                  08002134    0000000c     HL_sys_main.obj (.data)
                  08002140    0000000c     rtsv7R4_A_le_v3D16_eabi.lib : memory.obj (.data)
                  0800214c    00000008                                 : _lock.obj (.data)
                  08002154    00000008                                 : exit.obj (.data)
                  0800215c    00000008                                 : feraiseexcept.obj (.data)
                  08002164    00000004                                 : errno.obj (.data)
                  08002168    00000004                                 : fopen.obj (.data)

.TI.persistent 
*          0    08001d00    00000000     UNINITIALIZED

.bss       0    0800216c    000001ec     UNINITIALIZED
                  0800216c    00000120     rtsv7R4_A_le_v3D16_eabi.lib : trgmsg.obj (.bss:__CIOBUF_)
                  0800228c    000000a0                                 : defs.obj (.bss:__TI_tmpnams)
                  0800232c    00000018     (.common:currentPos)
                  08002344    00000008     (.common:parmbuf)
                  0800234c    00000004     (.common:curtime)
                  08002350    00000004     (.common:duration)
                  08002354    00000004     (.common:reltime)

.TI.noinit 
*          0    0800216c    00000000     UNINITIALIZED


LINKER GENERATED COPY TABLES

__TI_cinit_table @ 0000af08 records: 2, size/record: 8, table size: 16
	.data: load addr=0000ad68, load size=00000189 bytes, run addr=08001d00, run size=0000046c bytes, compression=rle
	.bss: load addr=0000af00, load size=00000008 bytes, run addr=0800216c, run size=000001ec bytes, compression=zero_init


LINKER GENERATED HANDLER TABLE

__TI_handler_table @ 0000aef4 records: 3, size/record: 4, table size: 12
	index: 0, handler: __TI_zero_init
	index: 1, handler: __TI_decompress_rle24
	index: 2, handler: __TI_decompress_none


GLOBAL SYMBOLS: SORTED ALPHABETICALLY BY Name 

address   name                                
-------   ----                                
0000a05c  C$$EXIT                             
00009ddc  C$$IO$$                             
00007108  HOSTclock                           
000070a0  HOSTclose                           
00007038  HOSTgetenv                          
00006f98  HOSTlseek                           
00006f0c  HOSTopen                            
00006e88  HOSTread                            
00006df0  HOSTrename                          
00006d90  HOSTtime                            
00006d2c  HOSTunlink                          
00006ca8  HOSTwrite                           
UNDEFED   SHT$$INIT_ARRAY$$Base               
UNDEFED   SHT$$INIT_ARRAY$$Limit              
00009704  _Atan                               
0000a330  _Dclass                             
08002078  _Denorm                             
00008dfc  _Dnorm                              
000087c4  _Dscale                             
00009a40  _Dunscale                           
08002088  _Eps                                
08002164  _Errno                              
0800215c  _Fenv                               
0000a378  _Feraise                            
08002098  _Hugeval                            
080020a8  _Inf                                
080020b8  _Nan                                
080020d8  _Rteps                              
00008400  _Sin                                
080020c8  _Snan                               
08002160  _Tls_setup__Fenv                    
080020e8  _Xbig                               
080020f0  _Zero                               
0800216c  __CIOBUF_                           
00000800  __SYSMEM_SIZE                       
0000af08  __TI_CINIT_Base                     
0000af18  __TI_CINIT_Limit                    
0000aef4  __TI_Handler_Table_Base             
0000af00  __TI_Handler_Table_Limit            
00007584  __TI_PINIT_Base                     
00007588  __TI_PINIT_Limit                    
00009c4c  __TI_auto_init                      
00007dac  __TI_cleanup                        
08002154  __TI_cleanup_ptr                    
00009518  __TI_closefile                      
0000a524  __TI_decompress_none                
0000a548  __TI_decompress_rle24               
000090b4  __TI_doflush                        
08002158  __TI_dtors_ptr                      
08002124  __TI_ft_end                         
000013f4  __TI_printfi                        
00009284  __TI_rd_ok                          
00009de4  __TI_readmsg                        
00000000  __TI_static_base__                  
0800228c  __TI_tmpnams                        
00009d94  __TI_writemsg                       
000091e4  __TI_wrt_ok                         
0000a538  __TI_zero_init                      
0000a1f8  __aeabi_idiv                        
0000a564  __aeabi_idiv0                       
0000a1f8  __aeabi_idivmod                     
00009af4  __aeabi_memclr                      
00009af4  __aeabi_memclr4                     
00009af4  __aeabi_memclr8                     
00008b04  __aeabi_memcpy                      
00008b04  __aeabi_memcpy4                     
00008b04  __aeabi_memcpy8                     
00009af8  __aeabi_memset                      
00009af8  __aeabi_memset4                     
00009af8  __aeabi_memset8                     
08002130  __aeabi_stderr                      
08002128  __aeabi_stdin                       
0800212c  __aeabi_stdout                      
0000a24c  __aeabi_uidiv                       
0000a24c  __aeabi_uidivmod                    
00007f40  __aeabi_uldivmod                    
ffffffff  __binit__                           
ffffffff  __c_args__                          
000098d0  _c_int00                            
00007528  _cacheDisable_                      
000074f0  _cacheEnable_                       
000074d0  _checkMemInitOn_                    
000073cc  _coreClearAuxiliaryDataFault_       
000073e8  _coreClearAuxiliaryInstructionFault_
00007394  _coreClearDataFaultAddress_         
0000735c  _coreClearDataFault_                
000073b0  _coreClearInstructionFaultAddress_  
00007378  _coreClearInstructionFault_         
00007324  _coreDisableEventBusExport_         
0000730c  _coreEnableEventBusExport_          
0000733c  _coreEnableIrqVicOffset_            
000072ec  _coreEnableVfp_                     
000073c4  _coreGetAuxiliaryDataFault_         
000073e0  _coreGetAuxiliaryInstructionFault_  
0000738c  _coreGetDataFaultAddress_           
00007354  _coreGetDataFault_                  
000073a8  _coreGetInstructionFaultAddress_    
00007370  _coreGetInstructionFault_           
00007174  _coreInitRegisters_                 
00007280  _coreInitStackPointer_              
0000ab08  _ctypes_                            
0000754c  _dCacheInvalidate_                  
000073fc  _disable_IRQ_interrupt_             
00007404  _enable_IRQ_interrupt_              
0000740c  _enable_interrupt_                  
00007414  _esmCcmErrorsClear_                 
08001e08  _ftable                             
000072cc  _getCPSRValue_                      
000072d4  _gotoCPUIdle_                       
00007568  _iCacheInvalidate_                  
0800214c  _lock                               
0000749c  _memInit_                           
000078c8  _mpuAreRegionsSeparate_             
000078a4  _mpuDisableBackgroundRegion_        
0000786c  _mpuDisable_                        
0000788c  _mpuEnableBackgroundRegion_         
0000784c  _mpuEnable_                         
000078bc  _mpuGetNumberOfRegions_             
000078ec  _mpuGetRegionBaseAddress_           
0000790c  _mpuGetRegionPermission_            
00007900  _mpuGetRegionType_                  
000078dc  _mpuGetRegion_                      
0000758c  _mpuInit_                           
000078e4  _mpuSetRegionBaseAddress_           
00007918  _mpuSetRegionSizeRegister_          
000078f4  _mpuSetRegionTypeAndPermission_     
000078d4  _mpuSetRegion_                      
0000a4e0  _nop                                
00009368  _pmuDisableCountersGlobal_          
00009350  _pmuEnableCountersGlobal_           
000093e4  _pmuGetCycleCount_                  
000093ec  _pmuGetEventCount_                  
000093f8  _pmuGetOverflow_                    
000092fc  _pmuInit_                           
000093b0  _pmuResetCounters_                  
00009380  _pmuResetCycleCounter_              
00009398  _pmuResetEventCounters_             
000093d8  _pmuSetCountEvent_                  
000093c8  _pmuStartCounters_                  
000093d0  _pmuStopCounters_                   
0000a4d4  _register_lock                      
0000a4c8  _register_unlock                    
08001500  _sys_memory                         
08002150  _unlock                             
0000a064  abort                               
000097f4  acos                                
00006b80  add_device                          
00009614  asin                                
0000896c  atan2                               
00009ed4  atoi                                
ffffffff  binit                               
00006708  calloc                              
00005674  capGetSignal                        
00006af0  close                               
00009f58  copy_in                             
0000a550  cos                                 
0800213e  curIndex                            
0800232c  currentPos                          
0800234c  curtime                             
000099c4  dmaGroupANotification               
08002350  duration                            
00004358  ecap1GetConfigValue                 
000043ec  ecap2GetConfigValue                 
00004480  ecap3GetConfigValue                 
00004514  ecap4GetConfigValue                 
000045a8  ecap5GetConfigValue                 
0000463c  ecap6GetConfigValue                 
000042d8  ecapClearFlag                       
00004238  ecapDisableAPWMMode                 
00004128  ecapDisableCapture                  
00003f20  ecapDisableCounterLoadOnSync        
00004284  ecapDisableInterrupt                
000041cc  ecapEnableAPWMmode                  
00004108  ecapEnableCapture                   
00003ef0  ecapEnableCounterLoadOnSync         
0000425c  ecapEnableInterrupt                 
000042f8  ecapGetCAP1                         
00004310  ecapGetCAP2                         
00004328  ecapGetCAP3                         
00004340  ecapGetCAP4                         
000042b4  ecapGetEventStatus                  
00003df4  ecapInit                            
00009a18  ecapNotification                    
00003f80  ecapSetCaptureEvent1                
00003fcc  ecapSetCaptureEvent2                
0000401c  ecapSetCaptureEvent3                
0000406c  ecapSetCaptureEvent4                
000040bc  ecapSetCaptureMode                  
00003ed0  ecapSetCounter                      
00003f44  ecapSetEventPrescaler               
00004190  ecapSetSyncOut                      
0000414c  ecapStartCounter                    
0000416c  ecapStopCounter                     
00005634  edgeDisableNotification             
000055f8  edgeEnableNotification              
000055cc  edgeGetCounter                      
000099f0  edgeNotification                    
000055a0  edgeResetCounter                    
00009a2c  epcCAMFullNotification              
00009a30  epcFIFOFullNotification             
00005b78  esmActivateNormalOperation          
00005cd4  esmClearStatus                      
00005d48  esmClearStatusBuffer                
00005d20  esmClearStatusUpper                 
00005b20  esmDisableError                     
00005b4c  esmDisableErrorUpper                
00005bd0  esmDisableInterrupt                 
00005bfc  esmDisableInterruptUpper            
00005ad8  esmEnableError                      
00005b04  esmEnableErrorUpper                 
00005b88  esmEnableInterrupt                  
00005bb4  esmEnableInterruptUpper             
00005e88  esmEnterSelfTest                    
00005abc  esmError                            
00005f60  esmGetConfigValue                   
00005d84  esmGetStatus                        
00005e60  esmGetStatusBuffer                  
00005e10  esmGetStatusUpper                   
0000998c  esmGroup1Notification               
000099a0  esmGroup2Notification               
000099b4  esmGroup3Notification               
00008c84  esmHighInterrupt                    
00005960  esmInit                             
00005f10  esmSelfTestStatus                   
00005d64  esmSetCounterPreloadValue           
00005c18  esmSetInterruptLevel                
00005c94  esmSetInterruptLevelUpper           
00005b68  esmTriggerErrorPinReset             
0000a070  exit                                
000095c4  fclose                              
0000a1a0  feraiseexcept                       
00009138  fflush                              
000081f8  fmod                                
00007e44  fopen                               
0800213c  form                                
0000940c  fputc                               
000085f0  fputs                               
000062dc  free                                
00007df8  freopen                             
0000a3f0  frexp                               
00009ba4  fseek                               
00001ac4  genServoPwm                         
00001ba0  getCurrentPos                       
000037e0  getResetSource                      
00005780  het1GetConfigValue                  
00005768  hetGetTimestamp                     
00005068  hetInit                             
00009a04  hetNotification                     
0000574c  hetResetTimestamp                   
0000a0d4  ldexp                               
08002138  loop_count_max                      
08002134  loop_count_prep_max                 
00006aac  lseek                               
00009fdc  ltoa                                
000018f0  main                                
00006220  malloc                              
00003610  mapClocks                           
000065c8  memalign                            
0000a420  memccpy                             
0000a44c  memchr                              
00008b04  memcpy                              
00009b04  memset                              
00006124  minit                               
00002ab4  muxInit                             
00006994  open                                
0000355c  periphInit                          
0000a560  phantomInterrupt                    
00009cf8  printf                              
0000940c  putc                                
00009504  putchar                             
0000878c  puts                                
00005570  pwmDisableNotification              
00005528  pwmEnableNotification               
00005448  pwmGetSignal                        
000099d8  pwmNotification                     
00005190  pwmSetDuty                          
000052cc  pwmSetSignal                        
00005128  pwmStart                            
0000515c  pwmStop                             
0000a29c  raise                               
00006950  read                                
00006434  realloc                             
08002354  reltime                             
00006858  remove                              
00006904  remove_device                       
00006898  rename                              
00000000  resetEntry                          
00001f38  rotmat2rpy                          
000020cc  setJoints                           
00002274  setPwmPulse                         
0000351c  setupFlash                          
00003474  setupPLL                            
00008f5c  setvbuf                             
0000a13c  signal                              
0000a558  sin                                 
00002548  solveJoints0                        
0000a3bc  sqrt                                
0000a478  strchr                              
0000a4a0  strcmp                              
0000a50c  strcpy                              
0000a4ec  strlen                              
0000a2e8  strncpy                             
0000392c  systemGetConfigValue                
0000373c  systemInit                          
000037b0  systemPowerDown                     
00002a14  tic                                 
00002a50  toc                                 
000034d4  trimLPO                             
00006858  unlink                              
080020f8  via_breaks                          
08001d00  via_frames                          
00004804  vimChannelMap                       
00004a70  vimDisableInterrupt                 
00007920  vimECCErrorHandler                  
000048a8  vimEnableInterrupt                  
00004b1c  vimGetConfigValue                   
00004730  vimInit                             
00006760  write                               


GLOBAL SYMBOLS: SORTED BY Symbol Address 

address   name                                
-------   ----                                
00000000  __TI_static_base__                  
00000000  resetEntry                          
00000800  __SYSMEM_SIZE                       
000013f4  __TI_printfi                        
000018f0  main                                
00001ac4  genServoPwm                         
00001ba0  getCurrentPos                       
00001f38  rotmat2rpy                          
000020cc  setJoints                           
00002274  setPwmPulse                         
00002548  solveJoints0                        
00002a14  tic                                 
00002a50  toc                                 
00002ab4  muxInit                             
00003474  setupPLL                            
000034d4  trimLPO                             
0000351c  setupFlash                          
0000355c  periphInit                          
00003610  mapClocks                           
0000373c  systemInit                          
000037b0  systemPowerDown                     
000037e0  getResetSource                      
0000392c  systemGetConfigValue                
00003df4  ecapInit                            
00003ed0  ecapSetCounter                      
00003ef0  ecapEnableCounterLoadOnSync         
00003f20  ecapDisableCounterLoadOnSync        
00003f44  ecapSetEventPrescaler               
00003f80  ecapSetCaptureEvent1                
00003fcc  ecapSetCaptureEvent2                
0000401c  ecapSetCaptureEvent3                
0000406c  ecapSetCaptureEvent4                
000040bc  ecapSetCaptureMode                  
00004108  ecapEnableCapture                   
00004128  ecapDisableCapture                  
0000414c  ecapStartCounter                    
0000416c  ecapStopCounter                     
00004190  ecapSetSyncOut                      
000041cc  ecapEnableAPWMmode                  
00004238  ecapDisableAPWMMode                 
0000425c  ecapEnableInterrupt                 
00004284  ecapDisableInterrupt                
000042b4  ecapGetEventStatus                  
000042d8  ecapClearFlag                       
000042f8  ecapGetCAP1                         
00004310  ecapGetCAP2                         
00004328  ecapGetCAP3                         
00004340  ecapGetCAP4                         
00004358  ecap1GetConfigValue                 
000043ec  ecap2GetConfigValue                 
00004480  ecap3GetConfigValue                 
00004514  ecap4GetConfigValue                 
000045a8  ecap5GetConfigValue                 
0000463c  ecap6GetConfigValue                 
00004730  vimInit                             
00004804  vimChannelMap                       
000048a8  vimEnableInterrupt                  
00004a70  vimDisableInterrupt                 
00004b1c  vimGetConfigValue                   
00005068  hetInit                             
00005128  pwmStart                            
0000515c  pwmStop                             
00005190  pwmSetDuty                          
000052cc  pwmSetSignal                        
00005448  pwmGetSignal                        
00005528  pwmEnableNotification               
00005570  pwmDisableNotification              
000055a0  edgeResetCounter                    
000055cc  edgeGetCounter                      
000055f8  edgeEnableNotification              
00005634  edgeDisableNotification             
00005674  capGetSignal                        
0000574c  hetResetTimestamp                   
00005768  hetGetTimestamp                     
00005780  het1GetConfigValue                  
00005960  esmInit                             
00005abc  esmError                            
00005ad8  esmEnableError                      
00005b04  esmEnableErrorUpper                 
00005b20  esmDisableError                     
00005b4c  esmDisableErrorUpper                
00005b68  esmTriggerErrorPinReset             
00005b78  esmActivateNormalOperation          
00005b88  esmEnableInterrupt                  
00005bb4  esmEnableInterruptUpper             
00005bd0  esmDisableInterrupt                 
00005bfc  esmDisableInterruptUpper            
00005c18  esmSetInterruptLevel                
00005c94  esmSetInterruptLevelUpper           
00005cd4  esmClearStatus                      
00005d20  esmClearStatusUpper                 
00005d48  esmClearStatusBuffer                
00005d64  esmSetCounterPreloadValue           
00005d84  esmGetStatus                        
00005e10  esmGetStatusUpper                   
00005e60  esmGetStatusBuffer                  
00005e88  esmEnterSelfTest                    
00005f10  esmSelfTestStatus                   
00005f60  esmGetConfigValue                   
00006124  minit                               
00006220  malloc                              
000062dc  free                                
00006434  realloc                             
000065c8  memalign                            
00006708  calloc                              
00006760  write                               
00006858  remove                              
00006858  unlink                              
00006898  rename                              
00006904  remove_device                       
00006950  read                                
00006994  open                                
00006aac  lseek                               
00006af0  close                               
00006b80  add_device                          
00006ca8  HOSTwrite                           
00006d2c  HOSTunlink                          
00006d90  HOSTtime                            
00006df0  HOSTrename                          
00006e88  HOSTread                            
00006f0c  HOSTopen                            
00006f98  HOSTlseek                           
00007038  HOSTgetenv                          
000070a0  HOSTclose                           
00007108  HOSTclock                           
00007174  _coreInitRegisters_                 
00007280  _coreInitStackPointer_              
000072cc  _getCPSRValue_                      
000072d4  _gotoCPUIdle_                       
000072ec  _coreEnableVfp_                     
0000730c  _coreEnableEventBusExport_          
00007324  _coreDisableEventBusExport_         
0000733c  _coreEnableIrqVicOffset_            
00007354  _coreGetDataFault_                  
0000735c  _coreClearDataFault_                
00007370  _coreGetInstructionFault_           
00007378  _coreClearInstructionFault_         
0000738c  _coreGetDataFaultAddress_           
00007394  _coreClearDataFaultAddress_         
000073a8  _coreGetInstructionFaultAddress_    
000073b0  _coreClearInstructionFaultAddress_  
000073c4  _coreGetAuxiliaryDataFault_         
000073cc  _coreClearAuxiliaryDataFault_       
000073e0  _coreGetAuxiliaryInstructionFault_  
000073e8  _coreClearAuxiliaryInstructionFault_
000073fc  _disable_IRQ_interrupt_             
00007404  _enable_IRQ_interrupt_              
0000740c  _enable_interrupt_                  
00007414  _esmCcmErrorsClear_                 
0000749c  _memInit_                           
000074d0  _checkMemInitOn_                    
000074f0  _cacheEnable_                       
00007528  _cacheDisable_                      
0000754c  _dCacheInvalidate_                  
00007568  _iCacheInvalidate_                  
00007584  __TI_PINIT_Base                     
00007588  __TI_PINIT_Limit                    
0000758c  _mpuInit_                           
0000784c  _mpuEnable_                         
0000786c  _mpuDisable_                        
0000788c  _mpuEnableBackgroundRegion_         
000078a4  _mpuDisableBackgroundRegion_        
000078bc  _mpuGetNumberOfRegions_             
000078c8  _mpuAreRegionsSeparate_             
000078d4  _mpuSetRegion_                      
000078dc  _mpuGetRegion_                      
000078e4  _mpuSetRegionBaseAddress_           
000078ec  _mpuGetRegionBaseAddress_           
000078f4  _mpuSetRegionTypeAndPermission_     
00007900  _mpuGetRegionType_                  
0000790c  _mpuGetRegionPermission_            
00007918  _mpuSetRegionSizeRegister_          
00007920  vimECCErrorHandler                  
00007dac  __TI_cleanup                        
00007df8  freopen                             
00007e44  fopen                               
00007f40  __aeabi_uldivmod                    
000081f8  fmod                                
00008400  _Sin                                
000085f0  fputs                               
0000878c  puts                                
000087c4  _Dscale                             
0000896c  atan2                               
00008b04  __aeabi_memcpy                      
00008b04  __aeabi_memcpy4                     
00008b04  __aeabi_memcpy8                     
00008b04  memcpy                              
00008c84  esmHighInterrupt                    
00008dfc  _Dnorm                              
00008f5c  setvbuf                             
000090b4  __TI_doflush                        
00009138  fflush                              
000091e4  __TI_wrt_ok                         
00009284  __TI_rd_ok                          
000092fc  _pmuInit_                           
00009350  _pmuEnableCountersGlobal_           
00009368  _pmuDisableCountersGlobal_          
00009380  _pmuResetCycleCounter_              
00009398  _pmuResetEventCounters_             
000093b0  _pmuResetCounters_                  
000093c8  _pmuStartCounters_                  
000093d0  _pmuStopCounters_                   
000093d8  _pmuSetCountEvent_                  
000093e4  _pmuGetCycleCount_                  
000093ec  _pmuGetEventCount_                  
000093f8  _pmuGetOverflow_                    
0000940c  fputc                               
0000940c  putc                                
00009504  putchar                             
00009518  __TI_closefile                      
000095c4  fclose                              
00009614  asin                                
00009704  _Atan                               
000097f4  acos                                
000098d0  _c_int00                            
0000998c  esmGroup1Notification               
000099a0  esmGroup2Notification               
000099b4  esmGroup3Notification               
000099c4  dmaGroupANotification               
000099d8  pwmNotification                     
000099f0  edgeNotification                    
00009a04  hetNotification                     
00009a18  ecapNotification                    
00009a2c  epcCAMFullNotification              
00009a30  epcFIFOFullNotification             
00009a40  _Dunscale                           
00009af4  __aeabi_memclr                      
00009af4  __aeabi_memclr4                     
00009af4  __aeabi_memclr8                     
00009af8  __aeabi_memset                      
00009af8  __aeabi_memset4                     
00009af8  __aeabi_memset8                     
00009b04  memset                              
00009ba4  fseek                               
00009c4c  __TI_auto_init                      
00009cf8  printf                              
00009d94  __TI_writemsg                       
00009ddc  C$$IO$$                             
00009de4  __TI_readmsg                        
00009ed4  atoi                                
00009f58  copy_in                             
00009fdc  ltoa                                
0000a05c  C$$EXIT                             
0000a064  abort                               
0000a070  exit                                
0000a0d4  ldexp                               
0000a13c  signal                              
0000a1a0  feraiseexcept                       
0000a1f8  __aeabi_idiv                        
0000a1f8  __aeabi_idivmod                     
0000a24c  __aeabi_uidiv                       
0000a24c  __aeabi_uidivmod                    
0000a29c  raise                               
0000a2e8  strncpy                             
0000a330  _Dclass                             
0000a378  _Feraise                            
0000a3bc  sqrt                                
0000a3f0  frexp                               
0000a420  memccpy                             
0000a44c  memchr                              
0000a478  strchr                              
0000a4a0  strcmp                              
0000a4c8  _register_unlock                    
0000a4d4  _register_lock                      
0000a4e0  _nop                                
0000a4ec  strlen                              
0000a50c  strcpy                              
0000a524  __TI_decompress_none                
0000a538  __TI_zero_init                      
0000a548  __TI_decompress_rle24               
0000a550  cos                                 
0000a558  sin                                 
0000a560  phantomInterrupt                    
0000a564  __aeabi_idiv0                       
0000ab08  _ctypes_                            
0000aef4  __TI_Handler_Table_Base             
0000af00  __TI_Handler_Table_Limit            
0000af08  __TI_CINIT_Base                     
0000af18  __TI_CINIT_Limit                    
08001500  _sys_memory                         
08001d00  via_frames                          
08001e08  _ftable                             
08002078  _Denorm                             
08002088  _Eps                                
08002098  _Hugeval                            
080020a8  _Inf                                
080020b8  _Nan                                
080020c8  _Snan                               
080020d8  _Rteps                              
080020e8  _Xbig                               
080020f0  _Zero                               
080020f8  via_breaks                          
08002124  __TI_ft_end                         
08002128  __aeabi_stdin                       
0800212c  __aeabi_stdout                      
08002130  __aeabi_stderr                      
08002134  loop_count_prep_max                 
08002138  loop_count_max                      
0800213c  form                                
0800213e  curIndex                            
0800214c  _lock                               
08002150  _unlock                             
08002154  __TI_cleanup_ptr                    
08002158  __TI_dtors_ptr                      
0800215c  _Fenv                               
08002160  _Tls_setup__Fenv                    
08002164  _Errno                              
0800216c  __CIOBUF_                           
0800228c  __TI_tmpnams                        
0800232c  currentPos                          
0800234c  curtime                             
08002350  duration                            
08002354  reltime                             
ffffffff  __binit__                           
ffffffff  __c_args__                          
ffffffff  binit                               
UNDEFED   SHT$$INIT_ARRAY$$Base               
UNDEFED   SHT$$INIT_ARRAY$$Limit              

[318 symbols]
