<?xml version="1.0"?>
<link_info>
   <banner>TI ARM Linker PC v5.2.6</banner>
   <copyright>Copyright (c) 1996-2015 Texas Instruments Incorporated</copyright>
   <link_time>0x56403db5</link_time>
   <link_errors>0x0</link_errors>
   <output_file>hetServo_RM57L.out</output_file>
   <entry_point>
      <name>_c_int00</name>
      <address>0x98d0</address>
   </entry_point>
   <input_file_list>
      <input_file id="fl-2">
         <path>.\source\</path>
         <kind>object</kind>
         <file>HL_ecap.obj</file>
         <name>HL_ecap.obj</name>
      </input_file>
      <input_file id="fl-3">
         <path>.\source\</path>
         <kind>object</kind>
         <file>HL_epc.obj</file>
         <name>HL_epc.obj</name>
      </input_file>
      <input_file id="fl-4">
         <path>.\source\</path>
         <kind>object</kind>
         <file>HL_errata.obj</file>
         <name>HL_errata.obj</name>
      </input_file>
      <input_file id="fl-5">
         <path>.\source\</path>
         <kind>object</kind>
         <file>HL_esm.obj</file>
         <name>HL_esm.obj</name>
      </input_file>
      <input_file id="fl-6">
         <path>.\source\</path>
         <kind>object</kind>
         <file>HL_het.obj</file>
         <name>HL_het.obj</name>
      </input_file>
      <input_file id="fl-7">
         <path>.\source\</path>
         <kind>object</kind>
         <file>HL_nmpu.obj</file>
         <name>HL_nmpu.obj</name>
      </input_file>
      <input_file id="fl-8">
         <path>.\source\</path>
         <kind>object</kind>
         <file>HL_notification.obj</file>
         <name>HL_notification.obj</name>
      </input_file>
      <input_file id="fl-9">
         <path>.\source\</path>
         <kind>object</kind>
         <file>HL_pinmux.obj</file>
         <name>HL_pinmux.obj</name>
      </input_file>
      <input_file id="fl-a">
         <path>.\source\</path>
         <kind>object</kind>
         <file>HL_sys_core.obj</file>
         <name>HL_sys_core.obj</name>
      </input_file>
      <input_file id="fl-b">
         <path>.\source\</path>
         <kind>object</kind>
         <file>HL_sys_dma.obj</file>
         <name>HL_sys_dma.obj</name>
      </input_file>
      <input_file id="fl-c">
         <path>.\source\</path>
         <kind>object</kind>
         <file>HL_sys_intvecs.obj</file>
         <name>HL_sys_intvecs.obj</name>
      </input_file>
      <input_file id="fl-d">
         <path>.\source\</path>
         <kind>object</kind>
         <file>HL_sys_main.obj</file>
         <name>HL_sys_main.obj</name>
      </input_file>
      <input_file id="fl-e">
         <path>.\source\</path>
         <kind>object</kind>
         <file>HL_sys_mpu.obj</file>
         <name>HL_sys_mpu.obj</name>
      </input_file>
      <input_file id="fl-f">
         <path>.\source\</path>
         <kind>object</kind>
         <file>HL_sys_pcr.obj</file>
         <name>HL_sys_pcr.obj</name>
      </input_file>
      <input_file id="fl-10">
         <path>.\source\</path>
         <kind>object</kind>
         <file>HL_sys_phantom.obj</file>
         <name>HL_sys_phantom.obj</name>
      </input_file>
      <input_file id="fl-11">
         <path>.\source\</path>
         <kind>object</kind>
         <file>HL_sys_pmm.obj</file>
         <name>HL_sys_pmm.obj</name>
      </input_file>
      <input_file id="fl-12">
         <path>.\source\</path>
         <kind>object</kind>
         <file>HL_sys_pmu.obj</file>
         <name>HL_sys_pmu.obj</name>
      </input_file>
      <input_file id="fl-13">
         <path>.\source\</path>
         <kind>object</kind>
         <file>HL_sys_startup.obj</file>
         <name>HL_sys_startup.obj</name>
      </input_file>
      <input_file id="fl-14">
         <path>.\source\</path>
         <kind>object</kind>
         <file>HL_sys_vim.obj</file>
         <name>HL_sys_vim.obj</name>
      </input_file>
      <input_file id="fl-15">
         <path>.\source\</path>
         <kind>object</kind>
         <file>HL_system.obj</file>
         <name>HL_system.obj</name>
      </input_file>
      <input_file id="fl-13b">
         <path>D:\ti\ccsv6\tools\compiler\ti-cgt-arm_5.2.6\lib\</path>
         <kind>archive</kind>
         <file>rtsv7R4_A_le_v3D16_eabi.lib</file>
         <name>acos.obj</name>
      </input_file>
      <input_file id="fl-13c">
         <path>D:\ti\ccsv6\tools\compiler\ti-cgt-arm_5.2.6\lib\</path>
         <kind>archive</kind>
         <file>rtsv7R4_A_le_v3D16_eabi.lib</file>
         <name>asin.obj</name>
      </input_file>
      <input_file id="fl-13d">
         <path>D:\ti\ccsv6\tools\compiler\ti-cgt-arm_5.2.6\lib\</path>
         <kind>archive</kind>
         <file>rtsv7R4_A_le_v3D16_eabi.lib</file>
         <name>atan2.obj</name>
      </input_file>
      <input_file id="fl-13e">
         <path>D:\ti\ccsv6\tools\compiler\ti-cgt-arm_5.2.6\lib\</path>
         <kind>archive</kind>
         <file>rtsv7R4_A_le_v3D16_eabi.lib</file>
         <name>autoinit.obj</name>
      </input_file>
      <input_file id="fl-13f">
         <path>D:\ti\ccsv6\tools\compiler\ti-cgt-arm_5.2.6\lib\</path>
         <kind>archive</kind>
         <file>rtsv7R4_A_le_v3D16_eabi.lib</file>
         <name>copy_decompress_none.obj</name>
      </input_file>
      <input_file id="fl-140">
         <path>D:\ti\ccsv6\tools\compiler\ti-cgt-arm_5.2.6\lib\</path>
         <kind>archive</kind>
         <file>rtsv7R4_A_le_v3D16_eabi.lib</file>
         <name>copy_decompress_rle.obj</name>
      </input_file>
      <input_file id="fl-141">
         <path>D:\ti\ccsv6\tools\compiler\ti-cgt-arm_5.2.6\lib\</path>
         <kind>archive</kind>
         <file>rtsv7R4_A_le_v3D16_eabi.lib</file>
         <name>copy_zero_init.obj</name>
      </input_file>
      <input_file id="fl-142">
         <path>D:\ti\ccsv6\tools\compiler\ti-cgt-arm_5.2.6\lib\</path>
         <kind>archive</kind>
         <file>rtsv7R4_A_le_v3D16_eabi.lib</file>
         <name>cos.obj</name>
      </input_file>
      <input_file id="fl-143">
         <path>D:\ti\ccsv6\tools\compiler\ti-cgt-arm_5.2.6\lib\</path>
         <kind>archive</kind>
         <file>rtsv7R4_A_le_v3D16_eabi.lib</file>
         <name>cpy_tbl.obj</name>
      </input_file>
      <input_file id="fl-144">
         <path>D:\ti\ccsv6\tools\compiler\ti-cgt-arm_5.2.6\lib\</path>
         <kind>archive</kind>
         <file>rtsv7R4_A_le_v3D16_eabi.lib</file>
         <name>exit.obj</name>
      </input_file>
      <input_file id="fl-145">
         <path>D:\ti\ccsv6\tools\compiler\ti-cgt-arm_5.2.6\lib\</path>
         <kind>archive</kind>
         <file>rtsv7R4_A_le_v3D16_eabi.lib</file>
         <name>memcpy32.obj</name>
      </input_file>
      <input_file id="fl-146">
         <path>D:\ti\ccsv6\tools\compiler\ti-cgt-arm_5.2.6\lib\</path>
         <kind>archive</kind>
         <file>rtsv7R4_A_le_v3D16_eabi.lib</file>
         <name>memory.obj</name>
      </input_file>
      <input_file id="fl-147">
         <path>D:\ti\ccsv6\tools\compiler\ti-cgt-arm_5.2.6\lib\</path>
         <kind>archive</kind>
         <file>rtsv7R4_A_le_v3D16_eabi.lib</file>
         <name>memset32.obj</name>
      </input_file>
      <input_file id="fl-148">
         <path>D:\ti\ccsv6\tools\compiler\ti-cgt-arm_5.2.6\lib\</path>
         <kind>archive</kind>
         <file>rtsv7R4_A_le_v3D16_eabi.lib</file>
         <name>printf.obj</name>
      </input_file>
      <input_file id="fl-149">
         <path>D:\ti\ccsv6\tools\compiler\ti-cgt-arm_5.2.6\lib\</path>
         <kind>archive</kind>
         <file>rtsv7R4_A_le_v3D16_eabi.lib</file>
         <name>sin.obj</name>
      </input_file>
      <input_file id="fl-14a">
         <path>D:\ti\ccsv6\tools\compiler\ti-cgt-arm_5.2.6\lib\</path>
         <kind>archive</kind>
         <file>rtsv7R4_A_le_v3D16_eabi.lib</file>
         <name>sqrt.obj</name>
      </input_file>
      <input_file id="fl-14b">
         <path>D:\ti\ccsv6\tools\compiler\ti-cgt-arm_5.2.6\lib\</path>
         <kind>archive</kind>
         <file>rtsv7R4_A_le_v3D16_eabi.lib</file>
         <name>u_div32.obj</name>
      </input_file>
      <input_file id="fl-14c">
         <path>D:\ti\ccsv6\tools\compiler\ti-cgt-arm_5.2.6\lib\</path>
         <kind>archive</kind>
         <file>rtsv7R4_A_le_v3D16_eabi.lib</file>
         <name>xatan.obj</name>
      </input_file>
      <input_file id="fl-14d">
         <path>D:\ti\ccsv6\tools\compiler\ti-cgt-arm_5.2.6\lib\</path>
         <kind>archive</kind>
         <file>rtsv7R4_A_le_v3D16_eabi.lib</file>
         <name>xferaise.obj</name>
      </input_file>
      <input_file id="fl-14e">
         <path>D:\ti\ccsv6\tools\compiler\ti-cgt-arm_5.2.6\lib\</path>
         <kind>archive</kind>
         <file>rtsv7R4_A_le_v3D16_eabi.lib</file>
         <name>xsin.obj</name>
      </input_file>
      <input_file id="fl-14f">
         <path>D:\ti\ccsv6\tools\compiler\ti-cgt-arm_5.2.6\lib\</path>
         <kind>archive</kind>
         <file>rtsv7R4_A_le_v3D16_eabi.lib</file>
         <name>xvalues.obj</name>
      </input_file>
      <input_file id="fl-150">
         <path>D:\ti\ccsv6\tools\compiler\ti-cgt-arm_5.2.6\lib\</path>
         <kind>archive</kind>
         <file>rtsv7R4_A_le_v3D16_eabi.lib</file>
         <name>_lock.obj</name>
      </input_file>
      <input_file id="fl-151">
         <path>D:\ti\ccsv6\tools\compiler\ti-cgt-arm_5.2.6\lib\</path>
         <kind>archive</kind>
         <file>rtsv7R4_A_le_v3D16_eabi.lib</file>
         <name>_printfi.obj</name>
      </input_file>
      <input_file id="fl-152">
         <path>D:\ti\ccsv6\tools\compiler\ti-cgt-arm_5.2.6\lib\</path>
         <kind>archive</kind>
         <file>rtsv7R4_A_le_v3D16_eabi.lib</file>
         <name>atoi.obj</name>
      </input_file>
      <input_file id="fl-153">
         <path>D:\ti\ccsv6\tools\compiler\ti-cgt-arm_5.2.6\lib\</path>
         <kind>archive</kind>
         <file>rtsv7R4_A_le_v3D16_eabi.lib</file>
         <name>ctype.obj</name>
      </input_file>
      <input_file id="fl-154">
         <path>D:\ti\ccsv6\tools\compiler\ti-cgt-arm_5.2.6\lib\</path>
         <kind>archive</kind>
         <file>rtsv7R4_A_le_v3D16_eabi.lib</file>
         <name>defs.obj</name>
      </input_file>
      <input_file id="fl-155">
         <path>D:\ti\ccsv6\tools\compiler\ti-cgt-arm_5.2.6\lib\</path>
         <kind>archive</kind>
         <file>rtsv7R4_A_le_v3D16_eabi.lib</file>
         <name>errno.obj</name>
      </input_file>
      <input_file id="fl-156">
         <path>D:\ti\ccsv6\tools\compiler\ti-cgt-arm_5.2.6\lib\</path>
         <kind>archive</kind>
         <file>rtsv7R4_A_le_v3D16_eabi.lib</file>
         <name>feraiseexcept.obj</name>
      </input_file>
      <input_file id="fl-157">
         <path>D:\ti\ccsv6\tools\compiler\ti-cgt-arm_5.2.6\lib\</path>
         <kind>archive</kind>
         <file>rtsv7R4_A_le_v3D16_eabi.lib</file>
         <name>fmod.obj</name>
      </input_file>
      <input_file id="fl-158">
         <path>D:\ti\ccsv6\tools\compiler\ti-cgt-arm_5.2.6\lib\</path>
         <kind>archive</kind>
         <file>rtsv7R4_A_le_v3D16_eabi.lib</file>
         <name>fputc.obj</name>
      </input_file>
      <input_file id="fl-159">
         <path>D:\ti\ccsv6\tools\compiler\ti-cgt-arm_5.2.6\lib\</path>
         <kind>archive</kind>
         <file>rtsv7R4_A_le_v3D16_eabi.lib</file>
         <name>fputs.obj</name>
      </input_file>
      <input_file id="fl-15a">
         <path>D:\ti\ccsv6\tools\compiler\ti-cgt-arm_5.2.6\lib\</path>
         <kind>archive</kind>
         <file>rtsv7R4_A_le_v3D16_eabi.lib</file>
         <name>frexp.obj</name>
      </input_file>
      <input_file id="fl-15b">
         <path>D:\ti\ccsv6\tools\compiler\ti-cgt-arm_5.2.6\lib\</path>
         <kind>archive</kind>
         <file>rtsv7R4_A_le_v3D16_eabi.lib</file>
         <name>i_div0.obj</name>
      </input_file>
      <input_file id="fl-15c">
         <path>D:\ti\ccsv6\tools\compiler\ti-cgt-arm_5.2.6\lib\</path>
         <kind>archive</kind>
         <file>rtsv7R4_A_le_v3D16_eabi.lib</file>
         <name>ldexp.obj</name>
      </input_file>
      <input_file id="fl-15d">
         <path>D:\ti\ccsv6\tools\compiler\ti-cgt-arm_5.2.6\lib\</path>
         <kind>archive</kind>
         <file>rtsv7R4_A_le_v3D16_eabi.lib</file>
         <name>lowlev.obj</name>
      </input_file>
      <input_file id="fl-15e">
         <path>D:\ti\ccsv6\tools\compiler\ti-cgt-arm_5.2.6\lib\</path>
         <kind>archive</kind>
         <file>rtsv7R4_A_le_v3D16_eabi.lib</file>
         <name>ltoa.obj</name>
      </input_file>
      <input_file id="fl-15f">
         <path>D:\ti\ccsv6\tools\compiler\ti-cgt-arm_5.2.6\lib\</path>
         <kind>archive</kind>
         <file>rtsv7R4_A_le_v3D16_eabi.lib</file>
         <name>memccpy.obj</name>
      </input_file>
      <input_file id="fl-160">
         <path>D:\ti\ccsv6\tools\compiler\ti-cgt-arm_5.2.6\lib\</path>
         <kind>archive</kind>
         <file>rtsv7R4_A_le_v3D16_eabi.lib</file>
         <name>memchr.obj</name>
      </input_file>
      <input_file id="fl-161">
         <path>D:\ti\ccsv6\tools\compiler\ti-cgt-arm_5.2.6\lib\</path>
         <kind>archive</kind>
         <file>rtsv7R4_A_le_v3D16_eabi.lib</file>
         <name>raise.obj</name>
      </input_file>
      <input_file id="fl-162">
         <path>D:\ti\ccsv6\tools\compiler\ti-cgt-arm_5.2.6\lib\</path>
         <kind>archive</kind>
         <file>rtsv7R4_A_le_v3D16_eabi.lib</file>
         <name>signal.obj</name>
      </input_file>
      <input_file id="fl-163">
         <path>D:\ti\ccsv6\tools\compiler\ti-cgt-arm_5.2.6\lib\</path>
         <kind>archive</kind>
         <file>rtsv7R4_A_le_v3D16_eabi.lib</file>
         <name>strchr.obj</name>
      </input_file>
      <input_file id="fl-164">
         <path>D:\ti\ccsv6\tools\compiler\ti-cgt-arm_5.2.6\lib\</path>
         <kind>archive</kind>
         <file>rtsv7R4_A_le_v3D16_eabi.lib</file>
         <name>strcmp.obj</name>
      </input_file>
      <input_file id="fl-165">
         <path>D:\ti\ccsv6\tools\compiler\ti-cgt-arm_5.2.6\lib\</path>
         <kind>archive</kind>
         <file>rtsv7R4_A_le_v3D16_eabi.lib</file>
         <name>strlen.obj</name>
      </input_file>
      <input_file id="fl-166">
         <path>D:\ti\ccsv6\tools\compiler\ti-cgt-arm_5.2.6\lib\</path>
         <kind>archive</kind>
         <file>rtsv7R4_A_le_v3D16_eabi.lib</file>
         <name>strncpy.obj</name>
      </input_file>
      <input_file id="fl-167">
         <path>D:\ti\ccsv6\tools\compiler\ti-cgt-arm_5.2.6\lib\</path>
         <kind>archive</kind>
         <file>rtsv7R4_A_le_v3D16_eabi.lib</file>
         <name>trgdrv.obj</name>
      </input_file>
      <input_file id="fl-168">
         <path>D:\ti\ccsv6\tools\compiler\ti-cgt-arm_5.2.6\lib\</path>
         <kind>archive</kind>
         <file>rtsv7R4_A_le_v3D16_eabi.lib</file>
         <name>trgmsg.obj</name>
      </input_file>
      <input_file id="fl-169">
         <path>D:\ti\ccsv6\tools\compiler\ti-cgt-arm_5.2.6\lib\</path>
         <kind>archive</kind>
         <file>rtsv7R4_A_le_v3D16_eabi.lib</file>
         <name>ull_div32.obj</name>
      </input_file>
      <input_file id="fl-16a">
         <path>D:\ti\ccsv6\tools\compiler\ti-cgt-arm_5.2.6\lib\</path>
         <kind>archive</kind>
         <file>rtsv7R4_A_le_v3D16_eabi.lib</file>
         <name>xdclass.obj</name>
      </input_file>
      <input_file id="fl-16b">
         <path>D:\ti\ccsv6\tools\compiler\ti-cgt-arm_5.2.6\lib\</path>
         <kind>archive</kind>
         <file>rtsv7R4_A_le_v3D16_eabi.lib</file>
         <name>xdnorm.obj</name>
      </input_file>
      <input_file id="fl-16c">
         <path>D:\ti\ccsv6\tools\compiler\ti-cgt-arm_5.2.6\lib\</path>
         <kind>archive</kind>
         <file>rtsv7R4_A_le_v3D16_eabi.lib</file>
         <name>xdscale.obj</name>
      </input_file>
      <input_file id="fl-16d">
         <path>D:\ti\ccsv6\tools\compiler\ti-cgt-arm_5.2.6\lib\</path>
         <kind>archive</kind>
         <file>rtsv7R4_A_le_v3D16_eabi.lib</file>
         <name>xdunscal.obj</name>
      </input_file>
      <input_file id="fl-16e">
         <path>D:\ti\ccsv6\tools\compiler\ti-cgt-arm_5.2.6\lib\</path>
         <kind>archive</kind>
         <file>rtsv7R4_A_le_v3D16_eabi.lib</file>
         <name>_io_perm.obj</name>
      </input_file>
      <input_file id="fl-16f">
         <path>D:\ti\ccsv6\tools\compiler\ti-cgt-arm_5.2.6\lib\</path>
         <kind>archive</kind>
         <file>rtsv7R4_A_le_v3D16_eabi.lib</file>
         <name>fflush.obj</name>
      </input_file>
      <input_file id="fl-170">
         <path>D:\ti\ccsv6\tools\compiler\ti-cgt-arm_5.2.6\lib\</path>
         <kind>archive</kind>
         <file>rtsv7R4_A_le_v3D16_eabi.lib</file>
         <name>fseek.obj</name>
      </input_file>
      <input_file id="fl-171">
         <path>D:\ti\ccsv6\tools\compiler\ti-cgt-arm_5.2.6\lib\</path>
         <kind>archive</kind>
         <file>rtsv7R4_A_le_v3D16_eabi.lib</file>
         <name>i_div32.obj</name>
      </input_file>
      <input_file id="fl-172">
         <path>D:\ti\ccsv6\tools\compiler\ti-cgt-arm_5.2.6\lib\</path>
         <kind>archive</kind>
         <file>rtsv7R4_A_le_v3D16_eabi.lib</file>
         <name>setvbuf.obj</name>
      </input_file>
      <input_file id="fl-173">
         <path>D:\ti\ccsv6\tools\compiler\ti-cgt-arm_5.2.6\lib\</path>
         <kind>archive</kind>
         <file>rtsv7R4_A_le_v3D16_eabi.lib</file>
         <name>strcpy.obj</name>
      </input_file>
      <input_file id="fl-174">
         <path>D:\ti\ccsv6\tools\compiler\ti-cgt-arm_5.2.6\lib\</path>
         <kind>archive</kind>
         <file>rtsv7R4_A_le_v3D16_eabi.lib</file>
         <name>fopen.obj</name>
      </input_file>
      <input_file id="fl-175">
         <path>D:\ti\ccsv6\tools\compiler\ti-cgt-arm_5.2.6\lib\</path>
         <kind>archive</kind>
         <file>rtsv7R4_A_le_v3D16_eabi.lib</file>
         <name>fclose.obj</name>
      </input_file>
      <input_file id="fl-176">
         <path>D:\ti\ccsv6\tools\compiler\ti-cgt-arm_5.2.6\lib\</path>
         <kind>archive</kind>
         <file>rtsv7R4_A_le_v3D16_eabi.lib</file>
         <name>remove.obj</name>
      </input_file>
   </input_file_list>
   <object_component_list>
      <object_component id="oc-2d">
         <name>.intvecs</name>
         <load_address>0x0</load_address>
         <run_address>0x0</run_address>
         <size>0x20</size>
         <input_file_ref idref="fl-c"/>
      </object_component>
      <object_component id="oc-1eb">
         <name>.text</name>
         <load_address>0x20</load_address>
         <run_address>0x20</run_address>
         <size>0x18d0</size>
         <input_file_ref idref="fl-151"/>
      </object_component>
      <object_component id="oc-8e">
         <name>.text</name>
         <load_address>0x18f0</load_address>
         <run_address>0x18f0</run_address>
         <size>0x11c4</size>
         <input_file_ref idref="fl-d"/>
      </object_component>
      <object_component id="oc-d6">
         <name>.text</name>
         <load_address>0x2ab4</load_address>
         <run_address>0x2ab4</run_address>
         <size>0x9c0</size>
         <input_file_ref idref="fl-9"/>
      </object_component>
      <object_component id="oc-77">
         <name>.text</name>
         <load_address>0x3474</load_address>
         <run_address>0x3474</run_address>
         <size>0x980</size>
         <input_file_ref idref="fl-15"/>
      </object_component>
      <object_component id="oc-f9">
         <name>.text</name>
         <load_address>0x3df4</load_address>
         <run_address>0x3df4</run_address>
         <size>0x93c</size>
         <input_file_ref idref="fl-2"/>
      </object_component>
      <object_component id="oc-39">
         <name>.text</name>
         <load_address>0x4730</load_address>
         <run_address>0x4730</run_address>
         <size>0x938</size>
         <input_file_ref idref="fl-14"/>
      </object_component>
      <object_component id="oc-f3">
         <name>.text</name>
         <load_address>0x5068</load_address>
         <run_address>0x5068</run_address>
         <size>0x8f8</size>
         <input_file_ref idref="fl-6"/>
      </object_component>
      <object_component id="oc-7d">
         <name>.text</name>
         <load_address>0x5960</load_address>
         <run_address>0x5960</run_address>
         <size>0x7c4</size>
         <input_file_ref idref="fl-5"/>
      </object_component>
      <object_component id="oc-116">
         <name>.text</name>
         <load_address>0x6124</load_address>
         <run_address>0x6124</run_address>
         <size>0x63c</size>
         <input_file_ref idref="fl-146"/>
      </object_component>
      <object_component id="oc-268">
         <name>.text</name>
         <load_address>0x6760</load_address>
         <run_address>0x6760</run_address>
         <size>0x548</size>
         <input_file_ref idref="fl-15d"/>
      </object_component>
      <object_component id="oc-396">
         <name>.text</name>
         <load_address>0x6ca8</load_address>
         <run_address>0x6ca8</run_address>
         <size>0x4cc</size>
         <input_file_ref idref="fl-167"/>
      </object_component>
      <object_component id="oc-6c">
         <name>.text</name>
         <load_address>0x7174</load_address>
         <run_address>0x7174</run_address>
         <size>0x418</size>
         <input_file_ref idref="fl-a"/>
      </object_component>
      <object_component id="oc-83">
         <name>.text</name>
         <load_address>0x758c</load_address>
         <run_address>0x758c</run_address>
         <size>0x394</size>
         <input_file_ref idref="fl-e"/>
      </object_component>
      <object_component id="oc-38">
         <name>.text:retain</name>
         <load_address>0x7920</load_address>
         <run_address>0x7920</run_address>
         <size>0x34c</size>
         <input_file_ref idref="fl-14"/>
      </object_component>
      <object_component id="oc-37f">
         <name>.text</name>
         <load_address>0x7c6c</load_address>
         <run_address>0x7c6c</run_address>
         <size>0x2d4</size>
         <input_file_ref idref="fl-174"/>
      </object_component>
      <object_component id="oc-27e">
         <name>.text</name>
         <load_address>0x7f40</load_address>
         <run_address>0x7f40</run_address>
         <size>0x2b8</size>
         <input_file_ref idref="fl-169"/>
      </object_component>
      <object_component id="oc-2e0">
         <name>.text</name>
         <load_address>0x81f8</load_address>
         <run_address>0x81f8</run_address>
         <size>0x208</size>
         <input_file_ref idref="fl-157"/>
      </object_component>
      <object_component id="oc-229">
         <name>.text</name>
         <load_address>0x8400</load_address>
         <run_address>0x8400</run_address>
         <size>0x1f0</size>
         <input_file_ref idref="fl-14e"/>
      </object_component>
      <object_component id="oc-1e5">
         <name>.text</name>
         <load_address>0x85f0</load_address>
         <run_address>0x85f0</run_address>
         <size>0x1d4</size>
         <input_file_ref idref="fl-159"/>
      </object_component>
      <object_component id="oc-343">
         <name>.text</name>
         <load_address>0x87c4</load_address>
         <run_address>0x87c4</run_address>
         <size>0x1a8</size>
         <input_file_ref idref="fl-16c"/>
      </object_component>
      <object_component id="oc-10a">
         <name>.text</name>
         <load_address>0x896c</load_address>
         <run_address>0x896c</run_address>
         <size>0x198</size>
         <input_file_ref idref="fl-13d"/>
      </object_component>
      <object_component id="oc-47">
         <name>.text</name>
         <load_address>0x8b04</load_address>
         <run_address>0x8b04</run_address>
         <size>0x180</size>
         <input_file_ref idref="fl-145"/>
      </object_component>
      <object_component id="oc-24">
         <name>.text:retain</name>
         <load_address>0x8c84</load_address>
         <run_address>0x8c84</run_address>
         <size>0x178</size>
         <input_file_ref idref="fl-5"/>
      </object_component>
      <object_component id="oc-370">
         <name>.text</name>
         <load_address>0x8dfc</load_address>
         <run_address>0x8dfc</run_address>
         <size>0x160</size>
         <input_file_ref idref="fl-16b"/>
      </object_component>
      <object_component id="oc-307">
         <name>.text</name>
         <load_address>0x8f5c</load_address>
         <run_address>0x8f5c</run_address>
         <size>0x158</size>
         <input_file_ref idref="fl-172"/>
      </object_component>
      <object_component id="oc-262">
         <name>.text</name>
         <load_address>0x90b4</load_address>
         <run_address>0x90b4</run_address>
         <size>0x130</size>
         <input_file_ref idref="fl-16f"/>
      </object_component>
      <object_component id="oc-25c">
         <name>.text</name>
         <load_address>0x91e4</load_address>
         <run_address>0x91e4</run_address>
         <size>0x118</size>
         <input_file_ref idref="fl-16e"/>
      </object_component>
      <object_component id="oc-105">
         <name>.text</name>
         <load_address>0x92fc</load_address>
         <run_address>0x92fc</run_address>
         <size>0x110</size>
         <input_file_ref idref="fl-12"/>
      </object_component>
      <object_component id="oc-1df">
         <name>.text</name>
         <load_address>0x940c</load_address>
         <run_address>0x940c</run_address>
         <size>0x10c</size>
         <input_file_ref idref="fl-158"/>
      </object_component>
      <object_component id="oc-3da">
         <name>.text</name>
         <load_address>0x9518</load_address>
         <run_address>0x9518</run_address>
         <size>0xfc</size>
         <input_file_ref idref="fl-175"/>
      </object_component>
      <object_component id="oc-13a">
         <name>.text</name>
         <load_address>0x9614</load_address>
         <run_address>0x9614</run_address>
         <size>0xf0</size>
         <input_file_ref idref="fl-13c"/>
      </object_component>
      <object_component id="oc-1fc">
         <name>.text</name>
         <load_address>0x9704</load_address>
         <run_address>0x9704</run_address>
         <size>0xf0</size>
         <input_file_ref idref="fl-14c"/>
      </object_component>
      <object_component id="oc-140">
         <name>.text</name>
         <load_address>0x97f4</load_address>
         <run_address>0x97f4</run_address>
         <size>0xdc</size>
         <input_file_ref idref="fl-13b"/>
      </object_component>
      <object_component id="oc-1e">
         <name>.text:retain</name>
         <load_address>0x98d0</load_address>
         <run_address>0x98d0</run_address>
         <size>0xbc</size>
         <input_file_ref idref="fl-13"/>
      </object_component>
      <object_component id="oc-71">
         <name>.text</name>
         <load_address>0x998c</load_address>
         <run_address>0x998c</run_address>
         <size>0xb4</size>
         <input_file_ref idref="fl-8"/>
      </object_component>
      <object_component id="oc-33b">
         <name>.text</name>
         <load_address>0x9a40</load_address>
         <run_address>0x9a40</run_address>
         <size>0xb4</size>
         <input_file_ref idref="fl-16d"/>
      </object_component>
      <object_component id="oc-60">
         <name>.text</name>
         <load_address>0x9af4</load_address>
         <run_address>0x9af4</run_address>
         <size>0xb0</size>
         <input_file_ref idref="fl-147"/>
      </object_component>
      <object_component id="oc-301">
         <name>.text</name>
         <load_address>0x9ba4</load_address>
         <run_address>0x9ba4</run_address>
         <size>0xa8</size>
         <input_file_ref idref="fl-170"/>
      </object_component>
      <object_component id="oc-88">
         <name>.text</name>
         <load_address>0x9c4c</load_address>
         <run_address>0x9c4c</run_address>
         <size>0xa4</size>
         <input_file_ref idref="fl-13e"/>
      </object_component>
      <object_component id="oc-ff">
         <name>.text</name>
         <load_address>0x9cf0</load_address>
         <run_address>0x9cf0</run_address>
         <size>0xa4</size>
         <input_file_ref idref="fl-148"/>
      </object_component>
      <object_component id="oc-3e9">
         <name>.text</name>
         <load_address>0x9d94</load_address>
         <run_address>0x9d94</run_address>
         <size>0xa4</size>
         <input_file_ref idref="fl-168"/>
      </object_component>
      <object_component id="oc-53">
         <name>.text</name>
         <load_address>0x9e38</load_address>
         <run_address>0x9e38</run_address>
         <size>0x9c</size>
         <input_file_ref idref="fl-140"/>
      </object_component>
      <object_component id="oc-2a7">
         <name>.text</name>
         <load_address>0x9ed4</load_address>
         <run_address>0x9ed4</run_address>
         <size>0x84</size>
         <input_file_ref idref="fl-152"/>
      </object_component>
      <object_component id="oc-eb">
         <name>.text</name>
         <load_address>0x9f58</load_address>
         <run_address>0x9f58</run_address>
         <size>0x84</size>
         <input_file_ref idref="fl-143"/>
      </object_component>
      <object_component id="oc-283">
         <name>.text</name>
         <load_address>0x9fdc</load_address>
         <run_address>0x9fdc</run_address>
         <size>0x80</size>
         <input_file_ref idref="fl-15e"/>
      </object_component>
      <object_component id="oc-94">
         <name>.text</name>
         <load_address>0xa05c</load_address>
         <run_address>0xa05c</run_address>
         <size>0x78</size>
         <input_file_ref idref="fl-144"/>
      </object_component>
      <object_component id="oc-28f">
         <name>.text</name>
         <load_address>0xa0d4</load_address>
         <run_address>0xa0d4</run_address>
         <size>0x68</size>
         <input_file_ref idref="fl-15c"/>
      </object_component>
      <object_component id="oc-3c1">
         <name>.text</name>
         <load_address>0xa13c</load_address>
         <run_address>0xa13c</run_address>
         <size>0x64</size>
         <input_file_ref idref="fl-162"/>
      </object_component>
      <object_component id="oc-2d1">
         <name>.text</name>
         <load_address>0xa1a0</load_address>
         <run_address>0xa1a0</run_address>
         <size>0x58</size>
         <input_file_ref idref="fl-156"/>
      </object_component>
      <object_component id="oc-334">
         <name>.text</name>
         <load_address>0xa1f8</load_address>
         <run_address>0xa1f8</run_address>
         <size>0x54</size>
         <input_file_ref idref="fl-171"/>
      </object_component>
      <object_component id="oc-11c">
         <name>.text</name>
         <load_address>0xa24c</load_address>
         <run_address>0xa24c</run_address>
         <size>0x50</size>
         <input_file_ref idref="fl-14b"/>
      </object_component>
      <object_component id="oc-364">
         <name>.text</name>
         <load_address>0xa29c</load_address>
         <run_address>0xa29c</run_address>
         <size>0x4c</size>
         <input_file_ref idref="fl-161"/>
      </object_component>
      <object_component id="oc-31a">
         <name>.text</name>
         <load_address>0xa2e8</load_address>
         <run_address>0xa2e8</run_address>
         <size>0x48</size>
         <input_file_ref idref="fl-166"/>
      </object_component>
      <object_component id="oc-29b">
         <name>.text</name>
         <load_address>0xa330</load_address>
         <run_address>0xa330</run_address>
         <size>0x48</size>
         <input_file_ref idref="fl-16a"/>
      </object_component>
      <object_component id="oc-204">
         <name>.text</name>
         <load_address>0xa378</load_address>
         <run_address>0xa378</run_address>
         <size>0x44</size>
         <input_file_ref idref="fl-14d"/>
      </object_component>
      <object_component id="oc-110">
         <name>.text</name>
         <load_address>0xa3bc</load_address>
         <run_address>0xa3bc</run_address>
         <size>0x34</size>
         <input_file_ref idref="fl-14a"/>
      </object_component>
      <object_component id="oc-289">
         <name>.text</name>
         <load_address>0xa3f0</load_address>
         <run_address>0xa3f0</run_address>
         <size>0x30</size>
         <input_file_ref idref="fl-15a"/>
      </object_component>
      <object_component id="oc-2a1">
         <name>.text</name>
         <load_address>0xa420</load_address>
         <run_address>0xa420</run_address>
         <size>0x2c</size>
         <input_file_ref idref="fl-15f"/>
      </object_component>
      <object_component id="oc-276">
         <name>.text</name>
         <load_address>0xa44c</load_address>
         <run_address>0xa44c</run_address>
         <size>0x2c</size>
         <input_file_ref idref="fl-160"/>
      </object_component>
      <object_component id="oc-295">
         <name>.text</name>
         <load_address>0xa478</load_address>
         <run_address>0xa478</run_address>
         <size>0x28</size>
         <input_file_ref idref="fl-163"/>
      </object_component>
      <object_component id="oc-314">
         <name>.text</name>
         <load_address>0xa4a0</load_address>
         <run_address>0xa4a0</run_address>
         <size>0x28</size>
         <input_file_ref idref="fl-164"/>
      </object_component>
      <object_component id="oc-23c">
         <name>.text</name>
         <load_address>0xa4c8</load_address>
         <run_address>0xa4c8</run_address>
         <size>0x24</size>
         <input_file_ref idref="fl-150"/>
      </object_component>
      <object_component id="oc-270">
         <name>.text</name>
         <load_address>0xa4ec</load_address>
         <run_address>0xa4ec</run_address>
         <size>0x20</size>
         <input_file_ref idref="fl-165"/>
      </object_component>
      <object_component id="oc-3ef">
         <name>.text</name>
         <load_address>0xa50c</load_address>
         <run_address>0xa50c</run_address>
         <size>0x18</size>
         <input_file_ref idref="fl-173"/>
      </object_component>
      <object_component id="oc-c">
         <name>.text:decompress:none</name>
         <load_address>0xa524</load_address>
         <run_address>0xa524</run_address>
         <size>0x14</size>
         <input_file_ref idref="fl-13f"/>
      </object_component>
      <object_component id="oc-18">
         <name>.text:decompress:ZI</name>
         <load_address>0xa538</load_address>
         <run_address>0xa538</run_address>
         <size>0x10</size>
         <input_file_ref idref="fl-141"/>
      </object_component>
      <object_component id="oc-12">
         <name>.text:decompress:rle24</name>
         <load_address>0xa548</load_address>
         <run_address>0xa548</run_address>
         <size>0x8</size>
         <input_file_ref idref="fl-140"/>
      </object_component>
      <object_component id="oc-12e">
         <name>.text</name>
         <load_address>0xa550</load_address>
         <run_address>0xa550</run_address>
         <size>0x8</size>
         <input_file_ref idref="fl-142"/>
      </object_component>
      <object_component id="oc-134">
         <name>.text</name>
         <load_address>0xa558</load_address>
         <run_address>0xa558</run_address>
         <size>0x8</size>
         <input_file_ref idref="fl-149"/>
      </object_component>
      <object_component id="oc-32">
         <name>.text:retain</name>
         <load_address>0xa560</load_address>
         <run_address>0xa560</run_address>
         <size>0x4</size>
         <input_file_ref idref="fl-10"/>
      </object_component>
      <object_component id="oc-210">
         <name>.text</name>
         <load_address>0xa564</load_address>
         <run_address>0xa564</run_address>
         <size>0x4</size>
         <input_file_ref idref="fl-15b"/>
      </object_component>
      <object_component id="oc-1cc">
         <name>.const:het1PROGRAM</name>
         <load_address>0xa568</load_address>
         <run_address>0xa568</run_address>
         <size>0x3a0</size>
         <input_file_ref idref="fl-6"/>
      </object_component>
      <object_component id="oc-2a">
         <name>.const:s_vim_init</name>
         <load_address>0xa908</load_address>
         <run_address>0xa908</run_address>
         <size>0x200</size>
         <input_file_ref idref="fl-14"/>
      </object_component>
      <object_component id="oc-351">
         <name>.const:.string:_ctypes_</name>
         <load_address>0xab08</load_address>
         <run_address>0xab08</run_address>
         <size>0x101</size>
         <input_file_ref idref="fl-153"/>
      </object_component>
      <object_component id="oc-2c8">
         <name>.const</name>
         <load_address>0xac10</load_address>
         <run_address>0xac10</run_address>
         <size>0x48</size>
         <input_file_ref idref="fl-14c"/>
      </object_component>
      <object_component id="oc-2cb">
         <name>.const:a</name>
         <load_address>0xac58</load_address>
         <run_address>0xac58</run_address>
         <size>0x40</size>
         <input_file_ref idref="fl-14c"/>
      </object_component>
      <object_component id="oc-121">
         <name>.const:$P$T0$1</name>
         <load_address>0xac98</load_address>
         <run_address>0xac98</run_address>
         <size>0x30</size>
         <input_file_ref idref="fl-d"/>
      </object_component>
      <object_component id="oc-2e9">
         <name>.const:c</name>
         <load_address>0xacc8</load_address>
         <run_address>0xacc8</run_address>
         <size>0x30</size>
         <input_file_ref idref="fl-14e"/>
      </object_component>
      <object_component id="oc-2e6">
         <name>.const:s</name>
         <load_address>0xacf8</load_address>
         <run_address>0xacf8</run_address>
         <size>0x30</size>
         <input_file_ref idref="fl-14e"/>
      </object_component>
      <object_component id="oc-1cf">
         <name>.const</name>
         <load_address>0xad28</load_address>
         <run_address>0xad28</run_address>
         <size>0x20</size>
         <input_file_ref idref="fl-6"/>
      </object_component>
      <object_component id="oc-14b">
         <name>.const</name>
         <load_address>0xad48</load_address>
         <run_address>0xad48</run_address>
         <size>0x20</size>
         <input_file_ref idref="fl-d"/>
      </object_component>
      <object_component id="oc-453">
         <name>.cinit..data.load</name>
         <load_address>0xad68</load_address>
         <run_address>0xad68</run_address>
         <size>0x189</size>
      </object_component>
      <object_component id="oc-450">
         <name>__TI_handler_table</name>
         <load_address>0xaef4</load_address>
         <run_address>0xaef4</run_address>
         <size>0xc</size>
      </object_component>
      <object_component id="oc-452">
         <name>.cinit..bss.load</name>
         <load_address>0xaf00</load_address>
         <run_address>0xaf00</run_address>
         <size>0x8</size>
      </object_component>
      <object_component id="oc-451">
         <name>__TI_cinit_table</name>
         <load_address>0xaf08</load_address>
         <run_address>0xaf08</run_address>
         <size>0x10</size>
      </object_component>
      <object_component id="oc-44">
         <name>.sysmem</name>
         <uninitialized>true</uninitialized>
         <run_address>0x8001500</run_address>
         <size>0x8</size>
         <input_file_ref idref="fl-146"/>
      </object_component>
      <object_component id="oc-454">
         <name>.sysmem</name>
         <uninitialized>true</uninitialized>
         <run_address>0x8001500</run_address>
         <size>0x0</size>
      </object_component>
      <object_component id="oc-414">
         <name>.bss:__TI_tmpnams</name>
         <uninitialized>true</uninitialized>
         <run_address>0x800228c</run_address>
         <size>0xa0</size>
         <input_file_ref idref="fl-154"/>
      </object_component>
      <object_component id="oc-41b">
         <name>.bss:__CIOBUF_</name>
         <uninitialized>true</uninitialized>
         <run_address>0x800216c</run_address>
         <size>0x120</size>
         <input_file_ref idref="fl-168"/>
      </object_component>
      <object_component id="oc-147">
         <name>.common:currentPos</name>
         <uninitialized>true</uninitialized>
         <run_address>0x800232c</run_address>
         <size>0x18</size>
      </object_component>
      <object_component id="oc-12d">
         <name>.common:curtime</name>
         <uninitialized>true</uninitialized>
         <run_address>0x800234c</run_address>
         <size>0x4</size>
      </object_component>
      <object_component id="oc-146">
         <name>.common:reltime</name>
         <uninitialized>true</uninitialized>
         <run_address>0x8002354</run_address>
         <size>0x4</size>
      </object_component>
      <object_component id="oc-127">
         <name>.common:duration</name>
         <uninitialized>true</uninitialized>
         <run_address>0x8002350</run_address>
         <size>0x4</size>
      </object_component>
      <object_component id="oc-3f5">
         <name>.common:parmbuf</name>
         <uninitialized>true</uninitialized>
         <run_address>0x8002344</run_address>
         <size>0x8</size>
      </object_component>
      <object_component id="oc-124">
         <name>.data</name>
         <load_address>0x8002134</load_address>
         <run_address>0x8002134</run_address>
         <size>0xc</size>
         <input_file_ref idref="fl-d"/>
      </object_component>
      <object_component id="oc-12a">
         <name>.data:via_breaks</name>
         <load_address>0x80020f8</load_address>
         <run_address>0x80020f8</run_address>
         <size>0x2c</size>
         <input_file_ref idref="fl-d"/>
      </object_component>
      <object_component id="oc-148">
         <name>.data:via_frames</name>
         <load_address>0x8001d00</load_address>
         <run_address>0x8001d00</run_address>
         <size>0x108</size>
         <input_file_ref idref="fl-d"/>
      </object_component>
      <object_component id="oc-157">
         <name>.data</name>
         <load_address>0x8002154</load_address>
         <run_address>0x8002154</run_address>
         <size>0x8</size>
         <input_file_ref idref="fl-144"/>
      </object_component>
      <object_component id="oc-20c">
         <name>.data</name>
         <load_address>0x8002140</load_address>
         <run_address>0x8002140</run_address>
         <size>0xc</size>
         <input_file_ref idref="fl-146"/>
      </object_component>
      <object_component id="oc-231">
         <name>.data</name>
         <load_address>0x8002078</load_address>
         <run_address>0x8002078</run_address>
         <size>0x80</size>
         <input_file_ref idref="fl-14f"/>
      </object_component>
      <object_component id="oc-154">
         <name>.data</name>
         <load_address>0x800214c</load_address>
         <run_address>0x800214c</run_address>
         <size>0x8</size>
         <input_file_ref idref="fl-150"/>
      </object_component>
      <object_component id="oc-1f1">
         <name>.data:_ftable</name>
         <load_address>0x8001e08</load_address>
         <run_address>0x8001e08</run_address>
         <size>0xf0</size>
         <input_file_ref idref="fl-154"/>
      </object_component>
      <object_component id="oc-30f">
         <name>.data</name>
         <load_address>0x8002124</load_address>
         <run_address>0x8002124</run_address>
         <size>0x10</size>
         <input_file_ref idref="fl-154"/>
      </object_component>
      <object_component id="oc-2d7">
         <name>.data</name>
         <load_address>0x8002164</load_address>
         <run_address>0x8002164</run_address>
         <size>0x4</size>
         <input_file_ref idref="fl-155"/>
      </object_component>
      <object_component id="oc-36a">
         <name>.data</name>
         <load_address>0x800215c</load_address>
         <run_address>0x800215c</run_address>
         <size>0x8</size>
         <input_file_ref idref="fl-156"/>
      </object_component>
      <object_component id="oc-320">
         <name>.data</name>
         <load_address>0x8001ef8</load_address>
         <run_address>0x8001ef8</run_address>
         <size>0xd0</size>
         <input_file_ref idref="fl-15d"/>
      </object_component>
      <object_component id="oc-404">
         <name>.data:sigtable</name>
         <load_address>0x8001fc8</load_address>
         <run_address>0x8001fc8</run_address>
         <size>0xb0</size>
         <input_file_ref idref="fl-162"/>
      </object_component>
      <object_component id="oc-3e0">
         <name>.data</name>
         <load_address>0x8002168</load_address>
         <run_address>0x8002168</run_address>
         <size>0x4</size>
         <input_file_ref idref="fl-174"/>
      </object_component>
      <object_component id="oc-18c">
         <name>.debug_info</name>
         <load_address>0x0</load_address>
         <run_address>0x0</run_address>
         <size>0x11d</size>
         <input_file_ref idref="fl-2"/>
      </object_component>
      <object_component id="oc-fa">
         <name>.debug_info</name>
         <load_address>0x11d</load_address>
         <run_address>0x11d</run_address>
         <size>0x17f4</size>
         <input_file_ref idref="fl-2"/>
      </object_component>
      <object_component id="oc-1da">
         <name>.debug_info</name>
         <load_address>0x1911</load_address>
         <run_address>0x1911</run_address>
         <size>0x359</size>
         <input_file_ref idref="fl-2"/>
      </object_component>
      <object_component id="oc-9c">
         <name>.debug_info</name>
         <load_address>0x1c6a</load_address>
         <run_address>0x1c6a</run_address>
         <size>0x157</size>
         <input_file_ref idref="fl-2"/>
      </object_component>
      <object_component id="oc-14f">
         <name>.debug_info</name>
         <load_address>0x1dc1</load_address>
         <run_address>0x1dc1</run_address>
         <size>0x8b</size>
         <input_file_ref idref="fl-2"/>
      </object_component>
      <object_component id="oc-a7">
         <name>.debug_info</name>
         <load_address>0x1e4c</load_address>
         <run_address>0x1e4c</run_address>
         <size>0x18c</size>
         <input_file_ref idref="fl-2"/>
      </object_component>
      <object_component id="oc-15d">
         <name>.debug_info</name>
         <load_address>0x1fd8</load_address>
         <run_address>0x1fd8</run_address>
         <size>0x18b</size>
         <input_file_ref idref="fl-2"/>
      </object_component>
      <object_component id="oc-ac">
         <name>.debug_info</name>
         <load_address>0x2163</load_address>
         <run_address>0x2163</run_address>
         <size>0x86</size>
         <input_file_ref idref="fl-2"/>
      </object_component>
      <object_component id="oc-1f6">
         <name>.debug_info</name>
         <load_address>0x21e9</load_address>
         <run_address>0x21e9</run_address>
         <size>0x4e</size>
         <input_file_ref idref="fl-2"/>
      </object_component>
      <object_component id="oc-1a0">
         <name>.debug_info</name>
         <load_address>0x2237</load_address>
         <run_address>0x2237</run_address>
         <size>0x152</size>
         <input_file_ref idref="fl-2"/>
      </object_component>
      <object_component id="oc-182">
         <name>.debug_info</name>
         <load_address>0x2389</load_address>
         <run_address>0x2389</run_address>
         <size>0x36d</size>
         <input_file_ref idref="fl-2"/>
      </object_component>
      <object_component id="oc-24a">
         <name>.debug_info</name>
         <load_address>0x26f6</load_address>
         <run_address>0x26f6</run_address>
         <size>0x1e2</size>
         <input_file_ref idref="fl-3"/>
      </object_component>
      <object_component id="oc-dd">
         <name>.debug_info</name>
         <load_address>0x28d8</load_address>
         <run_address>0x28d8</run_address>
         <size>0x432</size>
         <input_file_ref idref="fl-3"/>
      </object_component>
      <object_component id="oc-164">
         <name>.debug_info</name>
         <load_address>0x2d0a</load_address>
         <run_address>0x2d0a</run_address>
         <size>0x102</size>
         <input_file_ref idref="fl-3"/>
      </object_component>
      <object_component id="oc-1a5">
         <name>.debug_info</name>
         <load_address>0x2e0c</load_address>
         <run_address>0x2e0c</run_address>
         <size>0x142</size>
         <input_file_ref idref="fl-3"/>
      </object_component>
      <object_component id="oc-169">
         <name>.debug_info</name>
         <load_address>0x2f4e</load_address>
         <run_address>0x2f4e</run_address>
         <size>0x285</size>
         <input_file_ref idref="fl-3"/>
      </object_component>
      <object_component id="oc-16e">
         <name>.debug_info</name>
         <load_address>0x31d3</load_address>
         <run_address>0x31d3</run_address>
         <size>0x44a</size>
         <input_file_ref idref="fl-3"/>
      </object_component>
      <object_component id="oc-173">
         <name>.debug_info</name>
         <load_address>0x361d</load_address>
         <run_address>0x361d</run_address>
         <size>0x1f9</size>
         <input_file_ref idref="fl-3"/>
      </object_component>
      <object_component id="oc-178">
         <name>.debug_info</name>
         <load_address>0x3816</load_address>
         <run_address>0x3816</run_address>
         <size>0x152</size>
         <input_file_ref idref="fl-3"/>
      </object_component>
      <object_component id="oc-17d">
         <name>.debug_info</name>
         <load_address>0x3968</load_address>
         <run_address>0x3968</run_address>
         <size>0x70a</size>
         <input_file_ref idref="fl-3"/>
      </object_component>
      <object_component id="oc-e9">
         <name>.debug_info</name>
         <load_address>0x4072</load_address>
         <run_address>0x4072</run_address>
         <size>0x1a0</size>
         <input_file_ref idref="fl-5"/>
      </object_component>
      <object_component id="oc-7e">
         <name>.debug_info</name>
         <load_address>0x4212</load_address>
         <run_address>0x4212</run_address>
         <size>0x10c3</size>
         <input_file_ref idref="fl-5"/>
      </object_component>
      <object_component id="oc-25">
         <name>.debug_info</name>
         <load_address>0x52d5</load_address>
         <run_address>0x52d5</run_address>
         <size>0x1ab</size>
         <input_file_ref idref="fl-5"/>
      </object_component>
      <object_component id="oc-e4">
         <name>.debug_info</name>
         <load_address>0x5480</load_address>
         <run_address>0x5480</run_address>
         <size>0x168</size>
         <input_file_ref idref="fl-5"/>
      </object_component>
      <object_component id="oc-1d3">
         <name>.debug_info</name>
         <load_address>0x55e8</load_address>
         <run_address>0x55e8</run_address>
         <size>0x192</size>
         <input_file_ref idref="fl-6"/>
      </object_component>
      <object_component id="oc-1d0">
         <name>.debug_info</name>
         <load_address>0x577a</load_address>
         <run_address>0x577a</run_address>
         <size>0xec</size>
         <input_file_ref idref="fl-6"/>
      </object_component>
      <object_component id="oc-1cd">
         <name>.debug_info</name>
         <load_address>0x5866</load_address>
         <run_address>0x5866</run_address>
         <size>0xe0</size>
         <input_file_ref idref="fl-6"/>
      </object_component>
      <object_component id="oc-f4">
         <name>.debug_info</name>
         <load_address>0x5946</load_address>
         <run_address>0x5946</run_address>
         <size>0xdc8</size>
         <input_file_ref idref="fl-6"/>
      </object_component>
      <object_component id="oc-c6">
         <name>.debug_info</name>
         <load_address>0x670e</load_address>
         <run_address>0x670e</run_address>
         <size>0x2c</size>
         <input_file_ref idref="fl-6"/>
      </object_component>
      <object_component id="oc-1aa">
         <name>.debug_info</name>
         <load_address>0x673a</load_address>
         <run_address>0x673a</run_address>
         <size>0x3d3</size>
         <input_file_ref idref="fl-6"/>
      </object_component>
      <object_component id="oc-1d4">
         <name>.debug_info</name>
         <load_address>0x6b0d</load_address>
         <run_address>0x6b0d</run_address>
         <size>0x2e3</size>
         <input_file_ref idref="fl-6"/>
      </object_component>
      <object_component id="oc-d0">
         <name>.debug_info</name>
         <load_address>0x6df0</load_address>
         <run_address>0x6df0</run_address>
         <size>0x213</size>
         <input_file_ref idref="fl-8"/>
      </object_component>
      <object_component id="oc-72">
         <name>.debug_info</name>
         <load_address>0x7003</load_address>
         <run_address>0x7003</run_address>
         <size>0x8a7</size>
         <input_file_ref idref="fl-8"/>
      </object_component>
      <object_component id="oc-19b">
         <name>.debug_info</name>
         <load_address>0x78aa</load_address>
         <run_address>0x78aa</run_address>
         <size>0xadd</size>
         <input_file_ref idref="fl-8"/>
      </object_component>
      <object_component id="oc-d1">
         <name>.debug_info</name>
         <load_address>0x8387</load_address>
         <run_address>0x8387</run_address>
         <size>0x6eb</size>
         <input_file_ref idref="fl-8"/>
      </object_component>
      <object_component id="oc-24e">
         <name>.debug_info</name>
         <load_address>0x8a72</load_address>
         <run_address>0x8a72</run_address>
         <size>0x115</size>
         <input_file_ref idref="fl-9"/>
      </object_component>
      <object_component id="oc-d7">
         <name>.debug_info</name>
         <load_address>0x8b87</load_address>
         <run_address>0x8b87</run_address>
         <size>0x11f</size>
         <input_file_ref idref="fl-9"/>
      </object_component>
      <object_component id="oc-1b7">
         <name>.debug_info</name>
         <load_address>0x8ca6</load_address>
         <run_address>0x8ca6</run_address>
         <size>0x199</size>
         <input_file_ref idref="fl-9"/>
      </object_component>
      <object_component id="oc-6d">
         <name>.debug_info</name>
         <load_address>0x8e3f</load_address>
         <run_address>0x8e3f</run_address>
         <size>0x819</size>
         <input_file_ref idref="fl-a"/>
      </object_component>
      <object_component id="oc-2e">
         <name>.debug_info</name>
         <load_address>0x9658</load_address>
         <run_address>0x9658</run_address>
         <size>0x10f</size>
         <input_file_ref idref="fl-c"/>
      </object_component>
      <object_component id="oc-128">
         <name>.debug_info</name>
         <load_address>0x9767</load_address>
         <run_address>0x9767</run_address>
         <size>0x781</size>
         <input_file_ref idref="fl-d"/>
      </object_component>
      <object_component id="oc-125">
         <name>.debug_info</name>
         <load_address>0x9ee8</load_address>
         <run_address>0x9ee8</run_address>
         <size>0x15d</size>
         <input_file_ref idref="fl-d"/>
      </object_component>
      <object_component id="oc-14c">
         <name>.debug_info</name>
         <load_address>0xa045</load_address>
         <run_address>0xa045</run_address>
         <size>0xf1</size>
         <input_file_ref idref="fl-d"/>
      </object_component>
      <object_component id="oc-12b">
         <name>.debug_info</name>
         <load_address>0xa136</load_address>
         <run_address>0xa136</run_address>
         <size>0xe4</size>
         <input_file_ref idref="fl-d"/>
      </object_component>
      <object_component id="oc-149">
         <name>.debug_info</name>
         <load_address>0xa21a</load_address>
         <run_address>0xa21a</run_address>
         <size>0xe4</size>
         <input_file_ref idref="fl-d"/>
      </object_component>
      <object_component id="oc-122">
         <name>.debug_info</name>
         <load_address>0xa2fe</load_address>
         <run_address>0xa2fe</run_address>
         <size>0xdd</size>
         <input_file_ref idref="fl-d"/>
      </object_component>
      <object_component id="oc-8f">
         <name>.debug_info</name>
         <load_address>0xa3db</load_address>
         <run_address>0xa3db</run_address>
         <size>0xee5</size>
         <input_file_ref idref="fl-d"/>
      </object_component>
      <object_component id="oc-222">
         <name>.debug_info</name>
         <load_address>0xb2c0</load_address>
         <run_address>0xb2c0</run_address>
         <size>0xc8</size>
         <input_file_ref idref="fl-d"/>
      </object_component>
      <object_component id="oc-21d">
         <name>.debug_info</name>
         <load_address>0xb388</load_address>
         <run_address>0xb388</run_address>
         <size>0x70</size>
         <input_file_ref idref="fl-d"/>
      </object_component>
      <object_component id="oc-84">
         <name>.debug_info</name>
         <load_address>0xb3f8</load_address>
         <run_address>0xb3f8</run_address>
         <size>0x446</size>
         <input_file_ref idref="fl-e"/>
      </object_component>
      <object_component id="oc-24d">
         <name>.debug_info</name>
         <load_address>0xb83e</load_address>
         <run_address>0xb83e</run_address>
         <size>0x156</size>
         <input_file_ref idref="fl-f"/>
      </object_component>
      <object_component id="oc-1b2">
         <name>.debug_info</name>
         <load_address>0xb994</load_address>
         <run_address>0xb994</run_address>
         <size>0x457</size>
         <input_file_ref idref="fl-f"/>
      </object_component>
      <object_component id="oc-33">
         <name>.debug_info</name>
         <load_address>0xbdeb</load_address>
         <run_address>0xbdeb</run_address>
         <size>0x140</size>
         <input_file_ref idref="fl-10"/>
      </object_component>
      <object_component id="oc-106">
         <name>.debug_info</name>
         <load_address>0xbf2b</load_address>
         <run_address>0xbf2b</run_address>
         <size>0x38f</size>
         <input_file_ref idref="fl-12"/>
      </object_component>
      <object_component id="oc-1f">
         <name>.debug_info</name>
         <load_address>0xc2ba</load_address>
         <run_address>0xc2ba</run_address>
         <size>0x2b6</size>
         <input_file_ref idref="fl-13"/>
      </object_component>
      <object_component id="oc-a3">
         <name>.debug_info</name>
         <load_address>0xc570</load_address>
         <run_address>0xc570</run_address>
         <size>0x2a3</size>
         <input_file_ref idref="fl-14"/>
      </object_component>
      <object_component id="oc-2b">
         <name>.debug_info</name>
         <load_address>0xc813</load_address>
         <run_address>0xc813</run_address>
         <size>0xe2</size>
         <input_file_ref idref="fl-14"/>
      </object_component>
      <object_component id="oc-3a">
         <name>.debug_info</name>
         <load_address>0xc8f5</load_address>
         <run_address>0xc8f5</run_address>
         <size>0x492</size>
         <input_file_ref idref="fl-14"/>
      </object_component>
      <object_component id="oc-3f">
         <name>.debug_info</name>
         <load_address>0xcd87</load_address>
         <run_address>0xcd87</run_address>
         <size>0x1fd</size>
         <input_file_ref idref="fl-14"/>
      </object_component>
      <object_component id="oc-187">
         <name>.debug_info</name>
         <load_address>0xcf84</load_address>
         <run_address>0xcf84</run_address>
         <size>0x5d</size>
         <input_file_ref idref="fl-14"/>
      </object_component>
      <object_component id="oc-e2">
         <name>.debug_info</name>
         <load_address>0xcfe1</load_address>
         <run_address>0xcfe1</run_address>
         <size>0x253</size>
         <input_file_ref idref="fl-15"/>
      </object_component>
      <object_component id="oc-78">
         <name>.debug_info</name>
         <load_address>0xd234</load_address>
         <run_address>0xd234</run_address>
         <size>0x592</size>
         <input_file_ref idref="fl-15"/>
      </object_component>
      <object_component id="oc-237">
         <name>.debug_info</name>
         <load_address>0xd7c6</load_address>
         <run_address>0xd7c6</run_address>
         <size>0x160</size>
         <input_file_ref idref="fl-13b"/>
      </object_component>
      <object_component id="oc-143">
         <name>.debug_info</name>
         <load_address>0xd926</load_address>
         <run_address>0xd926</run_address>
         <size>0x164</size>
         <input_file_ref idref="fl-13b"/>
      </object_component>
      <object_component id="oc-2ef">
         <name>.debug_info</name>
         <load_address>0xda8a</load_address>
         <run_address>0xda8a</run_address>
         <size>0x86</size>
         <input_file_ref idref="fl-13b"/>
      </object_component>
      <object_component id="oc-be">
         <name>.debug_info</name>
         <load_address>0xdb10</load_address>
         <run_address>0xdb10</run_address>
         <size>0x84</size>
         <input_file_ref idref="fl-13b"/>
      </object_component>
      <object_component id="oc-235">
         <name>.debug_info</name>
         <load_address>0xdb94</load_address>
         <run_address>0xdb94</run_address>
         <size>0x160</size>
         <input_file_ref idref="fl-13c"/>
      </object_component>
      <object_component id="oc-13e">
         <name>.debug_info</name>
         <load_address>0xdcf4</load_address>
         <run_address>0xdcf4</run_address>
         <size>0x164</size>
         <input_file_ref idref="fl-13c"/>
      </object_component>
      <object_component id="oc-203">
         <name>.debug_info</name>
         <load_address>0xde58</load_address>
         <run_address>0xde58</run_address>
         <size>0xfe</size>
         <input_file_ref idref="fl-13d"/>
      </object_component>
      <object_component id="oc-10b">
         <name>.debug_info</name>
         <load_address>0xdf56</load_address>
         <run_address>0xdf56</run_address>
         <size>0x1b1</size>
         <input_file_ref idref="fl-13d"/>
      </object_component>
      <object_component id="oc-f2">
         <name>.debug_info</name>
         <load_address>0xe107</load_address>
         <run_address>0xe107</run_address>
         <size>0x286</size>
         <input_file_ref idref="fl-13e"/>
      </object_component>
      <object_component id="oc-8b">
         <name>.debug_info</name>
         <load_address>0xe38d</load_address>
         <run_address>0xe38d</run_address>
         <size>0x140</size>
         <input_file_ref idref="fl-13e"/>
      </object_component>
      <object_component id="oc-1c2">
         <name>.debug_info</name>
         <load_address>0xe4cd</load_address>
         <run_address>0xe4cd</run_address>
         <size>0x39</size>
         <input_file_ref idref="fl-13e"/>
      </object_component>
      <object_component id="oc-1c7">
         <name>.debug_info</name>
         <load_address>0xe506</load_address>
         <run_address>0xe506</run_address>
         <size>0xcd</size>
         <input_file_ref idref="fl-13e"/>
      </object_component>
      <object_component id="oc-52">
         <name>.debug_info</name>
         <load_address>0xe5d3</load_address>
         <run_address>0xe5d3</run_address>
         <size>0x104</size>
         <input_file_ref idref="fl-13f"/>
      </object_component>
      <object_component id="oc-10">
         <name>.debug_info</name>
         <load_address>0xe6d7</load_address>
         <run_address>0xe6d7</run_address>
         <size>0x193</size>
         <input_file_ref idref="fl-13f"/>
      </object_component>
      <object_component id="oc-4d">
         <name>.debug_info</name>
         <load_address>0xe86a</load_address>
         <run_address>0xe86a</run_address>
         <size>0x46</size>
         <input_file_ref idref="fl-13f"/>
      </object_component>
      <object_component id="oc-b7">
         <name>.debug_info</name>
         <load_address>0xe8b0</load_address>
         <run_address>0xe8b0</run_address>
         <size>0x2c</size>
         <input_file_ref idref="fl-13f"/>
      </object_component>
      <object_component id="oc-5a">
         <name>.debug_info</name>
         <load_address>0xe8dc</load_address>
         <run_address>0xe8dc</run_address>
         <size>0xfd</size>
         <input_file_ref idref="fl-140"/>
      </object_component>
      <object_component id="oc-56">
         <name>.debug_info</name>
         <load_address>0xe9d9</load_address>
         <run_address>0xe9d9</run_address>
         <size>0x210</size>
         <input_file_ref idref="fl-140"/>
      </object_component>
      <object_component id="oc-13">
         <name>.debug_info</name>
         <load_address>0xebe9</load_address>
         <run_address>0xebe9</run_address>
         <size>0x17a</size>
         <input_file_ref idref="fl-140"/>
      </object_component>
      <object_component id="oc-5b">
         <name>.debug_info</name>
         <load_address>0xed63</load_address>
         <run_address>0xed63</run_address>
         <size>0x39</size>
         <input_file_ref idref="fl-140"/>
      </object_component>
      <object_component id="oc-6b">
         <name>.debug_info</name>
         <load_address>0xed9c</load_address>
         <run_address>0xed9c</run_address>
         <size>0xf3</size>
         <input_file_ref idref="fl-141"/>
      </object_component>
      <object_component id="oc-1c">
         <name>.debug_info</name>
         <load_address>0xee8f</load_address>
         <run_address>0xee8f</run_address>
         <size>0x15e</size>
         <input_file_ref idref="fl-141"/>
      </object_component>
      <object_component id="oc-66">
         <name>.debug_info</name>
         <load_address>0xefed</load_address>
         <run_address>0xefed</run_address>
         <size>0x46</size>
         <input_file_ref idref="fl-141"/>
      </object_component>
      <object_component id="oc-130">
         <name>.debug_info</name>
         <load_address>0xf033</load_address>
         <run_address>0xf033</run_address>
         <size>0xfe</size>
         <input_file_ref idref="fl-142"/>
      </object_component>
      <object_component id="oc-1bf">
         <name>.debug_info</name>
         <load_address>0xf131</load_address>
         <run_address>0xf131</run_address>
         <size>0x1a9</size>
         <input_file_ref idref="fl-143"/>
      </object_component>
      <object_component id="oc-ef">
         <name>.debug_info</name>
         <load_address>0xf2da</load_address>
         <run_address>0xf2da</run_address>
         <size>0x14c</size>
         <input_file_ref idref="fl-143"/>
      </object_component>
      <object_component id="oc-251">
         <name>.debug_info</name>
         <load_address>0xf426</load_address>
         <run_address>0xf426</run_address>
         <size>0x2c</size>
         <input_file_ref idref="fl-143"/>
      </object_component>
      <object_component id="oc-15b">
         <name>.debug_info</name>
         <load_address>0xf452</load_address>
         <run_address>0xf452</run_address>
         <size>0x15a</size>
         <input_file_ref idref="fl-144"/>
      </object_component>
      <object_component id="oc-158">
         <name>.debug_info</name>
         <load_address>0xf5ac</load_address>
         <run_address>0xf5ac</run_address>
         <size>0xff</size>
         <input_file_ref idref="fl-144"/>
      </object_component>
      <object_component id="oc-96">
         <name>.debug_info</name>
         <load_address>0xf6ab</load_address>
         <run_address>0xf6ab</run_address>
         <size>0x1d6</size>
         <input_file_ref idref="fl-144"/>
      </object_component>
      <object_component id="oc-49">
         <name>.debug_info</name>
         <load_address>0xf881</load_address>
         <run_address>0xf881</run_address>
         <size>0x149</size>
         <input_file_ref idref="fl-145"/>
      </object_component>
      <object_component id="oc-b4">
         <name>.debug_info</name>
         <load_address>0xf9ca</load_address>
         <run_address>0xf9ca</run_address>
         <size>0x1eb</size>
         <input_file_ref idref="fl-146"/>
      </object_component>
      <object_component id="oc-45">
         <name>.debug_info</name>
         <load_address>0xfbb5</load_address>
         <run_address>0xfbb5</run_address>
         <size>0xca</size>
         <input_file_ref idref="fl-146"/>
      </object_component>
      <object_component id="oc-20d">
         <name>.debug_info</name>
         <load_address>0xfc7f</load_address>
         <run_address>0xfc7f</run_address>
         <size>0x115</size>
         <input_file_ref idref="fl-146"/>
      </object_component>
      <object_component id="oc-117">
         <name>.debug_info</name>
         <load_address>0xfd94</load_address>
         <run_address>0xfd94</run_address>
         <size>0x849</size>
         <input_file_ref idref="fl-146"/>
      </object_component>
      <object_component id="oc-18f">
         <name>.debug_info</name>
         <load_address>0x105dd</load_address>
         <run_address>0x105dd</run_address>
         <size>0x2c</size>
         <input_file_ref idref="fl-146"/>
      </object_component>
      <object_component id="oc-194">
         <name>.debug_info</name>
         <load_address>0x10609</load_address>
         <run_address>0x10609</run_address>
         <size>0x62</size>
         <input_file_ref idref="fl-146"/>
      </object_component>
      <object_component id="oc-62">
         <name>.debug_info</name>
         <load_address>0x1066b</load_address>
         <run_address>0x1066b</run_address>
         <size>0x111</size>
         <input_file_ref idref="fl-147"/>
      </object_component>
      <object_component id="oc-1f5">
         <name>.debug_info</name>
         <load_address>0x1077c</load_address>
         <run_address>0x1077c</run_address>
         <size>0x1f5</size>
         <input_file_ref idref="fl-148"/>
      </object_component>
      <object_component id="oc-103">
         <name>.debug_info</name>
         <load_address>0x10971</load_address>
         <run_address>0x10971</run_address>
         <size>0x24d</size>
         <input_file_ref idref="fl-148"/>
      </object_component>
      <object_component id="oc-2c3">
         <name>.debug_info</name>
         <load_address>0x10bbe</load_address>
         <run_address>0x10bbe</run_address>
         <size>0xae</size>
         <input_file_ref idref="fl-148"/>
      </object_component>
      <object_component id="oc-135">
         <name>.debug_info</name>
         <load_address>0x10c6c</load_address>
         <run_address>0x10c6c</run_address>
         <size>0xfe</size>
         <input_file_ref idref="fl-149"/>
      </object_component>
      <object_component id="oc-20b">
         <name>.debug_info</name>
         <load_address>0x10d6a</load_address>
         <run_address>0x10d6a</run_address>
         <size>0xe7</size>
         <input_file_ref idref="fl-14a"/>
      </object_component>
      <object_component id="oc-114">
         <name>.debug_info</name>
         <load_address>0x10e51</load_address>
         <run_address>0x10e51</run_address>
         <size>0x11e</size>
         <input_file_ref idref="fl-14a"/>
      </object_component>
      <object_component id="oc-11e">
         <name>.debug_info</name>
         <load_address>0x10f6f</load_address>
         <run_address>0x10f6f</run_address>
         <size>0x116</size>
         <input_file_ref idref="fl-14b"/>
      </object_component>
      <object_component id="oc-361">
         <name>.debug_info</name>
         <load_address>0x11085</load_address>
         <run_address>0x11085</run_address>
         <size>0xf7</size>
         <input_file_ref idref="fl-14c"/>
      </object_component>
      <object_component id="oc-2c9">
         <name>.debug_info</name>
         <load_address>0x1117c</load_address>
         <run_address>0x1117c</run_address>
         <size>0xf4</size>
         <input_file_ref idref="fl-14c"/>
      </object_component>
      <object_component id="oc-2cc">
         <name>.debug_info</name>
         <load_address>0x11270</load_address>
         <run_address>0x11270</run_address>
         <size>0xb4</size>
         <input_file_ref idref="fl-14c"/>
      </object_component>
      <object_component id="oc-1fe">
         <name>.debug_info</name>
         <load_address>0x11324</load_address>
         <run_address>0x11324</run_address>
         <size>0x12c</size>
         <input_file_ref idref="fl-14c"/>
      </object_component>
      <object_component id="oc-206">
         <name>.debug_info</name>
         <load_address>0x11450</load_address>
         <run_address>0x11450</run_address>
         <size>0x13b</size>
         <input_file_ref idref="fl-14d"/>
      </object_component>
      <object_component id="oc-37a">
         <name>.debug_info</name>
         <load_address>0x1158b</load_address>
         <run_address>0x1158b</run_address>
         <size>0x166</size>
         <input_file_ref idref="fl-14e"/>
      </object_component>
      <object_component id="oc-2ea">
         <name>.debug_info</name>
         <load_address>0x116f1</load_address>
         <run_address>0x116f1</run_address>
         <size>0xb3</size>
         <input_file_ref idref="fl-14e"/>
      </object_component>
      <object_component id="oc-2e7">
         <name>.debug_info</name>
         <load_address>0x117a4</load_address>
         <run_address>0x117a4</run_address>
         <size>0xb3</size>
         <input_file_ref idref="fl-14e"/>
      </object_component>
      <object_component id="oc-22b">
         <name>.debug_info</name>
         <load_address>0x11857</load_address>
         <run_address>0x11857</run_address>
         <size>0x186</size>
         <input_file_ref idref="fl-14e"/>
      </object_component>
      <object_component id="oc-232">
         <name>.debug_info</name>
         <load_address>0x119dd</load_address>
         <run_address>0x119dd</run_address>
         <size>0x19d</size>
         <input_file_ref idref="fl-14f"/>
      </object_component>
      <object_component id="oc-244">
         <name>.debug_info</name>
         <load_address>0x11b7a</load_address>
         <run_address>0x11b7a</run_address>
         <size>0xed</size>
         <input_file_ref idref="fl-150"/>
      </object_component>
      <object_component id="oc-155">
         <name>.debug_info</name>
         <load_address>0x11c67</load_address>
         <run_address>0x11c67</run_address>
         <size>0xdc</size>
         <input_file_ref idref="fl-150"/>
      </object_component>
      <object_component id="oc-23d">
         <name>.debug_info</name>
         <load_address>0x11d43</load_address>
         <run_address>0x11d43</run_address>
         <size>0x1e8</size>
         <input_file_ref idref="fl-150"/>
      </object_component>
      <object_component id="oc-2ae">
         <name>.debug_info</name>
         <load_address>0x11f2b</load_address>
         <run_address>0x11f2b</run_address>
         <size>0x31b</size>
         <input_file_ref idref="fl-151"/>
      </object_component>
      <object_component id="oc-1ed">
         <name>.debug_info</name>
         <load_address>0x12246</load_address>
         <run_address>0x12246</run_address>
         <size>0x13e1</size>
         <input_file_ref idref="fl-151"/>
      </object_component>
      <object_component id="oc-2af">
         <name>.debug_info</name>
         <load_address>0x13627</load_address>
         <run_address>0x13627</run_address>
         <size>0x86</size>
         <input_file_ref idref="fl-151"/>
      </object_component>
      <object_component id="oc-2b4">
         <name>.debug_info</name>
         <load_address>0x136ad</load_address>
         <run_address>0x136ad</run_address>
         <size>0x2c</size>
         <input_file_ref idref="fl-151"/>
      </object_component>
      <object_component id="oc-358">
         <name>.debug_info</name>
         <load_address>0x136d9</load_address>
         <run_address>0x136d9</run_address>
         <size>0x46</size>
         <input_file_ref idref="fl-151"/>
      </object_component>
      <object_component id="oc-2b9">
         <name>.debug_info</name>
         <load_address>0x1371f</load_address>
         <run_address>0x1371f</run_address>
         <size>0x39</size>
         <input_file_ref idref="fl-151"/>
      </object_component>
      <object_component id="oc-355">
         <name>.debug_info</name>
         <load_address>0x13758</load_address>
         <run_address>0x13758</run_address>
         <size>0xdd</size>
         <input_file_ref idref="fl-152"/>
      </object_component>
      <object_component id="oc-2a9">
         <name>.debug_info</name>
         <load_address>0x13835</load_address>
         <run_address>0x13835</run_address>
         <size>0x13a</size>
         <input_file_ref idref="fl-152"/>
      </object_component>
      <object_component id="oc-3bc">
         <name>.debug_info</name>
         <load_address>0x1396f</load_address>
[...]
         <object_component_ref idref="oc-c"/>
      </symbol>
      <symbol id="sm-585">
         <name>__TI_decompress_rle24</name>
         <value>0xa548</value>
         <object_component_ref idref="oc-12"/>
      </symbol>
      <symbol id="sm-597">
         <name>__TI_zero_init</name>
         <value>0xa538</value>
         <object_component_ref idref="oc-18"/>
      </symbol>
      <symbol id="sm-5a1">
         <name>cos</name>
         <value>0xa550</value>
         <object_component_ref idref="oc-12e"/>
      </symbol>
      <symbol id="sm-5bb">
         <name>copy_in</name>
         <value>0x9f58</value>
         <object_component_ref idref="oc-eb"/>
      </symbol>
      <symbol id="sm-5db">
         <name>C$$EXIT</name>
         <value>0xa05c</value>
         <object_component_ref idref="oc-94"/>
      </symbol>
      <symbol id="sm-5dc">
         <name>abort</name>
         <value>0xa064</value>
         <object_component_ref idref="oc-94"/>
      </symbol>
      <symbol id="sm-5dd">
         <name>exit</name>
         <value>0xa070</value>
         <object_component_ref idref="oc-94"/>
      </symbol>
      <symbol id="sm-5de">
         <name>__TI_dtors_ptr</name>
         <value>0x8002158</value>
         <object_component_ref idref="oc-157"/>
      </symbol>
      <symbol id="sm-5df">
         <name>__TI_cleanup_ptr</name>
         <value>0x8002154</value>
         <object_component_ref idref="oc-157"/>
      </symbol>
      <symbol id="sm-5f8">
         <name>memcpy</name>
         <value>0x8b04</value>
         <object_component_ref idref="oc-47"/>
      </symbol>
      <symbol id="sm-5f9">
         <name>__aeabi_memcpy</name>
         <value>0x8b04</value>
         <object_component_ref idref="oc-47"/>
      </symbol>
      <symbol id="sm-5fa">
         <name>__aeabi_memcpy8</name>
         <value>0x8b04</value>
         <object_component_ref idref="oc-47"/>
      </symbol>
      <symbol id="sm-5fb">
         <name>__aeabi_memcpy4</name>
         <value>0x8b04</value>
         <object_component_ref idref="oc-47"/>
      </symbol>
      <symbol id="sm-664">
         <name>_sys_memory</name>
         <value>0x8001500</value>
         <object_component_ref idref="oc-44"/>
      </symbol>
      <symbol id="sm-665">
         <name>free</name>
         <value>0x62dc</value>
         <object_component_ref idref="oc-116"/>
      </symbol>
      <symbol id="sm-666">
         <name>realloc</name>
         <value>0x6434</value>
         <object_component_ref idref="oc-116"/>
      </symbol>
      <symbol id="sm-667">
         <name>memalign</name>
         <value>0x65c8</value>
         <object_component_ref idref="oc-116"/>
      </symbol>
      <symbol id="sm-668">
         <name>calloc</name>
         <value>0x6708</value>
         <object_component_ref idref="oc-116"/>
      </symbol>
      <symbol id="sm-669">
         <name>malloc</name>
         <value>0x6220</value>
         <object_component_ref idref="oc-116"/>
      </symbol>
      <symbol id="sm-66a">
         <name>minit</name>
         <value>0x6124</value>
         <object_component_ref idref="oc-116"/>
      </symbol>
      <symbol id="sm-679">
         <name>__aeabi_memset</name>
         <value>0x9af8</value>
         <object_component_ref idref="oc-60"/>
      </symbol>
      <symbol id="sm-67a">
         <name>memset</name>
         <value>0x9b04</value>
         <object_component_ref idref="oc-60"/>
      </symbol>
      <symbol id="sm-67b">
         <name>__aeabi_memset8</name>
         <value>0x9af8</value>
         <object_component_ref idref="oc-60"/>
      </symbol>
      <symbol id="sm-67c">
         <name>__aeabi_memset4</name>
         <value>0x9af8</value>
         <object_component_ref idref="oc-60"/>
      </symbol>
      <symbol id="sm-67d">
         <name>__aeabi_memclr8</name>
         <value>0x9af4</value>
         <object_component_ref idref="oc-60"/>
      </symbol>
      <symbol id="sm-67e">
         <name>__aeabi_memclr4</name>
         <value>0x9af4</value>
         <object_component_ref idref="oc-60"/>
      </symbol>
      <symbol id="sm-67f">
         <name>__aeabi_memclr</name>
         <value>0x9af4</value>
         <object_component_ref idref="oc-60"/>
      </symbol>
      <symbol id="sm-69d">
         <name>printf</name>
         <value>0x9cf8</value>
         <object_component_ref idref="oc-ff"/>
      </symbol>
      <symbol id="sm-6a7">
         <name>sin</name>
         <value>0xa558</value>
         <object_component_ref idref="oc-134"/>
      </symbol>
      <symbol id="sm-6b7">
         <name>sqrt</name>
         <value>0xa3bc</value>
         <object_component_ref idref="oc-110"/>
      </symbol>
      <symbol id="sm-6c5">
         <name>__aeabi_uidivmod</name>
         <value>0xa24c</value>
         <object_component_ref idref="oc-11c"/>
      </symbol>
      <symbol id="sm-6c6">
         <name>__aeabi_uidiv</name>
         <value>0xa24c</value>
         <object_component_ref idref="oc-11c"/>
      </symbol>
      <symbol id="sm-6f2">
         <name>_Atan</name>
         <value>0x9704</value>
         <object_component_ref idref="oc-1fc"/>
      </symbol>
      <symbol id="sm-6ff">
         <name>_Feraise</name>
         <value>0xa378</value>
         <object_component_ref idref="oc-204"/>
      </symbol>
      <symbol id="sm-730">
         <name>_Sin</name>
         <value>0x8400</value>
         <object_component_ref idref="oc-229"/>
      </symbol>
      <symbol id="sm-740">
         <name>_Rteps</name>
         <value>0x80020d8</value>
         <object_component_ref idref="oc-231"/>
      </symbol>
      <symbol id="sm-741">
         <name>_Zero</name>
         <value>0x80020f0</value>
         <object_component_ref idref="oc-231"/>
      </symbol>
      <symbol id="sm-742">
         <name>_Hugeval</name>
         <value>0x8002098</value>
         <object_component_ref idref="oc-231"/>
      </symbol>
      <symbol id="sm-743">
         <name>_Snan</name>
         <value>0x80020c8</value>
         <object_component_ref idref="oc-231"/>
      </symbol>
      <symbol id="sm-744">
         <name>_Nan</name>
         <value>0x80020b8</value>
         <object_component_ref idref="oc-231"/>
      </symbol>
      <symbol id="sm-745">
         <name>_Inf</name>
         <value>0x80020a8</value>
         <object_component_ref idref="oc-231"/>
      </symbol>
      <symbol id="sm-746">
         <name>_Xbig</name>
         <value>0x80020e8</value>
         <object_component_ref idref="oc-231"/>
      </symbol>
      <symbol id="sm-747">
         <name>_Eps</name>
         <value>0x8002088</value>
         <object_component_ref idref="oc-231"/>
      </symbol>
      <symbol id="sm-748">
         <name>_Denorm</name>
         <value>0x8002078</value>
         <object_component_ref idref="oc-231"/>
      </symbol>
      <symbol id="sm-762">
         <name>_nop</name>
         <value>0xa4e0</value>
         <object_component_ref idref="oc-23c"/>
      </symbol>
      <symbol id="sm-763">
         <name>_lock</name>
         <value>0x800214c</value>
         <object_component_ref idref="oc-154"/>
      </symbol>
      <symbol id="sm-764">
         <name>_unlock</name>
         <value>0x8002150</value>
         <object_component_ref idref="oc-154"/>
      </symbol>
      <symbol id="sm-765">
         <name>_register_lock</name>
         <value>0xa4d4</value>
         <object_component_ref idref="oc-23c"/>
      </symbol>
      <symbol id="sm-766">
         <name>_register_unlock</name>
         <value>0xa4c8</value>
         <object_component_ref idref="oc-23c"/>
      </symbol>
      <symbol id="sm-858">
         <name>__TI_printfi</name>
         <value>0x13f4</value>
         <object_component_ref idref="oc-1eb"/>
      </symbol>
      <symbol id="sm-86b">
         <name>atoi</name>
         <value>0x9ed4</value>
         <object_component_ref idref="oc-2a7"/>
      </symbol>
      <symbol id="sm-876">
         <name>_ctypes_</name>
         <value>0xab08</value>
         <object_component_ref idref="oc-351"/>
      </symbol>
      <symbol id="sm-88f">
         <name>__aeabi_stdout</name>
         <value>0x800212c</value>
         <object_component_ref idref="oc-30f"/>
      </symbol>
      <symbol id="sm-890">
         <name>__TI_tmpnams</name>
         <value>0x800228c</value>
         <object_component_ref idref="oc-414"/>
      </symbol>
      <symbol id="sm-891">
         <name>__aeabi_stderr</name>
         <value>0x8002130</value>
         <object_component_ref idref="oc-30f"/>
      </symbol>
      <symbol id="sm-892">
         <name>__aeabi_stdin</name>
         <value>0x8002128</value>
         <object_component_ref idref="oc-30f"/>
      </symbol>
      <symbol id="sm-893">
         <name>_ftable</name>
         <value>0x8001e08</value>
         <object_component_ref idref="oc-1f1"/>
      </symbol>
      <symbol id="sm-894">
         <name>__TI_ft_end</name>
         <value>0x8002124</value>
         <object_component_ref idref="oc-30f"/>
      </symbol>
      <symbol id="sm-89c">
         <name>_Errno</name>
         <value>0x8002164</value>
         <object_component_ref idref="oc-2d7"/>
      </symbol>
      <symbol id="sm-8bb">
         <name>feraiseexcept</name>
         <value>0xa1a0</value>
         <object_component_ref idref="oc-2d1"/>
      </symbol>
      <symbol id="sm-8bc">
         <name>_Tls_setup__Fenv</name>
         <value>0x8002160</value>
         <object_component_ref idref="oc-36a"/>
      </symbol>
      <symbol id="sm-8bd">
         <name>_Fenv</name>
         <value>0x800215c</value>
         <object_component_ref idref="oc-36a"/>
      </symbol>
      <symbol id="sm-8dd">
         <name>fmod</name>
         <value>0x81f8</value>
         <object_component_ref idref="oc-2e0"/>
      </symbol>
      <symbol id="sm-8f5">
         <name>putc</name>
         <value>0x940c</value>
         <object_component_ref idref="oc-1df"/>
      </symbol>
      <symbol id="sm-8f6">
         <name>fputc</name>
         <value>0x940c</value>
         <object_component_ref idref="oc-1df"/>
      </symbol>
      <symbol id="sm-8f7">
         <name>putchar</name>
         <value>0x9504</value>
         <object_component_ref idref="oc-1df"/>
      </symbol>
      <symbol id="sm-917">
         <name>puts</name>
         <value>0x878c</value>
         <object_component_ref idref="oc-1e5"/>
      </symbol>
      <symbol id="sm-918">
         <name>fputs</name>
         <value>0x85f0</value>
         <object_component_ref idref="oc-1e5"/>
      </symbol>
      <symbol id="sm-925">
         <name>frexp</name>
         <value>0xa3f0</value>
         <object_component_ref idref="oc-289"/>
      </symbol>
      <symbol id="sm-92f">
         <name>__aeabi_idiv0</name>
         <value>0xa564</value>
         <object_component_ref idref="oc-210"/>
      </symbol>
      <symbol id="sm-93e">
         <name>ldexp</name>
         <value>0xa0d4</value>
         <object_component_ref idref="oc-28f"/>
      </symbol>
      <symbol id="sm-98e">
         <name>open</name>
         <value>0x6994</value>
         <object_component_ref idref="oc-268"/>
      </symbol>
      <symbol id="sm-98f">
         <name>add_device</name>
         <value>0x6b80</value>
         <object_component_ref idref="oc-268"/>
      </symbol>
      <symbol id="sm-990">
         <name>remove_device</name>
         <value>0x6904</value>
         <object_component_ref idref="oc-268"/>
      </symbol>
      <symbol id="sm-991">
         <name>lseek</name>
         <value>0x6aac</value>
         <object_component_ref idref="oc-268"/>
      </symbol>
      <symbol id="sm-992">
         <name>read</name>
         <value>0x6950</value>
         <object_component_ref idref="oc-268"/>
      </symbol>
      <symbol id="sm-993">
         <name>rename</name>
         <value>0x6898</value>
         <object_component_ref idref="oc-268"/>
      </symbol>
      <symbol id="sm-994">
         <name>write</name>
         <value>0x6760</value>
         <object_component_ref idref="oc-268"/>
      </symbol>
      <symbol id="sm-995">
         <name>close</name>
         <value>0x6af0</value>
         <object_component_ref idref="oc-268"/>
      </symbol>
      <symbol id="sm-996">
         <name>unlink</name>
         <value>0x6858</value>
         <object_component_ref idref="oc-268"/>
      </symbol>
      <symbol id="sm-9a4">
         <name>ltoa</name>
         <value>0x9fdc</value>
         <object_component_ref idref="oc-283"/>
      </symbol>
      <symbol id="sm-9b3">
         <name>memccpy</name>
         <value>0xa420</value>
         <object_component_ref idref="oc-2a1"/>
      </symbol>
      <symbol id="sm-9c2">
         <name>memchr</name>
         <value>0xa44c</value>
         <object_component_ref idref="oc-276"/>
      </symbol>
      <symbol id="sm-9d5">
         <name>raise</name>
         <value>0xa29c</value>
         <object_component_ref idref="oc-364"/>
      </symbol>
      <symbol id="sm-9ef">
         <name>signal</name>
         <value>0xa13c</value>
         <object_component_ref idref="oc-3c1"/>
      </symbol>
      <symbol id="sm-9fd">
         <name>strchr</name>
         <value>0xa478</value>
         <object_component_ref idref="oc-295"/>
      </symbol>
      <symbol id="sm-a0b">
         <name>strcmp</name>
         <value>0xa4a0</value>
         <object_component_ref idref="oc-314"/>
      </symbol>
      <symbol id="sm-a19">
         <name>strlen</name>
         <value>0xa4ec</value>
         <object_component_ref idref="oc-270"/>
      </symbol>
      <symbol id="sm-a28">
         <name>strncpy</name>
         <value>0xa2e8</value>
         <object_component_ref idref="oc-31a"/>
      </symbol>
      <symbol id="sm-a49">
         <name>HOSTgetenv</name>
         <value>0x7038</value>
         <object_component_ref idref="oc-396"/>
      </symbol>
      <symbol id="sm-a4a">
         <name>HOSTrename</name>
         <value>0x6df0</value>
         <object_component_ref idref="oc-396"/>
      </symbol>
      <symbol id="sm-a4b">
         <name>HOSTclose</name>
         <value>0x70a0</value>
         <object_component_ref idref="oc-396"/>
      </symbol>
      <symbol id="sm-a4c">
         <name>HOSTunlink</name>
         <value>0x6d2c</value>
         <object_component_ref idref="oc-396"/>
      </symbol>
      <symbol id="sm-a4d">
         <name>HOSTlseek</name>
         <value>0x6f98</value>
         <object_component_ref idref="oc-396"/>
      </symbol>
      <symbol id="sm-a4e">
         <name>HOSTopen</name>
         <value>0x6f0c</value>
         <object_component_ref idref="oc-396"/>
      </symbol>
      <symbol id="sm-a4f">
         <name>HOSTclock</name>
         <value>0x7108</value>
         <object_component_ref idref="oc-396"/>
      </symbol>
      <symbol id="sm-a50">
         <name>HOSTwrite</name>
         <value>0x6ca8</value>
         <object_component_ref idref="oc-396"/>
      </symbol>
      <symbol id="sm-a51">
         <name>HOSTread</name>
         <value>0x6e88</value>
         <object_component_ref idref="oc-396"/>
      </symbol>
      <symbol id="sm-a52">
         <name>HOSTtime</name>
         <value>0x6d90</value>
         <object_component_ref idref="oc-396"/>
      </symbol>
      <symbol id="sm-a6c">
         <name>__TI_readmsg</name>
         <value>0x9de4</value>
         <object_component_ref idref="oc-3e9"/>
      </symbol>
      <symbol id="sm-a6d">
         <name>C$$IO$$</name>
         <value>0x9ddc</value>
         <object_component_ref idref="oc-3e9"/>
      </symbol>
      <symbol id="sm-a6e">
         <name>__CIOBUF_</name>
         <value>0x800216c</value>
         <object_component_ref idref="oc-41b"/>
      </symbol>
      <symbol id="sm-a6f">
         <name>__TI_writemsg</name>
         <value>0x9d94</value>
         <object_component_ref idref="oc-3e9"/>
      </symbol>
      <symbol id="sm-a99">
         <name>__aeabi_uldivmod</name>
         <value>0x7f40</value>
         <object_component_ref idref="oc-27e"/>
      </symbol>
      <symbol id="sm-aa7">
         <name>_Dclass</name>
         <value>0xa330</value>
         <object_component_ref idref="oc-29b"/>
      </symbol>
      <symbol id="sm-abc">
         <name>_Dnorm</name>
         <value>0x8dfc</value>
         <object_component_ref idref="oc-370"/>
      </symbol>
      <symbol id="sm-ad5">
         <name>_Dscale</name>
         <value>0x87c4</value>
         <object_component_ref idref="oc-343"/>
      </symbol>
      <symbol id="sm-ae8">
         <name>_Dunscale</name>
         <value>0x9a40</value>
         <object_component_ref idref="oc-33b"/>
      </symbol>
      <symbol id="sm-b04">
         <name>__TI_wrt_ok</name>
         <value>0x91e4</value>
         <object_component_ref idref="oc-25c"/>
      </symbol>
      <symbol id="sm-b05">
         <name>__TI_rd_ok</name>
         <value>0x9284</value>
         <object_component_ref idref="oc-25c"/>
      </symbol>
      <symbol id="sm-b1f">
         <name>__TI_doflush</name>
         <value>0x90b4</value>
         <object_component_ref idref="oc-262"/>
      </symbol>
      <symbol id="sm-b20">
         <name>fflush</name>
         <value>0x9138</value>
         <object_component_ref idref="oc-262"/>
      </symbol>
      <symbol id="sm-b32">
         <name>fseek</name>
         <value>0x9ba4</value>
         <object_component_ref idref="oc-301"/>
      </symbol>
      <symbol id="sm-b41">
         <name>__aeabi_idivmod</name>
         <value>0xa1f8</value>
         <object_component_ref idref="oc-334"/>
      </symbol>
      <symbol id="sm-b42">
         <name>__aeabi_idiv</name>
         <value>0xa1f8</value>
         <object_component_ref idref="oc-334"/>
      </symbol>
      <symbol id="sm-b5c">
         <name>setvbuf</name>
         <value>0x8f5c</value>
         <object_component_ref idref="oc-307"/>
      </symbol>
      <symbol id="sm-b6a">
         <name>strcpy</name>
         <value>0xa50c</value>
         <object_component_ref idref="oc-3ef"/>
      </symbol>
      <symbol id="sm-b98">
         <name>__TI_cleanup</name>
         <value>0x7dac</value>
         <object_component_ref idref="oc-37f"/>
      </symbol>
      <symbol id="sm-b99">
         <name>freopen</name>
         <value>0x7df8</value>
         <object_component_ref idref="oc-37f"/>
      </symbol>
      <symbol id="sm-b9a">
         <name>fopen</name>
         <value>0x7e44</value>
         <object_component_ref idref="oc-37f"/>
      </symbol>
      <symbol id="sm-bb0">
         <name>__TI_closefile</name>
         <value>0x9518</value>
         <object_component_ref idref="oc-3da"/>
      </symbol>
      <symbol id="sm-bb1">
         <name>fclose</name>
         <value>0x95c4</value>
         <object_component_ref idref="oc-3da"/>
      </symbol>
      <symbol id="sm-bb3">
         <name>__TI_static_base__</name>
         <value>0x0</value>
      </symbol>
      <symbol id="sm-bb6">
         <name>SHT$$INIT_ARRAY$$Base</name>
         <value>0x0</value>
      </symbol>
      <symbol id="sm-bb7">
         <name>SHT$$INIT_ARRAY$$Limit</name>
         <value>0x0</value>
      </symbol>
      <symbol id="sm-bb8">
         <name>remove</name>
         <value>0x6858</value>
      </symbol>
   </symbol_table>
   <title>Link successful</title>
</link_info>
