<?xml version="1.0"?>
<link_info>
   <banner>TI ARM Linker PC v5.2.6</banner>
   <copyright>Copyright (c) 1996-2015 Texas Instruments Incorporated</copyright>
   <link_time>0x56404baa</link_time>
   <link_errors>0x0</link_errors>
   <output_file>hetServo_RM57L.out</output_file>
   <entry_point>
      <name>_c_int00</name>
      <address>0x9d54</address>
   </entry_point>
   <input_file_list>
      <input_file id="fl-2">
         <path>.\source\</path>
         <kind>object</kind>
         <file>HL_ecap.obj</file>
         <name>HL_ecap.obj</name>
      </input_file>
      <input_file id="fl-3">
         <path>.\source\</path>
         <kind>object</kind>
         <file>HL_epc.obj</file>
         <name>HL_epc.obj</name>
      </input_file>
      <input_file id="fl-4">
         <path>.\source\</path>
         <kind>object</kind>
         <file>HL_errata.obj</file>
         <name>HL_errata.obj</name>
      </input_file>
      <input_file id="fl-5">
         <path>.\source\</path>
         <kind>object</kind>
         <file>HL_esm.obj</file>
         <name>HL_esm.obj</name>
      </input_file>
      <input_file id="fl-6">
         <path>.\source\</path>
         <kind>object</kind>
         <file>HL_het.obj</file>
         <name>HL_het.obj</name>
      </input_file>
      <input_file id="fl-7">
         <path>.\source\</path>
         <kind>object</kind>
         <file>HL_nmpu.obj</file>
         <name>HL_nmpu.obj</name>
      </input_file>
      <input_file id="fl-8">
         <path>.\source\</path>
         <kind>object</kind>
         <file>HL_notification.obj</file>
         <name>HL_notification.obj</name>
      </input_file>
      <input_file id="fl-9">
         <path>.\source\</path>
         <kind>object</kind>
         <file>HL_pinmux.obj</file>
         <name>HL_pinmux.obj</name>
      </input_file>
      <input_file id="fl-a">
         <path>.\source\</path>
         <kind>object</kind>
         <file>HL_sys_core.obj</file>
         <name>HL_sys_core.obj</name>
      </input_file>
      <input_file id="fl-b">
         <path>.\source\</path>
         <kind>object</kind>
         <file>HL_sys_dma.obj</file>
         <name>HL_sys_dma.obj</name>
      </input_file>
      <input_file id="fl-c">
         <path>.\source\</path>
         <kind>object</kind>
         <file>HL_sys_intvecs.obj</file>
         <name>HL_sys_intvecs.obj</name>
      </input_file>
      <input_file id="fl-d">
         <path>.\source\</path>
         <kind>object</kind>
         <file>HL_sys_main.obj</file>
         <name>HL_sys_main.obj</name>
      </input_file>
      <input_file id="fl-e">
         <path>.\source\</path>
         <kind>object</kind>
         <file>HL_sys_mpu.obj</file>
         <name>HL_sys_mpu.obj</name>
      </input_file>
      <input_file id="fl-f">
         <path>.\source\</path>
         <kind>object</kind>
         <file>HL_sys_pcr.obj</file>
         <name>HL_sys_pcr.obj</name>
      </input_file>
      <input_file id="fl-10">
         <path>.\source\</path>
         <kind>object</kind>
         <file>HL_sys_phantom.obj</file>
         <name>HL_sys_phantom.obj</name>
      </input_file>
      <input_file id="fl-11">
         <path>.\source\</path>
         <kind>object</kind>
         <file>HL_sys_pmm.obj</file>
         <name>HL_sys_pmm.obj</name>
      </input_file>
      <input_file id="fl-12">
         <path>.\source\</path>
         <kind>object</kind>
         <file>HL_sys_pmu.obj</file>
         <name>HL_sys_pmu.obj</name>
      </input_file>
      <input_file id="fl-13">
         <path>.\source\</path>
         <kind>object</kind>
         <file>HL_sys_startup.obj</file>
         <name>HL_sys_startup.obj</name>
      </input_file>
      <input_file id="fl-14">
         <path>.\source\</path>
         <kind>object</kind>
         <file>HL_sys_vim.obj</file>
         <name>HL_sys_vim.obj</name>
      </input_file>
      <input_file id="fl-15">
         <path>.\source\</path>
         <kind>object</kind>
         <file>HL_system.obj</file>
         <name>HL_system.obj</name>
      </input_file>
      <input_file id="fl-13b">
         <path>C:\ti\ccsv6\tools\compiler\ti-cgt-arm_5.2.6\lib\</path>
         <kind>archive</kind>
         <file>rtsv7R4_A_le_v3D16_eabi.lib</file>
         <name>acos.obj</name>
      </input_file>
      <input_file id="fl-13c">
         <path>C:\ti\ccsv6\tools\compiler\ti-cgt-arm_5.2.6\lib\</path>
         <kind>archive</kind>
         <file>rtsv7R4_A_le_v3D16_eabi.lib</file>
         <name>asin.obj</name>
      </input_file>
      <input_file id="fl-13d">
         <path>C:\ti\ccsv6\tools\compiler\ti-cgt-arm_5.2.6\lib\</path>
         <kind>archive</kind>
         <file>rtsv7R4_A_le_v3D16_eabi.lib</file>
         <name>atan2.obj</name>
      </input_file>
      <input_file id="fl-13e">
         <path>C:\ti\ccsv6\tools\compiler\ti-cgt-arm_5.2.6\lib\</path>
         <kind>archive</kind>
         <file>rtsv7R4_A_le_v3D16_eabi.lib</file>
         <name>autoinit.obj</name>
      </input_file>
      <input_file id="fl-13f">
         <path>C:\ti\ccsv6\tools\compiler\ti-cgt-arm_5.2.6\lib\</path>
         <kind>archive</kind>
         <file>rtsv7R4_A_le_v3D16_eabi.lib</file>
         <name>copy_decompress_none.obj</name>
      </input_file>
      <input_file id="fl-140">
         <path>C:\ti\ccsv6\tools\compiler\ti-cgt-arm_5.2.6\lib\</path>
         <kind>archive</kind>
         <file>rtsv7R4_A_le_v3D16_eabi.lib</file>
         <name>copy_decompress_rle.obj</name>
      </input_file>
      <input_file id="fl-141">
         <path>C:\ti\ccsv6\tools\compiler\ti-cgt-arm_5.2.6\lib\</path>
         <kind>archive</kind>
         <file>rtsv7R4_A_le_v3D16_eabi.lib</file>
         <name>copy_zero_init.obj</name>
      </input_file>
      <input_file id="fl-142">
         <path>C:\ti\ccsv6\tools\compiler\ti-cgt-arm_5.2.6\lib\</path>
         <kind>archive</kind>
         <file>rtsv7R4_A_le_v3D16_eabi.lib</file>
         <name>cos.obj</name>
      </input_file>
      <input_file id="fl-143">
         <path>C:\ti\ccsv6\tools\compiler\ti-cgt-arm_5.2.6\lib\</path>
         <kind>archive</kind>
         <file>rtsv7R4_A_le_v3D16_eabi.lib</file>
         <name>cpy_tbl.obj</name>
      </input_file>
      <input_file id="fl-144">
         <path>C:\ti\ccsv6\tools\compiler\ti-cgt-arm_5.2.6\lib\</path>
         <kind>archive</kind>
         <file>rtsv7R4_A_le_v3D16_eabi.lib</file>
         <name>exit.obj</name>
      </input_file>
      <input_file id="fl-145">
         <path>C:\ti\ccsv6\tools\compiler\ti-cgt-arm_5.2.6\lib\</path>
         <kind>archive</kind>
         <file>rtsv7R4_A_le_v3D16_eabi.lib</file>
         <name>memcpy32.obj</name>
      </input_file>
      <input_file id="fl-146">
         <path>C:\ti\ccsv6\tools\compiler\ti-cgt-arm_5.2.6\lib\</path>
         <kind>archive</kind>
         <file>rtsv7R4_A_le_v3D16_eabi.lib</file>
         <name>memory.obj</name>
      </input_file>
      <input_file id="fl-147">
         <path>C:\ti\ccsv6\tools\compiler\ti-cgt-arm_5.2.6\lib\</path>
         <kind>archive</kind>
         <file>rtsv7R4_A_le_v3D16_eabi.lib</file>
         <name>memset32.obj</name>
      </input_file>
      <input_file id="fl-148">
         <path>C:\ti\ccsv6\tools\compiler\ti-cgt-arm_5.2.6\lib\</path>
         <kind>archive</kind>
         <file>rtsv7R4_A_le_v3D16_eabi.lib</file>
         <name>printf.obj</name>
      </input_file>
      <input_file id="fl-149">
         <path>C:\ti\ccsv6\tools\compiler\ti-cgt-arm_5.2.6\lib\</path>
         <kind>archive</kind>
         <file>rtsv7R4_A_le_v3D16_eabi.lib</file>
         <name>sin.obj</name>
      </input_file>
      <input_file id="fl-14a">
         <path>C:\ti\ccsv6\tools\compiler\ti-cgt-arm_5.2.6\lib\</path>
         <kind>archive</kind>
         <file>rtsv7R4_A_le_v3D16_eabi.lib</file>
         <name>sqrt.obj</name>
      </input_file>
      <input_file id="fl-14b">
         <path>C:\ti\ccsv6\tools\compiler\ti-cgt-arm_5.2.6\lib\</path>
         <kind>archive</kind>
         <file>rtsv7R4_A_le_v3D16_eabi.lib</file>
         <name>u_div32.obj</name>
      </input_file>
      <input_file id="fl-14c">
         <path>C:\ti\ccsv6\tools\compiler\ti-cgt-arm_5.2.6\lib\</path>
         <kind>archive</kind>
         <file>rtsv7R4_A_le_v3D16_eabi.lib</file>
         <name>xatan.obj</name>
      </input_file>
      <input_file id="fl-14d">
         <path>C:\ti\ccsv6\tools\compiler\ti-cgt-arm_5.2.6\lib\</path>
         <kind>archive</kind>
         <file>rtsv7R4_A_le_v3D16_eabi.lib</file>
         <name>xferaise.obj</name>
      </input_file>
      <input_file id="fl-14e">
         <path>C:\ti\ccsv6\tools\compiler\ti-cgt-arm_5.2.6\lib\</path>
         <kind>archive</kind>
         <file>rtsv7R4_A_le_v3D16_eabi.lib</file>
         <name>xsin.obj</name>
      </input_file>
      <input_file id="fl-14f">
         <path>C:\ti\ccsv6\tools\compiler\ti-cgt-arm_5.2.6\lib\</path>
         <kind>archive</kind>
         <file>rtsv7R4_A_le_v3D16_eabi.lib</file>
         <name>xvalues.obj</name>
      </input_file>
      <input_file id="fl-150">
         <path>C:\ti\ccsv6\tools\compiler\ti-cgt-arm_5.2.6\lib\</path>
         <kind>archive</kind>
         <file>rtsv7R4_A_le_v3D16_eabi.lib</file>
         <name>_lock.obj</name>
      </input_file>
      <input_file id="fl-151">
         <path>C:\ti\ccsv6\tools\compiler\ti-cgt-arm_5.2.6\lib\</path>
         <kind>archive</kind>
         <file>rtsv7R4_A_le_v3D16_eabi.lib</file>
         <name>_printfi.obj</name>
      </input_file>
      <input_file id="fl-152">
         <path>C:\ti\ccsv6\tools\compiler\ti-cgt-arm_5.2.6\lib\</path>
         <kind>archive</kind>
         <file>rtsv7R4_A_le_v3D16_eabi.lib</file>
         <name>atoi.obj</name>
      </input_file>
      <input_file id="fl-153">
         <path>C:\ti\ccsv6\tools\compiler\ti-cgt-arm_5.2.6\lib\</path>
         <kind>archive</kind>
         <file>rtsv7R4_A_le_v3D16_eabi.lib</file>
         <name>ctype.obj</name>
      </input_file>
      <input_file id="fl-154">
         <path>C:\ti\ccsv6\tools\compiler\ti-cgt-arm_5.2.6\lib\</path>
         <kind>archive</kind>
         <file>rtsv7R4_A_le_v3D16_eabi.lib</file>
         <name>defs.obj</name>
      </input_file>
      <input_file id="fl-155">
         <path>C:\ti\ccsv6\tools\compiler\ti-cgt-arm_5.2.6\lib\</path>
         <kind>archive</kind>
         <file>rtsv7R4_A_le_v3D16_eabi.lib</file>
         <name>errno.obj</name>
      </input_file>
      <input_file id="fl-156">
         <path>C:\ti\ccsv6\tools\compiler\ti-cgt-arm_5.2.6\lib\</path>
         <kind>archive</kind>
         <file>rtsv7R4_A_le_v3D16_eabi.lib</file>
         <name>feraiseexcept.obj</name>
      </input_file>
      <input_file id="fl-157">
         <path>C:\ti\ccsv6\tools\compiler\ti-cgt-arm_5.2.6\lib\</path>
         <kind>archive</kind>
         <file>rtsv7R4_A_le_v3D16_eabi.lib</file>
         <name>fmod.obj</name>
      </input_file>
      <input_file id="fl-158">
         <path>C:\ti\ccsv6\tools\compiler\ti-cgt-arm_5.2.6\lib\</path>
         <kind>archive</kind>
         <file>rtsv7R4_A_le_v3D16_eabi.lib</file>
         <name>fputc.obj</name>
      </input_file>
      <input_file id="fl-159">
         <path>C:\ti\ccsv6\tools\compiler\ti-cgt-arm_5.2.6\lib\</path>
         <kind>archive</kind>
         <file>rtsv7R4_A_le_v3D16_eabi.lib</file>
         <name>fputs.obj</name>
      </input_file>
      <input_file id="fl-15a">
         <path>C:\ti\ccsv6\tools\compiler\ti-cgt-arm_5.2.6\lib\</path>
         <kind>archive</kind>
         <file>rtsv7R4_A_le_v3D16_eabi.lib</file>
         <name>frexp.obj</name>
      </input_file>
      <input_file id="fl-15b">
         <path>C:\ti\ccsv6\tools\compiler\ti-cgt-arm_5.2.6\lib\</path>
         <kind>archive</kind>
         <file>rtsv7R4_A_le_v3D16_eabi.lib</file>
         <name>i_div0.obj</name>
      </input_file>
      <input_file id="fl-15c">
         <path>C:\ti\ccsv6\tools\compiler\ti-cgt-arm_5.2.6\lib\</path>
         <kind>archive</kind>
         <file>rtsv7R4_A_le_v3D16_eabi.lib</file>
         <name>ldexp.obj</name>
      </input_file>
      <input_file id="fl-15d">
         <path>C:\ti\ccsv6\tools\compiler\ti-cgt-arm_5.2.6\lib\</path>
         <kind>archive</kind>
         <file>rtsv7R4_A_le_v3D16_eabi.lib</file>
         <name>lowlev.obj</name>
      </input_file>
      <input_file id="fl-15e">
         <path>C:\ti\ccsv6\tools\compiler\ti-cgt-arm_5.2.6\lib\</path>
         <kind>archive</kind>
         <file>rtsv7R4_A_le_v3D16_eabi.lib</file>
         <name>ltoa.obj</name>
      </input_file>
      <input_file id="fl-15f">
         <path>C:\ti\ccsv6\tools\compiler\ti-cgt-arm_5.2.6\lib\</path>
         <kind>archive</kind>
         <file>rtsv7R4_A_le_v3D16_eabi.lib</file>
         <name>memccpy.obj</name>
      </input_file>
      <input_file id="fl-160">
         <path>C:\ti\ccsv6\tools\compiler\ti-cgt-arm_5.2.6\lib\</path>
         <kind>archive</kind>
         <file>rtsv7R4_A_le_v3D16_eabi.lib</file>
         <name>memchr.obj</name>
      </input_file>
      <input_file id="fl-161">
         <path>C:\ti\ccsv6\tools\compiler\ti-cgt-arm_5.2.6\lib\</path>
         <kind>archive</kind>
         <file>rtsv7R4_A_le_v3D16_eabi.lib</file>
         <name>raise.obj</name>
      </input_file>
      <input_file id="fl-162">
         <path>C:\ti\ccsv6\tools\compiler\ti-cgt-arm_5.2.6\lib\</path>
         <kind>archive</kind>
         <file>rtsv7R4_A_le_v3D16_eabi.lib</file>
         <name>signal.obj</name>
      </input_file>
      <input_file id="fl-163">
         <path>C:\ti\ccsv6\tools\compiler\ti-cgt-arm_5.2.6\lib\</path>
         <kind>archive</kind>
         <file>rtsv7R4_A_le_v3D16_eabi.lib</file>
         <name>strchr.obj</name>
      </input_file>
      <input_file id="fl-164">
         <path>C:\ti\ccsv6\tools\compiler\ti-cgt-arm_5.2.6\lib\</path>
         <kind>archive</kind>
         <file>rtsv7R4_A_le_v3D16_eabi.lib</file>
         <name>strcmp.obj</name>
      </input_file>
      <input_file id="fl-165">
         <path>C:\ti\ccsv6\tools\compiler\ti-cgt-arm_5.2.6\lib\</path>
         <kind>archive</kind>
         <file>rtsv7R4_A_le_v3D16_eabi.lib</file>
         <name>strlen.obj</name>
      </input_file>
      <input_file id="fl-166">
         <path>C:\ti\ccsv6\tools\compiler\ti-cgt-arm_5.2.6\lib\</path>
         <kind>archive</kind>
         <file>rtsv7R4_A_le_v3D16_eabi.lib</file>
         <name>strncpy.obj</name>
      </input_file>
      <input_file id="fl-167">
         <path>C:\ti\ccsv6\tools\compiler\ti-cgt-arm_5.2.6\lib\</path>
         <kind>archive</kind>
         <file>rtsv7R4_A_le_v3D16_eabi.lib</file>
         <name>trgdrv.obj</name>
      </input_file>
      <input_file id="fl-168">
         <path>C:\ti\ccsv6\tools\compiler\ti-cgt-arm_5.2.6\lib\</path>
         <kind>archive</kind>
         <file>rtsv7R4_A_le_v3D16_eabi.lib</file>
         <name>trgmsg.obj</name>
      </input_file>
      <input_file id="fl-169">
         <path>C:\ti\ccsv6\tools\compiler\ti-cgt-arm_5.2.6\lib\</path>
         <kind>archive</kind>
         <file>rtsv7R4_A_le_v3D16_eabi.lib</file>
         <name>ull_div32.obj</name>
      </input_file>
      <input_file id="fl-16a">
         <path>C:\ti\ccsv6\tools\compiler\ti-cgt-arm_5.2.6\lib\</path>
         <kind>archive</kind>
         <file>rtsv7R4_A_le_v3D16_eabi.lib</file>
         <name>xdclass.obj</name>
      </input_file>
      <input_file id="fl-16b">
         <path>C:\ti\ccsv6\tools\compiler\ti-cgt-arm_5.2.6\lib\</path>
         <kind>archive</kind>
         <file>rtsv7R4_A_le_v3D16_eabi.lib</file>
         <name>xdnorm.obj</name>
      </input_file>
      <input_file id="fl-16c">
         <path>C:\ti\ccsv6\tools\compiler\ti-cgt-arm_5.2.6\lib\</path>
         <kind>archive</kind>
         <file>rtsv7R4_A_le_v3D16_eabi.lib</file>
         <name>xdscale.obj</name>
      </input_file>
      <input_file id="fl-16d">
         <path>C:\ti\ccsv6\tools\compiler\ti-cgt-arm_5.2.6\lib\</path>
         <kind>archive</kind>
         <file>rtsv7R4_A_le_v3D16_eabi.lib</file>
         <name>xdunscal.obj</name>
      </input_file>
      <input_file id="fl-16e">
         <path>C:\ti\ccsv6\tools\compiler\ti-cgt-arm_5.2.6\lib\</path>
         <kind>archive</kind>
         <file>rtsv7R4_A_le_v3D16_eabi.lib</file>
         <name>_io_perm.obj</name>
      </input_file>
      <input_file id="fl-16f">
         <path>C:\ti\ccsv6\tools\compiler\ti-cgt-arm_5.2.6\lib\</path>
         <kind>archive</kind>
         <file>rtsv7R4_A_le_v3D16_eabi.lib</file>
         <name>fflush.obj</name>
      </input_file>
      <input_file id="fl-170">
         <path>C:\ti\ccsv6\tools\compiler\ti-cgt-arm_5.2.6\lib\</path>
         <kind>archive</kind>
         <file>rtsv7R4_A_le_v3D16_eabi.lib</file>
         <name>fseek.obj</name>
      </input_file>
      <input_file id="fl-171">
         <path>C:\ti\ccsv6\tools\compiler\ti-cgt-arm_5.2.6\lib\</path>
         <kind>archive</kind>
         <file>rtsv7R4_A_le_v3D16_eabi.lib</file>
         <name>i_div32.obj</name>
      </input_file>
      <input_file id="fl-172">
         <path>C:\ti\ccsv6\tools\compiler\ti-cgt-arm_5.2.6\lib\</path>
         <kind>archive</kind>
         <file>rtsv7R4_A_le_v3D16_eabi.lib</file>
         <name>setvbuf.obj</name>
      </input_file>
      <input_file id="fl-173">
         <path>C:\ti\ccsv6\tools\compiler\ti-cgt-arm_5.2.6\lib\</path>
         <kind>archive</kind>
         <file>rtsv7R4_A_le_v3D16_eabi.lib</file>
         <name>strcpy.obj</name>
      </input_file>
      <input_file id="fl-174">
         <path>C:\ti\ccsv6\tools\compiler\ti-cgt-arm_5.2.6\lib\</path>
         <kind>archive</kind>
         <file>rtsv7R4_A_le_v3D16_eabi.lib</file>
         <name>fopen.obj</name>
      </input_file>
      <input_file id="fl-175">
         <path>C:\ti\ccsv6\tools\compiler\ti-cgt-arm_5.2.6\lib\</path>
         <kind>archive</kind>
         <file>rtsv7R4_A_le_v3D16_eabi.lib</file>
         <name>fclose.obj</name>
      </input_file>
      <input_file id="fl-176">
         <path>C:\ti\ccsv6\tools\compiler\ti-cgt-arm_5.2.6\lib\</path>
         <kind>archive</kind>
         <file>rtsv7R4_A_le_v3D16_eabi.lib</file>
         <name>remove.obj</name>
      </input_file>
   </input_file_list>
   <object_component_list>
      <object_component id="oc-2d">
         <name>.intvecs</name>
         <load_address>0x0</load_address>
         <run_address>0x0</run_address>
         <size>0x20</size>
         <input_file_ref idref="fl-c"/>
      </object_component>
      <object_component id="oc-1eb">
         <name>.text</name>
         <load_address>0x20</load_address>
         <run_address>0x20</run_address>
         <size>0x18d0</size>
         <input_file_ref idref="fl-151"/>
      </object_component>
      <object_component id="oc-8e">
         <name>.text</name>
         <load_address>0x18f0</load_address>
         <run_address>0x18f0</run_address>
         <size>0x1648</size>
         <input_file_ref idref="fl-d"/>
      </object_component>
      <object_component id="oc-d6">
         <name>.text</name>
         <load_address>0x2f38</load_address>
         <run_address>0x2f38</run_address>
         <size>0x9c0</size>
         <input_file_ref idref="fl-9"/>
      </object_component>
      <object_component id="oc-77">
         <name>.text</name>
         <load_address>0x38f8</load_address>
         <run_address>0x38f8</run_address>
         <size>0x980</size>
         <input_file_ref idref="fl-15"/>
      </object_component>
      <object_component id="oc-f9">
         <name>.text</name>
         <load_address>0x4278</load_address>
         <run_address>0x4278</run_address>
         <size>0x93c</size>
         <input_file_ref idref="fl-2"/>
      </object_component>
      <object_component id="oc-39">
         <name>.text</name>
         <load_address>0x4bb4</load_address>
         <run_address>0x4bb4</run_address>
         <size>0x938</size>
         <input_file_ref idref="fl-14"/>
      </object_component>
      <object_component id="oc-f3">
         <name>.text</name>
         <load_address>0x54ec</load_address>
         <run_address>0x54ec</run_address>
         <size>0x8f8</size>
         <input_file_ref idref="fl-6"/>
      </object_component>
      <object_component id="oc-7d">
         <name>.text</name>
         <load_address>0x5de4</load_address>
         <run_address>0x5de4</run_address>
         <size>0x7c4</size>
         <input_file_ref idref="fl-5"/>
      </object_component>
      <object_component id="oc-116">
         <name>.text</name>
         <load_address>0x65a8</load_address>
         <run_address>0x65a8</run_address>
         <size>0x63c</size>
         <input_file_ref idref="fl-146"/>
      </object_component>
      <object_component id="oc-268">
         <name>.text</name>
         <load_address>0x6be4</load_address>
         <run_address>0x6be4</run_address>
         <size>0x548</size>
         <input_file_ref idref="fl-15d"/>
      </object_component>
      <object_component id="oc-396">
         <name>.text</name>
         <load_address>0x712c</load_address>
         <run_address>0x712c</run_address>
         <size>0x4cc</size>
         <input_file_ref idref="fl-167"/>
      </object_component>
      <object_component id="oc-6c">
         <name>.text</name>
         <load_address>0x75f8</load_address>
         <run_address>0x75f8</run_address>
         <size>0x418</size>
         <input_file_ref idref="fl-a"/>
      </object_component>
      <object_component id="oc-83">
         <name>.text</name>
         <load_address>0x7a10</load_address>
         <run_address>0x7a10</run_address>
         <size>0x394</size>
         <input_file_ref idref="fl-e"/>
      </object_component>
      <object_component id="oc-38">
         <name>.text:retain</name>
         <load_address>0x7da4</load_address>
         <run_address>0x7da4</run_address>
         <size>0x34c</size>
         <input_file_ref idref="fl-14"/>
      </object_component>
      <object_component id="oc-37f">
         <name>.text</name>
         <load_address>0x80f0</load_address>
         <run_address>0x80f0</run_address>
         <size>0x2d4</size>
         <input_file_ref idref="fl-174"/>
      </object_component>
      <object_component id="oc-27e">
         <name>.text</name>
         <load_address>0x83c4</load_address>
         <run_address>0x83c4</run_address>
         <size>0x2b8</size>
         <input_file_ref idref="fl-169"/>
      </object_component>
      <object_component id="oc-2e0">
         <name>.text</name>
         <load_address>0x867c</load_address>
         <run_address>0x867c</run_address>
         <size>0x208</size>
         <input_file_ref idref="fl-157"/>
      </object_component>
      <object_component id="oc-22b">
         <name>.text</name>
         <load_address>0x8884</load_address>
         <run_address>0x8884</run_address>
         <size>0x1f0</size>
         <input_file_ref idref="fl-14e"/>
      </object_component>
      <object_component id="oc-1e5">
         <name>.text</name>
         <load_address>0x8a74</load_address>
         <run_address>0x8a74</run_address>
         <size>0x1d4</size>
         <input_file_ref idref="fl-159"/>
      </object_component>
      <object_component id="oc-343">
         <name>.text</name>
         <load_address>0x8c48</load_address>
         <run_address>0x8c48</run_address>
         <size>0x1a8</size>
         <input_file_ref idref="fl-16c"/>
      </object_component>
      <object_component id="oc-10a">
         <name>.text</name>
         <load_address>0x8df0</load_address>
         <run_address>0x8df0</run_address>
         <size>0x198</size>
         <input_file_ref idref="fl-13d"/>
      </object_component>
      <object_component id="oc-47">
         <name>.text</name>
         <load_address>0x8f88</load_address>
         <run_address>0x8f88</run_address>
         <size>0x180</size>
         <input_file_ref idref="fl-145"/>
      </object_component>
      <object_component id="oc-24">
         <name>.text:retain</name>
         <load_address>0x9108</load_address>
         <run_address>0x9108</run_address>
         <size>0x178</size>
         <input_file_ref idref="fl-5"/>
      </object_component>
      <object_component id="oc-370">
         <name>.text</name>
         <load_address>0x9280</load_address>
         <run_address>0x9280</run_address>
         <size>0x160</size>
         <input_file_ref idref="fl-16b"/>
      </object_component>
      <object_component id="oc-307">
         <name>.text</name>
         <load_address>0x93e0</load_address>
         <run_address>0x93e0</run_address>
         <size>0x158</size>
         <input_file_ref idref="fl-172"/>
      </object_component>
      <object_component id="oc-262">
         <name>.text</name>
         <load_address>0x9538</load_address>
         <run_address>0x9538</run_address>
         <size>0x130</size>
         <input_file_ref idref="fl-16f"/>
      </object_component>
      <object_component id="oc-25c">
         <name>.text</name>
         <load_address>0x9668</load_address>
         <run_address>0x9668</run_address>
         <size>0x118</size>
         <input_file_ref idref="fl-16e"/>
      </object_component>
      <object_component id="oc-105">
         <name>.text</name>
         <load_address>0x9780</load_address>
         <run_address>0x9780</run_address>
         <size>0x110</size>
         <input_file_ref idref="fl-12"/>
      </object_component>
      <object_component id="oc-1df">
         <name>.text</name>
         <load_address>0x9890</load_address>
         <run_address>0x9890</run_address>
         <size>0x10c</size>
         <input_file_ref idref="fl-158"/>
      </object_component>
      <object_component id="oc-3da">
         <name>.text</name>
         <load_address>0x999c</load_address>
         <run_address>0x999c</run_address>
         <size>0xfc</size>
         <input_file_ref idref="fl-175"/>
      </object_component>
      <object_component id="oc-13f">
         <name>.text</name>
         <load_address>0x9a98</load_address>
         <run_address>0x9a98</run_address>
         <size>0xf0</size>
         <input_file_ref idref="fl-13c"/>
      </object_component>
      <object_component id="oc-1fc">
         <name>.text</name>
         <load_address>0x9b88</load_address>
         <run_address>0x9b88</run_address>
         <size>0xf0</size>
         <input_file_ref idref="fl-14c"/>
      </object_component>
      <object_component id="oc-145">
         <name>.text</name>
         <load_address>0x9c78</load_address>
         <run_address>0x9c78</run_address>
         <size>0xdc</size>
         <input_file_ref idref="fl-13b"/>
      </object_component>
      <object_component id="oc-1e">
         <name>.text:retain</name>
         <load_address>0x9d54</load_address>
         <run_address>0x9d54</run_address>
         <size>0xbc</size>
         <input_file_ref idref="fl-13"/>
      </object_component>
      <object_component id="oc-71">
         <name>.text</name>
         <load_address>0x9e10</load_address>
         <run_address>0x9e10</run_address>
         <size>0xb4</size>
         <input_file_ref idref="fl-8"/>
      </object_component>
      <object_component id="oc-33b">
         <name>.text</name>
         <load_address>0x9ec4</load_address>
         <run_address>0x9ec4</run_address>
         <size>0xb4</size>
         <input_file_ref idref="fl-16d"/>
      </object_component>
      <object_component id="oc-60">
         <name>.text</name>
         <load_address>0x9f78</load_address>
         <run_address>0x9f78</run_address>
         <size>0xb0</size>
         <input_file_ref idref="fl-147"/>
      </object_component>
      <object_component id="oc-301">
         <name>.text</name>
         <load_address>0xa028</load_address>
         <run_address>0xa028</run_address>
         <size>0xa8</size>
         <input_file_ref idref="fl-170"/>
      </object_component>
      <object_component id="oc-88">
         <name>.text</name>
         <load_address>0xa0d0</load_address>
         <run_address>0xa0d0</run_address>
         <size>0xa4</size>
         <input_file_ref idref="fl-13e"/>
      </object_component>
      <object_component id="oc-ff">
         <name>.text</name>
         <load_address>0xa174</load_address>
         <run_address>0xa174</run_address>
         <size>0xa4</size>
         <input_file_ref idref="fl-148"/>
      </object_component>
      <object_component id="oc-3e9">
         <name>.text</name>
         <load_address>0xa218</load_address>
         <run_address>0xa218</run_address>
         <size>0xa4</size>
         <input_file_ref idref="fl-168"/>
      </object_component>
      <object_component id="oc-53">
         <name>.text</name>
         <load_address>0xa2bc</load_address>
         <run_address>0xa2bc</run_address>
         <size>0x9c</size>
         <input_file_ref idref="fl-140"/>
      </object_component>
      <object_component id="oc-2a7">
         <name>.text</name>
         <load_address>0xa358</load_address>
         <run_address>0xa358</run_address>
         <size>0x84</size>
         <input_file_ref idref="fl-152"/>
      </object_component>
      <object_component id="oc-eb">
         <name>.text</name>
         <load_address>0xa3dc</load_address>
         <run_address>0xa3dc</run_address>
         <size>0x84</size>
         <input_file_ref idref="fl-143"/>
      </object_component>
      <object_component id="oc-283">
         <name>.text</name>
         <load_address>0xa460</load_address>
         <run_address>0xa460</run_address>
         <size>0x80</size>
         <input_file_ref idref="fl-15e"/>
      </object_component>
      <object_component id="oc-94">
         <name>.text</name>
         <load_address>0xa4e0</load_address>
         <run_address>0xa4e0</run_address>
         <size>0x78</size>
         <input_file_ref idref="fl-144"/>
      </object_component>
      <object_component id="oc-28f">
         <name>.text</name>
         <load_address>0xa558</load_address>
         <run_address>0xa558</run_address>
         <size>0x68</size>
         <input_file_ref idref="fl-15c"/>
      </object_component>
      <object_component id="oc-3c1">
         <name>.text</name>
         <load_address>0xa5c0</load_address>
         <run_address>0xa5c0</run_address>
         <size>0x64</size>
         <input_file_ref idref="fl-162"/>
      </object_component>
      <object_component id="oc-2d1">
         <name>.text</name>
         <load_address>0xa624</load_address>
         <run_address>0xa624</run_address>
         <size>0x58</size>
         <input_file_ref idref="fl-156"/>
      </object_component>
      <object_component id="oc-334">
         <name>.text</name>
         <load_address>0xa67c</load_address>
         <run_address>0xa67c</run_address>
         <size>0x54</size>
         <input_file_ref idref="fl-171"/>
      </object_component>
      <object_component id="oc-11c">
         <name>.text</name>
         <load_address>0xa6d0</load_address>
         <run_address>0xa6d0</run_address>
         <size>0x50</size>
         <input_file_ref idref="fl-14b"/>
      </object_component>
      <object_component id="oc-364">
         <name>.text</name>
         <load_address>0xa720</load_address>
         <run_address>0xa720</run_address>
         <size>0x4c</size>
         <input_file_ref idref="fl-161"/>
      </object_component>
      <object_component id="oc-31a">
         <name>.text</name>
         <load_address>0xa76c</load_address>
         <run_address>0xa76c</run_address>
         <size>0x48</size>
         <input_file_ref idref="fl-166"/>
      </object_component>
      <object_component id="oc-29b">
         <name>.text</name>
         <load_address>0xa7b4</load_address>
         <run_address>0xa7b4</run_address>
         <size>0x48</size>
         <input_file_ref idref="fl-16a"/>
      </object_component>
      <object_component id="oc-204">
         <name>.text</name>
         <load_address>0xa7fc</load_address>
         <run_address>0xa7fc</run_address>
         <size>0x44</size>
         <input_file_ref idref="fl-14d"/>
      </object_component>
      <object_component id="oc-110">
         <name>.text</name>
         <load_address>0xa840</load_address>
         <run_address>0xa840</run_address>
         <size>0x34</size>
         <input_file_ref idref="fl-14a"/>
      </object_component>
      <object_component id="oc-289">
         <name>.text</name>
         <load_address>0xa874</load_address>
         <run_address>0xa874</run_address>
         <size>0x30</size>
         <input_file_ref idref="fl-15a"/>
      </object_component>
      <object_component id="oc-2a1">
         <name>.text</name>
         <load_address>0xa8a4</load_address>
         <run_address>0xa8a4</run_address>
         <size>0x2c</size>
         <input_file_ref idref="fl-15f"/>
      </object_component>
      <object_component id="oc-276">
         <name>.text</name>
         <load_address>0xa8d0</load_address>
         <run_address>0xa8d0</run_address>
         <size>0x2c</size>
         <input_file_ref idref="fl-160"/>
      </object_component>
      <object_component id="oc-295">
         <name>.text</name>
         <load_address>0xa8fc</load_address>
         <run_address>0xa8fc</run_address>
         <size>0x28</size>
         <input_file_ref idref="fl-163"/>
      </object_component>
      <object_component id="oc-314">
         <name>.text</name>
         <load_address>0xa924</load_address>
         <run_address>0xa924</run_address>
         <size>0x28</size>
         <input_file_ref idref="fl-164"/>
      </object_component>
      <object_component id="oc-23c">
         <name>.text</name>
         <load_address>0xa94c</load_address>
         <run_address>0xa94c</run_address>
         <size>0x24</size>
         <input_file_ref idref="fl-150"/>
      </object_component>
      <object_component id="oc-270">
         <name>.text</name>
         <load_address>0xa970</load_address>
         <run_address>0xa970</run_address>
         <size>0x20</size>
         <input_file_ref idref="fl-165"/>
      </object_component>
      <object_component id="oc-3ef">
         <name>.text</name>
         <load_address>0xa990</load_address>
         <run_address>0xa990</run_address>
         <size>0x18</size>
         <input_file_ref idref="fl-173"/>
      </object_component>
      <object_component id="oc-c">
         <name>.text:decompress:none</name>
         <load_address>0xa9a8</load_address>
         <run_address>0xa9a8</run_address>
         <size>0x14</size>
         <input_file_ref idref="fl-13f"/>
      </object_component>
      <object_component id="oc-18">
         <name>.text:decompress:ZI</name>
         <load_address>0xa9bc</load_address>
         <run_address>0xa9bc</run_address>
         <size>0x10</size>
         <input_file_ref idref="fl-141"/>
      </object_component>
      <object_component id="oc-12">
         <name>.text:decompress:rle24</name>
         <load_address>0xa9cc</load_address>
         <run_address>0xa9cc</run_address>
         <size>0x8</size>
         <input_file_ref idref="fl-140"/>
      </object_component>
      <object_component id="oc-133">
         <name>.text</name>
         <load_address>0xa9d4</load_address>
         <run_address>0xa9d4</run_address>
         <size>0x8</size>
         <input_file_ref idref="fl-142"/>
      </object_component>
      <object_component id="oc-139">
         <name>.text</name>
         <load_address>0xa9dc</load_address>
         <run_address>0xa9dc</run_address>
         <size>0x8</size>
         <input_file_ref idref="fl-149"/>
      </object_component>
      <object_component id="oc-32">
         <name>.text:retain</name>
         <load_address>0xa9e4</load_address>
         <run_address>0xa9e4</run_address>
         <size>0x4</size>
         <input_file_ref idref="fl-10"/>
      </object_component>
      <object_component id="oc-210">
         <name>.text</name>
         <load_address>0xa9e8</load_address>
         <run_address>0xa9e8</run_address>
         <size>0x4</size>
         <input_file_ref idref="fl-15b"/>
      </object_component>
      <object_component id="oc-1cc">
         <name>.const:het1PROGRAM</name>
         <load_address>0xa9f0</load_address>
         <run_address>0xa9f0</run_address>
         <size>0x3a0</size>
         <input_file_ref idref="fl-6"/>
      </object_component>
      <object_component id="oc-2a">
         <name>.const:s_vim_init</name>
         <load_address>0xad90</load_address>
         <run_address>0xad90</run_address>
         <size>0x200</size>
         <input_file_ref idref="fl-14"/>
      </object_component>
      <object_component id="oc-351">
         <name>.const:.string:_ctypes_</name>
         <load_address>0xaf90</load_address>
         <run_address>0xaf90</run_address>
         <size>0x101</size>
         <input_file_ref idref="fl-153"/>
      </object_component>
      <object_component id="oc-2c8">
         <name>.const</name>
         <load_address>0xb098</load_address>
         <run_address>0xb098</run_address>
         <size>0x48</size>
         <input_file_ref idref="fl-14c"/>
      </object_component>
      <object_component id="oc-2cb">
         <name>.const:a</name>
         <load_address>0xb0e0</load_address>
         <run_address>0xb0e0</run_address>
         <size>0x40</size>
         <input_file_ref idref="fl-14c"/>
      </object_component>
      <object_component id="oc-121">
         <name>.const:$P$T0$1</name>
         <load_address>0xb120</load_address>
         <run_address>0xb120</run_address>
         <size>0x30</size>
         <input_file_ref idref="fl-d"/>
      </object_component>
      <object_component id="oc-2e9">
         <name>.const:c</name>
         <load_address>0xb150</load_address>
         <run_address>0xb150</run_address>
         <size>0x30</size>
         <input_file_ref idref="fl-14e"/>
      </object_component>
      <object_component id="oc-2e6">
         <name>.const:s</name>
         <load_address>0xb180</load_address>
         <run_address>0xb180</run_address>
         <size>0x30</size>
         <input_file_ref idref="fl-14e"/>
      </object_component>
      <object_component id="oc-1cf">
         <name>.const</name>
         <load_address>0xb1b0</load_address>
         <run_address>0xb1b0</run_address>
         <size>0x20</size>
         <input_file_ref idref="fl-6"/>
      </object_component>
      <object_component id="oc-14b">
         <name>.const</name>
         <load_address>0xb1d0</load_address>
         <run_address>0xb1d0</run_address>
         <size>0x20</size>
         <input_file_ref idref="fl-d"/>
      </object_component>
      <object_component id="oc-453">
         <name>.cinit..data.load</name>
         <load_address>0xb1f0</load_address>
         <run_address>0xb1f0</run_address>
         <size>0x189</size>
      </object_component>
      <object_component id="oc-450">
         <name>__TI_handler_table</name>
         <load_address>0xb37c</load_address>
         <run_address>0xb37c</run_address>
         <size>0xc</size>
      </object_component>
      <object_component id="oc-452">
         <name>.cinit..bss.load</name>
         <load_address>0xb388</load_address>
         <run_address>0xb388</run_address>
         <size>0x8</size>
      </object_component>
      <object_component id="oc-451">
         <name>__TI_cinit_table</name>
         <load_address>0xb390</load_address>
         <run_address>0xb390</run_address>
         <size>0x10</size>
      </object_component>
      <object_component id="oc-44">
         <name>.sysmem</name>
         <uninitialized>true</uninitialized>
         <run_address>0x8001500</run_address>
         <size>0x8</size>
         <input_file_ref idref="fl-146"/>
      </object_component>
      <object_component id="oc-454">
         <name>.sysmem</name>
         <uninitialized>true</uninitialized>
         <run_address>0x8001500</run_address>
         <size>0x0</size>
      </object_component>
      <object_component id="oc-414">
         <name>.bss:__TI_tmpnams</name>
         <uninitialized>true</uninitialized>
         <run_address>0x800228c</run_address>
         <size>0xa0</size>
         <input_file_ref idref="fl-154"/>
      </object_component>
      <object_component id="oc-41b">
         <name>.bss:__CIOBUF_</name>
         <uninitialized>true</uninitialized>
         <run_address>0x800216c</run_address>
         <size>0x120</size>
         <input_file_ref idref="fl-168"/>
      </object_component>
      <object_component id="oc-12f">
         <name>.common:currentPos</name>
         <uninitialized>true</uninitialized>
         <run_address>0x800232c</run_address>
         <size>0x18</size>
      </object_component>
      <object_component id="oc-12d">
         <name>.common:curtime</name>
         <uninitialized>true</uninitialized>
         <run_address>0x800234c</run_address>
         <size>0x4</size>
      </object_component>
      <object_component id="oc-12e">
         <name>.common:reltime</name>
         <uninitialized>true</uninitialized>
         <run_address>0x8002354</run_address>
         <size>0x4</size>
      </object_component>
      <object_component id="oc-127">
         <name>.common:duration</name>
         <uninitialized>true</uninitialized>
         <run_address>0x8002350</run_address>
         <size>0x4</size>
      </object_component>
      <object_component id="oc-3f5">
         <name>.common:parmbuf</name>
         <uninitialized>true</uninitialized>
         <run_address>0x8002344</run_address>
         <size>0x8</size>
      </object_component>
      <object_component id="oc-124">
         <name>.data</name>
         <load_address>0x8002134</load_address>
         <run_address>0x8002134</run_address>
         <size>0xc</size>
         <input_file_ref idref="fl-d"/>
      </object_component>
      <object_component id="oc-12a">
         <name>.data:via_breaks</name>
         <load_address>0x80020f8</load_address>
         <run_address>0x80020f8</run_address>
         <size>0x2c</size>
         <input_file_ref idref="fl-d"/>
      </object_component>
      <object_component id="oc-130">
         <name>.data:via_frames</name>
         <load_address>0x8001d00</load_address>
         <run_address>0x8001d00</run_address>
         <size>0x108</size>
         <input_file_ref idref="fl-d"/>
      </object_component>
      <object_component id="oc-157">
         <name>.data</name>
         <load_address>0x8002154</load_address>
         <run_address>0x8002154</run_address>
         <size>0x8</size>
         <input_file_ref idref="fl-144"/>
      </object_component>
      <object_component id="oc-20c">
         <name>.data</name>
         <load_address>0x8002140</load_address>
         <run_address>0x8002140</run_address>
         <size>0xc</size>
         <input_file_ref idref="fl-146"/>
      </object_component>
      <object_component id="oc-233">
         <name>.data</name>
         <load_address>0x8002078</load_address>
         <run_address>0x8002078</run_address>
         <size>0x80</size>
         <input_file_ref idref="fl-14f"/>
      </object_component>
      <object_component id="oc-154">
         <name>.data</name>
         <load_address>0x800214c</load_address>
         <run_address>0x800214c</run_address>
         <size>0x8</size>
         <input_file_ref idref="fl-150"/>
      </object_component>
      <object_component id="oc-1f1">
         <name>.data:_ftable</name>
         <load_address>0x8001e08</load_address>
         <run_address>0x8001e08</run_address>
         <size>0xf0</size>
         <input_file_ref idref="fl-154"/>
      </object_component>
      <object_component id="oc-30f">
         <name>.data</name>
         <load_address>0x8002124</load_address>
         <run_address>0x8002124</run_address>
         <size>0x10</size>
         <input_file_ref idref="fl-154"/>
      </object_component>
      <object_component id="oc-2d7">
         <name>.data</name>
         <load_address>0x8002164</load_address>
         <run_address>0x8002164</run_address>
         <size>0x4</size>
         <input_file_ref idref="fl-155"/>
      </object_component>
      <object_component id="oc-36a">
         <name>.data</name>
         <load_address>0x800215c</load_address>
         <run_address>0x800215c</run_address>
         <size>0x8</size>
         <input_file_ref idref="fl-156"/>
      </object_component>
      <object_component id="oc-320">
         <name>.data</name>
         <load_address>0x8001ef8</load_address>
         <run_address>0x8001ef8</run_address>
         <size>0xd0</size>
         <input_file_ref idref="fl-15d"/>
      </object_component>
      <object_component id="oc-404">
         <name>.data:sigtable</name>
         <load_address>0x8001fc8</load_address>
         <run_address>0x8001fc8</run_address>
         <size>0xb0</size>
         <input_file_ref idref="fl-162"/>
      </object_component>
      <object_component id="oc-3e0">
         <name>.data</name>
         <load_address>0x8002168</load_address>
         <run_address>0x8002168</run_address>
         <size>0x4</size>
         <input_file_ref idref="fl-174"/>
      </object_component>
      <object_component id="oc-18c">
         <name>.debug_info</name>
         <load_address>0x0</load_address>
         <run_address>0x0</run_address>
         <size>0x11d</size>
         <input_file_ref idref="fl-2"/>
      </object_component>
      <object_component id="oc-fa">
         <name>.debug_info</name>
         <load_address>0x11d</load_address>
         <run_address>0x11d</run_address>
         <size>0x17f4</size>
         <input_file_ref idref="fl-2"/>
      </object_component>
      <object_component id="oc-1da">
         <name>.debug_info</name>
         <load_address>0x1911</load_address>
         <run_address>0x1911</run_address>
         <size>0x359</size>
         <input_file_ref idref="fl-2"/>
      </object_component>
      <object_component id="oc-9c">
         <name>.debug_info</name>
         <load_address>0x1c6a</load_address>
         <run_address>0x1c6a</run_address>
         <size>0x157</size>
         <input_file_ref idref="fl-2"/>
      </object_component>
      <object_component id="oc-14f">
         <name>.debug_info</name>
         <load_address>0x1dc1</load_address>
         <run_address>0x1dc1</run_address>
         <size>0x8b</size>
         <input_file_ref idref="fl-2"/>
      </object_component>
      <object_component id="oc-a7">
         <name>.debug_info</name>
         <load_address>0x1e4c</load_address>
         <run_address>0x1e4c</run_address>
         <size>0x18c</size>
         <input_file_ref idref="fl-2"/>
      </object_component>
      <object_component id="oc-15d">
         <name>.debug_info</name>
         <load_address>0x1fd8</load_address>
         <run_address>0x1fd8</run_address>
         <size>0x18b</size>
         <input_file_ref idref="fl-2"/>
      </object_component>
      <object_component id="oc-ac">
         <name>.debug_info</name>
         <load_address>0x2163</load_address>
         <run_address>0x2163</run_address>
         <size>0x86</size>
         <input_file_ref idref="fl-2"/>
      </object_component>
      <object_component id="oc-1f6">
         <name>.debug_info</name>
         <load_address>0x21e9</load_address>
         <run_address>0x21e9</run_address>
         <size>0x4e</size>
         <input_file_ref idref="fl-2"/>
      </object_component>
      <object_component id="oc-1a0">
         <name>.debug_info</name>
         <load_address>0x2237</load_address>
         <run_address>0x2237</run_address>
         <size>0x152</size>
         <input_file_ref idref="fl-2"/>
      </object_component>
      <object_component id="oc-182">
         <name>.debug_info</name>
         <load_address>0x2389</load_address>
         <run_address>0x2389</run_address>
         <size>0x36d</size>
         <input_file_ref idref="fl-2"/>
      </object_component>
      <object_component id="oc-24a">
         <name>.debug_info</name>
         <load_address>0x26f6</load_address>
         <run_address>0x26f6</run_address>
         <size>0x1e2</size>
         <input_file_ref idref="fl-3"/>
      </object_component>
      <object_component id="oc-dd">
         <name>.debug_info</name>
         <load_address>0x28d8</load_address>
         <run_address>0x28d8</run_address>
         <size>0x432</size>
         <input_file_ref idref="fl-3"/>
      </object_component>
      <object_component id="oc-164">
         <name>.debug_info</name>
         <load_address>0x2d0a</load_address>
         <run_address>0x2d0a</run_address>
         <size>0x102</size>
         <input_file_ref idref="fl-3"/>
      </object_component>
      <object_component id="oc-1a5">
         <name>.debug_info</name>
         <load_address>0x2e0c</load_address>
         <run_address>0x2e0c</run_address>
         <size>0x142</size>
         <input_file_ref idref="fl-3"/>
      </object_component>
      <object_component id="oc-169">
         <name>.debug_info</name>
         <load_address>0x2f4e</load_address>
         <run_address>0x2f4e</run_address>
         <size>0x285</size>
         <input_file_ref idref="fl-3"/>
      </object_component>
      <object_component id="oc-16e">
         <name>.debug_info</name>
         <load_address>0x31d3</load_address>
         <run_address>0x31d3</run_address>
         <size>0x44a</size>
         <input_file_ref idref="fl-3"/>
      </object_component>
      <object_component id="oc-173">
         <name>.debug_info</name>
         <load_address>0x361d</load_address>
         <run_address>0x361d</run_address>
         <size>0x1f9</size>
         <input_file_ref idref="fl-3"/>
      </object_component>
      <object_component id="oc-178">
         <name>.debug_info</name>
         <load_address>0x3816</load_address>
         <run_address>0x3816</run_address>
         <size>0x152</size>
         <input_file_ref idref="fl-3"/>
      </object_component>
      <object_component id="oc-17d">
         <name>.debug_info</name>
         <load_address>0x3968</load_address>
         <run_address>0x3968</run_address>
         <size>0x70a</size>
         <input_file_ref idref="fl-3"/>
      </object_component>
      <object_component id="oc-e9">
         <name>.debug_info</name>
         <load_address>0x4072</load_address>
         <run_address>0x4072</run_address>
         <size>0x1a0</size>
         <input_file_ref idref="fl-5"/>
      </object_component>
      <object_component id="oc-7e">
         <name>.debug_info</name>
         <load_address>0x4212</load_address>
         <run_address>0x4212</run_address>
         <size>0x10c3</size>
         <input_file_ref idref="fl-5"/>
      </object_component>
      <object_component id="oc-25">
         <name>.debug_info</name>
         <load_address>0x52d5</load_address>
         <run_address>0x52d5</run_address>
         <size>0x1ab</size>
         <input_file_ref idref="fl-5"/>
      </object_component>
      <object_component id="oc-e4">
         <name>.debug_info</name>
         <load_address>0x5480</load_address>
         <run_address>0x5480</run_address>
         <size>0x168</size>
         <input_file_ref idref="fl-5"/>
      </object_component>
      <object_component id="oc-1d3">
         <name>.debug_info</name>
         <load_address>0x55e8</load_address>
         <run_address>0x55e8</run_address>
         <size>0x192</size>
         <input_file_ref idref="fl-6"/>
      </object_component>
      <object_component id="oc-1d0">
         <name>.debug_info</name>
         <load_address>0x577a</load_address>
         <run_address>0x577a</run_address>
         <size>0xec</size>
         <input_file_ref idref="fl-6"/>
      </object_component>
      <object_component id="oc-1cd">
         <name>.debug_info</name>
         <load_address>0x5866</load_address>
         <run_address>0x5866</run_address>
         <size>0xe0</size>
         <input_file_ref idref="fl-6"/>
      </object_component>
      <object_component id="oc-f4">
         <name>.debug_info</name>
         <load_address>0x5946</load_address>
         <run_address>0x5946</run_address>
         <size>0xdc8</size>
         <input_file_ref idref="fl-6"/>
      </object_component>
      <object_component id="oc-c6">
         <name>.debug_info</name>
         <load_address>0x670e</load_address>
         <run_address>0x670e</run_address>
         <size>0x2c</size>
         <input_file_ref idref="fl-6"/>
      </object_component>
      <object_component id="oc-1aa">
         <name>.debug_info</name>
         <load_address>0x673a</load_address>
         <run_address>0x673a</run_address>
         <size>0x3d3</size>
         <input_file_ref idref="fl-6"/>
      </object_component>
      <object_component id="oc-1d4">
         <name>.debug_info</name>
         <load_address>0x6b0d</load_address>
         <run_address>0x6b0d</run_address>
         <size>0x2e3</size>
         <input_file_ref idref="fl-6"/>
      </object_component>
      <object_component id="oc-d0">
         <name>.debug_info</name>
         <load_address>0x6df0</load_address>
         <run_address>0x6df0</run_address>
         <size>0x213</size>
         <input_file_ref idref="fl-8"/>
      </object_component>
      <object_component id="oc-72">
         <name>.debug_info</name>
         <load_address>0x7003</load_address>
         <run_address>0x7003</run_address>
         <size>0x8a7</size>
         <input_file_ref idref="fl-8"/>
      </object_component>
      <object_component id="oc-19b">
         <name>.debug_info</name>
         <load_address>0x78aa</load_address>
         <run_address>0x78aa</run_address>
         <size>0xadd</size>
         <input_file_ref idref="fl-8"/>
      </object_component>
      <object_component id="oc-d1">
         <name>.debug_info</name>
         <load_address>0x8387</load_address>
         <run_address>0x8387</run_address>
         <size>0x6eb</size>
         <input_file_ref idref="fl-8"/>
      </object_component>
      <object_component id="oc-24e">
         <name>.debug_info</name>
         <load_address>0x8a72</load_address>
         <run_address>0x8a72</run_address>
         <size>0x115</size>
         <input_file_ref idref="fl-9"/>
      </object_component>
      <object_component id="oc-d7">
         <name>.debug_info</name>
         <load_address>0x8b87</load_address>
         <run_address>0x8b87</run_address>
         <size>0x11f</size>
         <input_file_ref idref="fl-9"/>
      </object_component>
      <object_component id="oc-1b7">
         <name>.debug_info</name>
         <load_address>0x8ca6</load_address>
         <run_address>0x8ca6</run_address>
         <size>0x199</size>
         <input_file_ref idref="fl-9"/>
      </object_component>
      <object_component id="oc-6d">
         <name>.debug_info</name>
         <load_address>0x8e3f</load_address>
         <run_address>0x8e3f</run_address>
         <size>0x819</size>
         <input_file_ref idref="fl-a"/>
      </object_component>
      <object_component id="oc-2e">
         <name>.debug_info</name>
         <load_address>0x9658</load_address>
         <run_address>0x9658</run_address>
         <size>0x10f</size>
         <input_file_ref idref="fl-c"/>
      </object_component>
      <object_component id="oc-128">
         <name>.debug_info</name>
         <load_address>0x9767</load_address>
         <run_address>0x9767</run_address>
         <size>0x781</size>
         <input_file_ref idref="fl-d"/>
      </object_component>
      <object_component id="oc-125">
         <name>.debug_info</name>
         <load_address>0x9ee8</load_address>
         <run_address>0x9ee8</run_address>
         <size>0x15d</size>
         <input_file_ref idref="fl-d"/>
      </object_component>
      <object_component id="oc-14c">
         <name>.debug_info</name>
         <load_address>0xa045</load_address>
         <run_address>0xa045</run_address>
         <size>0xf1</size>
         <input_file_ref idref="fl-d"/>
      </object_component>
      <object_component id="oc-12b">
         <name>.debug_info</name>
         <load_address>0xa136</load_address>
         <run_address>0xa136</run_address>
         <size>0xe4</size>
         <input_file_ref idref="fl-d"/>
      </object_component>
      <object_component id="oc-131">
         <name>.debug_info</name>
         <load_address>0xa21a</load_address>
         <run_address>0xa21a</run_address>
         <size>0xe4</size>
         <input_file_ref idref="fl-d"/>
      </object_component>
      <object_component id="oc-122">
         <name>.debug_info</name>
         <load_address>0xa2fe</load_address>
         <run_address>0xa2fe</run_address>
         <size>0xdd</size>
         <input_file_ref idref="fl-d"/>
      </object_component>
      <object_component id="oc-8f">
         <name>.debug_info</name>
         <load_address>0xa3db</load_address>
         <run_address>0xa3db</run_address>
         <size>0xfa7</size>
         <input_file_ref idref="fl-d"/>
      </object_component>
      <object_component id="oc-222">
         <name>.debug_info</name>
         <load_address>0xb382</load_address>
         <run_address>0xb382</run_address>
         <size>0xc8</size>
         <input_file_ref idref="fl-d"/>
      </object_component>
      <object_component id="oc-21d">
         <name>.debug_info</name>
         <load_address>0xb44a</load_address>
         <run_address>0xb44a</run_address>
         <size>0x70</size>
         <input_file_ref idref="fl-d"/>
      </object_component>
      <object_component id="oc-84">
         <name>.debug_info</name>
         <load_address>0xb4ba</load_address>
         <run_address>0xb4ba</run_address>
         <size>0x446</size>
         <input_file_ref idref="fl-e"/>
      </object_component>
      <object_component id="oc-24d">
         <name>.debug_info</name>
         <load_address>0xb900</load_address>
         <run_address>0xb900</run_address>
         <size>0x156</size>
         <input_file_ref idref="fl-f"/>
      </object_component>
      <object_component id="oc-1b2">
         <name>.debug_info</name>
         <load_address>0xba56</load_address>
         <run_address>0xba56</run_address>
         <size>0x457</size>
         <input_file_ref idref="fl-f"/>
      </object_component>
      <object_component id="oc-33">
         <name>.debug_info</name>
         <load_address>0xbead</load_address>
         <run_address>0xbead</run_address>
         <size>0x140</size>
         <input_file_ref idref="fl-10"/>
      </object_component>
      <object_component id="oc-106">
         <name>.debug_info</name>
         <load_address>0xbfed</load_address>
         <run_address>0xbfed</run_address>
         <size>0x38f</size>
         <input_file_ref idref="fl-12"/>
      </object_component>
      <object_component id="oc-1f">
         <name>.debug_info</name>
         <load_address>0xc37c</load_address>
         <run_address>0xc37c</run_address>
         <size>0x2b6</size>
         <input_file_ref idref="fl-13"/>
      </object_component>
      <object_component id="oc-a3">
         <name>.debug_info</name>
         <load_address>0xc632</load_address>
         <run_address>0xc632</run_address>
         <size>0x2a3</size>
         <input_file_ref idref="fl-14"/>
      </object_component>
      <object_component id="oc-2b">
         <name>.debug_info</name>
         <load_address>0xc8d5</load_address>
         <run_address>0xc8d5</run_address>
         <size>0xe2</size>
         <input_file_ref idref="fl-14"/>
      </object_component>
      <object_component id="oc-3a">
         <name>.debug_info</name>
         <load_address>0xc9b7</load_address>
         <run_address>0xc9b7</run_address>
         <size>0x492</size>
         <input_file_ref idref="fl-14"/>
      </object_component>
      <object_component id="oc-3f">
         <name>.debug_info</name>
         <load_address>0xce49</load_address>
         <run_address>0xce49</run_address>
         <size>0x1fd</size>
         <input_file_ref idref="fl-14"/>
      </object_component>
      <object_component id="oc-187">
         <name>.debug_info</name>
         <load_address>0xd046</load_address>
         <run_address>0xd046</run_address>
         <size>0x5d</size>
         <input_file_ref idref="fl-14"/>
      </object_component>
      <object_component id="oc-e2">
         <name>.debug_info</name>
         <load_address>0xd0a3</load_address>
         <run_address>0xd0a3</run_address>
         <size>0x253</size>
         <input_file_ref idref="fl-15"/>
      </object_component>
      <object_component id="oc-78">
         <name>.debug_info</name>
         <load_address>0xd2f6</load_address>
         <run_address>0xd2f6</run_address>
         <size>0x592</size>
         <input_file_ref idref="fl-15"/>
      </object_component>
      <object_component id="oc-239">
         <name>.debug_info</name>
         <load_address>0xd888</load_address>
         <run_address>0xd888</run_address>
         <size>0x160</size>
         <input_file_ref idref="fl-13b"/>
      </object_component>
      <object_component id="oc-148">
         <name>.debug_info</name>
         <load_address>0xd9e8</load_address>
         <run_address>0xd9e8</run_address>
         <size>0x164</size>
         <input_file_ref idref="fl-13b"/>
      </object_component>
      <object_component id="oc-2ef">
         <name>.debug_info</name>
         <load_address>0xdb4c</load_address>
         <run_address>0xdb4c</run_address>
         <size>0x86</size>
         <input_file_ref idref="fl-13b"/>
      </object_component>
      <object_component id="oc-be">
         <name>.debug_info</name>
         <load_address>0xdbd2</load_address>
         <run_address>0xdbd2</run_address>
         <size>0x84</size>
         <input_file_ref idref="fl-13b"/>
      </object_component>
      <object_component id="oc-237">
         <name>.debug_info</name>
         <load_address>0xdc56</load_address>
         <run_address>0xdc56</run_address>
         <size>0x160</size>
         <input_file_ref idref="fl-13c"/>
      </object_component>
      <object_component id="oc-143">
         <name>.debug_info</name>
         <load_address>0xddb6</load_address>
         <run_address>0xddb6</run_address>
         <size>0x164</size>
         <input_file_ref idref="fl-13c"/>
      </object_component>
      <object_component id="oc-203">
         <name>.debug_info</name>
         <load_address>0xdf1a</load_address>
         <run_address>0xdf1a</run_address>
         <size>0xfe</size>
         <input_file_ref idref="fl-13d"/>
      </object_component>
      <object_component id="oc-10b">
         <name>.debug_info</name>
         <load_address>0xe018</load_address>
         <run_address>0xe018</run_address>
         <size>0x1b1</size>
         <input_file_ref idref="fl-13d"/>
      </object_component>
      <object_component id="oc-f2">
         <name>.debug_info</name>
         <load_address>0xe1c9</load_address>
         <run_address>0xe1c9</run_address>
         <size>0x286</size>
         <input_file_ref idref="fl-13e"/>
      </object_component>
      <object_component id="oc-8b">
         <name>.debug_info</name>
         <load_address>0xe44f</load_address>
         <run_address>0xe44f</run_address>
         <size>0x140</size>
         <input_file_ref idref="fl-13e"/>
      </object_component>
      <object_component id="oc-1c2">
         <name>.debug_info</name>
         <load_address>0xe58f</load_address>
         <run_address>0xe58f</run_address>
         <size>0x39</size>
         <input_file_ref idref="fl-13e"/>
      </object_component>
      <object_component id="oc-1c7">
         <name>.debug_info</name>
         <load_address>0xe5c8</load_address>
         <run_address>0xe5c8</run_address>
         <size>0xcd</size>
         <input_file_ref idref="fl-13e"/>
      </object_component>
      <object_component id="oc-52">
         <name>.debug_info</name>
         <load_address>0xe695</load_address>
         <run_address>0xe695</run_address>
         <size>0x104</size>
         <input_file_ref idref="fl-13f"/>
      </object_component>
      <object_component id="oc-10">
         <name>.debug_info</name>
         <load_address>0xe799</load_address>
         <run_address>0xe799</run_address>
         <size>0x193</size>
         <input_file_ref idref="fl-13f"/>
      </object_component>
      <object_component id="oc-4d">
         <name>.debug_info</name>
         <load_address>0xe92c</load_address>
         <run_address>0xe92c</run_address>
         <size>0x46</size>
         <input_file_ref idref="fl-13f"/>
      </object_component>
      <object_component id="oc-b7">
         <name>.debug_info</name>
         <load_address>0xe972</load_address>
         <run_address>0xe972</run_address>
         <size>0x2c</size>
         <input_file_ref idref="fl-13f"/>
      </object_component>
      <object_component id="oc-5a">
         <name>.debug_info</name>
         <load_address>0xe99e</load_address>
         <run_address>0xe99e</run_address>
         <size>0xfd</size>
         <input_file_ref idref="fl-140"/>
      </object_component>
      <object_component id="oc-56">
         <name>.debug_info</name>
         <load_address>0xea9b</load_address>
         <run_address>0xea9b</run_address>
         <size>0x210</size>
         <input_file_ref idref="fl-140"/>
      </object_component>
      <object_component id="oc-13">
         <name>.debug_info</name>
         <load_address>0xecab</load_address>
         <run_address>0xecab</run_address>
         <size>0x17a</size>
         <input_file_ref idref="fl-140"/>
      </object_component>
      <object_component id="oc-5b">
         <name>.debug_info</name>
         <load_address>0xee25</load_address>
         <run_address>0xee25</run_address>
         <size>0x39</size>
         <input_file_ref idref="fl-140"/>
      </object_component>
      <object_component id="oc-6b">
         <name>.debug_info</name>
         <load_address>0xee5e</load_address>
         <run_address>0xee5e</run_address>
         <size>0xf3</size>
         <input_file_ref idref="fl-141"/>
      </object_component>
      <object_component id="oc-1c">
         <name>.debug_info</name>
         <load_address>0xef51</load_address>
         <run_address>0xef51</run_address>
         <size>0x15e</size>
         <input_file_ref idref="fl-141"/>
      </object_component>
      <object_component id="oc-66">
         <name>.debug_info</name>
         <load_address>0xf0af</load_address>
         <run_address>0xf0af</run_address>
         <size>0x46</size>
         <input_file_ref idref="fl-141"/>
      </object_component>
      <object_component id="oc-135">
         <name>.debug_info</name>
         <load_address>0xf0f5</load_address>
         <run_address>0xf0f5</run_address>
         <size>0xfe</size>
         <input_file_ref idref="fl-142"/>
      </object_component>
      <object_component id="oc-1bf">
         <name>.debug_info</name>
         <load_address>0xf1f3</load_address>
         <run_address>0xf1f3</run_address>
         <size>0x1a9</size>
         <input_file_ref idref="fl-143"/>
      </object_component>
      <object_component id="oc-ef">
         <name>.debug_info</name>
         <load_address>0xf39c</load_address>
         <run_address>0xf39c</run_address>
         <size>0x14c</size>
         <input_file_ref idref="fl-143"/>
      </object_component>
      <object_component id="oc-251">
         <name>.debug_info</name>
         <load_address>0xf4e8</load_address>
         <run_address>0xf4e8</run_address>
         <size>0x2c</size>
         <input_file_ref idref="fl-143"/>
      </object_component>
      <object_component id="oc-15b">
         <name>.debug_info</name>
         <load_address>0xf514</load_address>
         <run_address>0xf514</run_address>
         <size>0x15a</size>
         <input_file_ref idref="fl-144"/>
      </object_component>
      <object_component id="oc-158">
         <name>.debug_info</name>
         <load_address>0xf66e</load_address>
         <run_address>0xf66e</run_address>
         <size>0xff</size>
         <input_file_ref idref="fl-144"/>
      </object_component>
      <object_component id="oc-96">
         <name>.debug_info</name>
         <load_address>0xf76d</load_address>
         <run_address>0xf76d</run_address>
         <size>0x1d6</size>
         <input_file_ref idref="fl-144"/>
      </object_component>
      <object_component id="oc-49">
         <name>.debug_info</name>
         <load_address>0xf943</load_address>
         <run_address>0xf943</run_address>
         <size>0x149</size>
         <input_file_ref idref="fl-145"/>
      </object_component>
      <object_component id="oc-b4">
         <name>.debug_info</name>
         <load_address>0xfa8c</load_address>
         <run_address>0xfa8c</run_address>
         <size>0x1eb</size>
         <input_file_ref idref="fl-146"/>
      </object_component>
      <object_component id="oc-45">
         <name>.debug_info</name>
         <load_address>0xfc77</load_address>
         <run_address>0xfc77</run_address>
         <size>0xca</size>
         <input_file_ref idref="fl-146"/>
      </object_component>
      <object_component id="oc-20d">
         <name>.debug_info</name>
         <load_address>0xfd41</load_address>
         <run_address>0xfd41</run_address>
         <size>0x115</size>
         <input_file_ref idref="fl-146"/>
      </object_component>
      <object_component id="oc-117">
         <name>.debug_info</name>
         <load_address>0xfe56</load_address>
         <run_address>0xfe56</run_address>
         <size>0x849</size>
         <input_file_ref idref="fl-146"/>
      </object_component>
      <object_component id="oc-18f">
         <name>.debug_info</name>
         <load_address>0x1069f</load_address>
         <run_address>0x1069f</run_address>
         <size>0x2c</size>
         <input_file_ref idref="fl-146"/>
      </object_component>
      <object_component id="oc-194">
         <name>.debug_info</name>
         <load_address>0x106cb</load_address>
         <run_address>0x106cb</run_address>
         <size>0x62</size>
         <input_file_ref idref="fl-146"/>
      </object_component>
      <object_component id="oc-62">
         <name>.debug_info</name>
         <load_address>0x1072d</load_address>
         <run_address>0x1072d</run_address>
         <size>0x111</size>
         <input_file_ref idref="fl-147"/>
      </object_component>
      <object_component id="oc-1f5">
         <name>.debug_info</name>
         <load_address>0x1083e</load_address>
         <run_address>0x1083e</run_address>
         <size>0x1f5</size>
         <input_file_ref idref="fl-148"/>
      </object_component>
      <object_component id="oc-103">
         <name>.debug_info</name>
         <load_address>0x10a33</load_address>
         <run_address>0x10a33</run_address>
         <size>0x24d</size>
         <input_file_ref idref="fl-148"/>
      </object_component>
      <object_component id="oc-2c3">
         <name>.debug_info</name>
         <load_address>0x10c80</load_address>
         <run_address>0x10c80</run_address>
         <size>0xae</size>
         <input_file_ref idref="fl-148"/>
      </object_component>
      <object_component id="oc-13a">
         <name>.debug_info</name>
         <load_address>0x10d2e</load_address>
         <run_address>0x10d2e</run_address>
         <size>0xfe</size>
         <input_file_ref idref="fl-149"/>
      </object_component>
      <object_component id="oc-20b">
         <name>.debug_info</name>
         <load_address>0x10e2c</load_address>
         <run_address>0x10e2c</run_address>
         <size>0xe7</size>
         <input_file_ref idref="fl-14a"/>
      </object_component>
      <object_component id="oc-114">
         <name>.debug_info</name>
         <load_address>0x10f13</load_address>
         <run_address>0x10f13</run_address>
         <size>0x11e</size>
         <input_file_ref idref="fl-14a"/>
      </object_component>
      <object_component id="oc-11e">
         <name>.debug_info</name>
         <load_address>0x11031</load_address>
         <run_address>0x11031</run_address>
         <size>0x116</size>
         <input_file_ref idref="fl-14b"/>
      </object_component>
      <object_component id="oc-361">
         <name>.debug_info</name>
         <load_address>0x11147</load_address>
         <run_address>0x11147</run_address>
         <size>0xf7</size>
         <input_file_ref idref="fl-14c"/>
      </object_component>
      <object_component id="oc-2c9">
         <name>.debug_info</name>
         <load_address>0x1123e</load_address>
         <run_address>0x1123e</run_address>
         <size>0xf4</size>
         <input_file_ref idref="fl-14c"/>
      </object_component>
      <object_component id="oc-2cc">
         <name>.debug_info</name>
         <load_address>0x11332</load_address>
         <run_address>0x11332</run_address>
         <size>0xb4</size>
         <input_file_ref idref="fl-14c"/>
      </object_component>
      <object_component id="oc-1fe">
         <name>.debug_info</name>
         <load_address>0x113e6</load_address>
         <run_address>0x113e6</run_address>
         <size>0x12c</size>
         <input_file_ref idref="fl-14c"/>
      </object_component>
      <object_component id="oc-206">
         <name>.debug_info</name>
         <load_address>0x11512</load_address>
         <run_address>0x11512</run_address>
         <size>0x13b</size>
         <input_file_ref idref="fl-14d"/>
      </object_component>
      <object_component id="oc-37a">
         <name>.debug_info</name>
         <load_address>0x1164d</load_address>
         <run_address>0x1164d</run_address>
         <size>0x166</size>
         <input_file_ref idref="fl-14e"/>
      </object_component>
      <object_component id="oc-2ea">
         <name>.debug_info</name>
         <load_address>0x117b3</load_address>
         <run_address>0x117b3</run_address>
         <size>0xb3</size>
         <input_file_ref idref="fl-14e"/>
      </object_component>
      <object_component id="oc-2e7">
         <name>.debug_info</name>
         <load_address>0x11866</load_address>
         <run_address>0x11866</run_address>
         <size>0xb3</size>
         <input_file_ref idref="fl-14e"/>
      </object_component>
      <object_component id="oc-22d">
         <name>.debug_info</name>
         <load_address>0x11919</load_address>
         <run_address>0x11919</run_address>
         <size>0x186</size>
         <input_file_ref idref="fl-14e"/>
      </object_component>
      <object_component id="oc-234">
         <name>.debug_info</name>
         <load_address>0x11a9f</load_address>
         <run_address>0x11a9f</run_address>
         <size>0x19d</size>
         <input_file_ref idref="fl-14f"/>
      </object_component>
      <object_component id="oc-244">
         <name>.debug_info</name>
         <load_address>0x11c3c</load_address>
         <run_address>0x11c3c</run_address>
         <size>0xed</size>
         <input_file_ref idref="fl-150"/>
      </object_component>
      <object_component id="oc-155">
         <name>.debug_info</name>
         <load_address>0x11d29</load_address>
         <run_address>0x11d29</run_address>
         <size>0xdc</size>
         <input_file_ref idref="fl-150"/>
      </object_component>
      <object_component id="oc-23d">
         <name>.debug_info</name>
         <load_address>0x11e05</load_address>
         <run_address>0x11e05</run_address>
         <size>0x1e8</size>
         <input_file_ref idref="fl-150"/>
      </object_component>
      <object_component id="oc-2ae">
         <name>.debug_info</name>
         <load_address>0x11fed</load_address>
         <run_address>0x11fed</run_address>
         <size>0x31b</size>
         <input_file_ref idref="fl-151"/>
      </object_component>
      <object_component id="oc-1ed">
         <name>.debug_info</name>
         <load_address>0x12308</load_address>
         <run_address>0x12308</run_address>
         <size>0x13e1</size>
         <input_file_ref idref="fl-151"/>
      </object_component>
      <object_component id="oc-2af">
         <name>.debug_info</name>
         <load_address>0x136e9</load_address>
         <run_address>0x136e9</run_address>
         <size>0x86</size>
         <input_file_ref idref="fl-151"/>
      </object_component>
      <object_component id="oc-2b4">
         <name>.debug_info</name>
         <load_address>0x1376f</load_address>
         <run_address>0x1376f</run_address>
         <size>0x2c</size>
         <input_file_ref idref="fl-151"/>
      </object_component>
      <object_component id="oc-358">
         <name>.debug_info</name>
         <load_address>0x1379b</load_address>
         <run_address>0x1379b</run_address>
         <size>0x46</size>
         <input_file_ref idref="fl-151"/>
      </object_component>
      <object_component id="oc-2b9">
         <name>.debug_info</name>
         <load_address>0x137e1</load_address>
         <run_address>0x137e1</run_address>
         <size>0x39</size>
         <input_file_ref idref="fl-151"/>
      </object_component>
      <object_component id="oc-355">
         <name>.debug_info</name>
         <load_address>0x1381a</load_address>
         <run_address>0x1381a</run_address>
         <size>0xdd</size>
         <input_file_ref idref="fl-152"/>
      </object_component>
      <object_component id="oc-2a9">
         <name>.debug_info</name>
         <load_address>0x138f7</load_address>
         <run_address>0x138f7</run_address>
         <size>0x13a</size>
         <input_file_ref idref="fl-152"/>
      </object_component>
      <object_component id="oc-3bc">
         <name>.debug_info</name>
         <load_address>0x13a31</load_address>
         <run_address>0x13a31</run_address>
         <size>0xb7</size>
         <input_file_ref idref="fl-153"/>
      </object_component>
      <object_component id="oc-352">
         <name>.debug_info</name>
         <load_address>0x13ae8</load_address>
         <run_address>0x13ae8</run_address>
         <size>0xc3</size>
         <input_file_ref idref="fl-153"/>
      </object_component>
      <object_component id="oc-2c0">
         <name>.debug_info</name>
         <load_address>0x13bab</load_address>
         <run_address>0x13bab</run_address>
         <size>0xd9</size>
         <input_file_ref idref="fl-154"/>
      </object_component>
      <object_component id="oc-1f2">
         <name>.debug_info</name>
         <load_address>0x13c84</load_address>
         <run_address>0x13c84</run_address>
         <size>0xc0</size>
         <input_file_ref idref="fl-154"/>
      </object_component>
      <object_component id="oc-415">
         <name>.debug_info</name>
         <load_address>0x13d44</load_address>
         <run_address>0x13d44</run_address>
         <size>0xca</size>
         <input_file_ref idref="fl-154"/>
      </object_component>
      <object_component id="oc-310">
         <name>.debug_info</name>
         <load_address>0x13e0e</load_address>
         <run_address>0x13e0e</run_address>
         <size>0x14d</size>
         <input_file_ref idref="fl-154"/>
      </object_component>
      <object_component id="oc-2d8">
         <name>.debug_info</name>
         <load_address>0x13f5b</load_address>
         <run_address>0x13f5b</run_address>
         <size>0xbe</size>
         <input_file_ref idref="fl-155"/>
      </object_component>
      <object_component id="oc-3d0">
         <name>.debug_info</name>
         <load_address>0x14019</load_address>
         <run_address>0x14019</run_address>
         <size>0x126</size>
         <input_file_ref idref="fl-156"/>
      </object_component>
      <object_component id="oc-36b">
         <name>.debug_info</name>
         <load_address>0x1413f</load_address>
         <run_address>0x1413f</run_address>
         <size>0xf6</size>
         <input_file_ref idref="fl-156"/>
[...]
         <object_component_ref idref="oc-145"/>
      </symbol>
      <symbol id="sm-537">
         <name>asin</name>
         <value>0x9a98</value>
         <object_component_ref idref="oc-13f"/>
      </symbol>
      <symbol id="sm-551">
         <name>atan2</name>
         <value>0x8df0</value>
         <object_component_ref idref="oc-10a"/>
      </symbol>
      <symbol id="sm-576">
         <name>__TI_auto_init</name>
         <value>0xa0d0</value>
         <object_component_ref idref="oc-88"/>
      </symbol>
      <symbol id="sm-58d">
         <name>__TI_decompress_none</name>
         <value>0xa9a8</value>
         <object_component_ref idref="oc-c"/>
      </symbol>
      <symbol id="sm-5ae">
         <name>__TI_decompress_rle24</name>
         <value>0xa9cc</value>
         <object_component_ref idref="oc-12"/>
      </symbol>
      <symbol id="sm-5c0">
         <name>__TI_zero_init</name>
         <value>0xa9bc</value>
         <object_component_ref idref="oc-18"/>
      </symbol>
      <symbol id="sm-5ca">
         <name>cos</name>
         <value>0xa9d4</value>
         <object_component_ref idref="oc-133"/>
      </symbol>
      <symbol id="sm-5e4">
         <name>copy_in</name>
         <value>0xa3dc</value>
         <object_component_ref idref="oc-eb"/>
      </symbol>
      <symbol id="sm-604">
         <name>C$$EXIT</name>
         <value>0xa4e0</value>
         <object_component_ref idref="oc-94"/>
      </symbol>
      <symbol id="sm-605">
         <name>abort</name>
         <value>0xa4e8</value>
         <object_component_ref idref="oc-94"/>
      </symbol>
      <symbol id="sm-606">
         <name>exit</name>
         <value>0xa4f4</value>
         <object_component_ref idref="oc-94"/>
      </symbol>
      <symbol id="sm-607">
         <name>__TI_dtors_ptr</name>
         <value>0x8002158</value>
         <object_component_ref idref="oc-157"/>
      </symbol>
      <symbol id="sm-608">
         <name>__TI_cleanup_ptr</name>
         <value>0x8002154</value>
         <object_component_ref idref="oc-157"/>
      </symbol>
      <symbol id="sm-621">
         <name>memcpy</name>
         <value>0x8f88</value>
         <object_component_ref idref="oc-47"/>
      </symbol>
      <symbol id="sm-622">
         <name>__aeabi_memcpy</name>
         <value>0x8f88</value>
         <object_component_ref idref="oc-47"/>
      </symbol>
      <symbol id="sm-623">
         <name>__aeabi_memcpy8</name>
         <value>0x8f88</value>
         <object_component_ref idref="oc-47"/>
      </symbol>
      <symbol id="sm-624">
         <name>__aeabi_memcpy4</name>
         <value>0x8f88</value>
         <object_component_ref idref="oc-47"/>
      </symbol>
      <symbol id="sm-68d">
         <name>_sys_memory</name>
         <value>0x8001500</value>
         <object_component_ref idref="oc-44"/>
      </symbol>
      <symbol id="sm-68e">
         <name>free</name>
         <value>0x6760</value>
         <object_component_ref idref="oc-116"/>
      </symbol>
      <symbol id="sm-68f">
         <name>realloc</name>
         <value>0x68b8</value>
         <object_component_ref idref="oc-116"/>
      </symbol>
      <symbol id="sm-690">
         <name>memalign</name>
         <value>0x6a4c</value>
         <object_component_ref idref="oc-116"/>
      </symbol>
      <symbol id="sm-691">
         <name>calloc</name>
         <value>0x6b8c</value>
         <object_component_ref idref="oc-116"/>
      </symbol>
      <symbol id="sm-692">
         <name>malloc</name>
         <value>0x66a4</value>
         <object_component_ref idref="oc-116"/>
      </symbol>
      <symbol id="sm-693">
         <name>minit</name>
         <value>0x65a8</value>
         <object_component_ref idref="oc-116"/>
      </symbol>
      <symbol id="sm-6a2">
         <name>__aeabi_memset</name>
         <value>0x9f7c</value>
         <object_component_ref idref="oc-60"/>
      </symbol>
      <symbol id="sm-6a3">
         <name>memset</name>
         <value>0x9f88</value>
         <object_component_ref idref="oc-60"/>
      </symbol>
      <symbol id="sm-6a4">
         <name>__aeabi_memset8</name>
         <value>0x9f7c</value>
         <object_component_ref idref="oc-60"/>
      </symbol>
      <symbol id="sm-6a5">
         <name>__aeabi_memset4</name>
         <value>0x9f7c</value>
         <object_component_ref idref="oc-60"/>
      </symbol>
      <symbol id="sm-6a6">
         <name>__aeabi_memclr8</name>
         <value>0x9f78</value>
         <object_component_ref idref="oc-60"/>
      </symbol>
      <symbol id="sm-6a7">
         <name>__aeabi_memclr4</name>
         <value>0x9f78</value>
         <object_component_ref idref="oc-60"/>
      </symbol>
      <symbol id="sm-6a8">
         <name>__aeabi_memclr</name>
         <value>0x9f78</value>
         <object_component_ref idref="oc-60"/>
      </symbol>
      <symbol id="sm-6c6">
         <name>printf</name>
         <value>0xa17c</value>
         <object_component_ref idref="oc-ff"/>
      </symbol>
      <symbol id="sm-6d0">
         <name>sin</name>
         <value>0xa9dc</value>
         <object_component_ref idref="oc-139"/>
      </symbol>
      <symbol id="sm-6e0">
         <name>sqrt</name>
         <value>0xa840</value>
         <object_component_ref idref="oc-110"/>
      </symbol>
      <symbol id="sm-6ee">
         <name>__aeabi_uidivmod</name>
         <value>0xa6d0</value>
         <object_component_ref idref="oc-11c"/>
      </symbol>
      <symbol id="sm-6ef">
         <name>__aeabi_uidiv</name>
         <value>0xa6d0</value>
         <object_component_ref idref="oc-11c"/>
      </symbol>
      <symbol id="sm-71b">
         <name>_Atan</name>
         <value>0x9b88</value>
         <object_component_ref idref="oc-1fc"/>
      </symbol>
      <symbol id="sm-728">
         <name>_Feraise</name>
         <value>0xa7fc</value>
         <object_component_ref idref="oc-204"/>
      </symbol>
      <symbol id="sm-759">
         <name>_Sin</name>
         <value>0x8884</value>
         <object_component_ref idref="oc-22b"/>
      </symbol>
      <symbol id="sm-769">
         <name>_Rteps</name>
         <value>0x80020d8</value>
         <object_component_ref idref="oc-233"/>
      </symbol>
      <symbol id="sm-76a">
         <name>_Zero</name>
         <value>0x80020f0</value>
         <object_component_ref idref="oc-233"/>
      </symbol>
      <symbol id="sm-76b">
         <name>_Hugeval</name>
         <value>0x8002098</value>
         <object_component_ref idref="oc-233"/>
      </symbol>
      <symbol id="sm-76c">
         <name>_Snan</name>
         <value>0x80020c8</value>
         <object_component_ref idref="oc-233"/>
      </symbol>
      <symbol id="sm-76d">
         <name>_Nan</name>
         <value>0x80020b8</value>
         <object_component_ref idref="oc-233"/>
      </symbol>
      <symbol id="sm-76e">
         <name>_Inf</name>
         <value>0x80020a8</value>
         <object_component_ref idref="oc-233"/>
      </symbol>
      <symbol id="sm-76f">
         <name>_Xbig</name>
         <value>0x80020e8</value>
         <object_component_ref idref="oc-233"/>
      </symbol>
      <symbol id="sm-770">
         <name>_Eps</name>
         <value>0x8002088</value>
         <object_component_ref idref="oc-233"/>
      </symbol>
      <symbol id="sm-771">
         <name>_Denorm</name>
         <value>0x8002078</value>
         <object_component_ref idref="oc-233"/>
      </symbol>
      <symbol id="sm-78b">
         <name>_nop</name>
         <value>0xa964</value>
         <object_component_ref idref="oc-23c"/>
      </symbol>
      <symbol id="sm-78c">
         <name>_lock</name>
         <value>0x800214c</value>
         <object_component_ref idref="oc-154"/>
      </symbol>
      <symbol id="sm-78d">
         <name>_unlock</name>
         <value>0x8002150</value>
         <object_component_ref idref="oc-154"/>
      </symbol>
      <symbol id="sm-78e">
         <name>_register_lock</name>
         <value>0xa958</value>
         <object_component_ref idref="oc-23c"/>
      </symbol>
      <symbol id="sm-78f">
         <name>_register_unlock</name>
         <value>0xa94c</value>
         <object_component_ref idref="oc-23c"/>
      </symbol>
      <symbol id="sm-881">
         <name>__TI_printfi</name>
         <value>0x13f4</value>
         <object_component_ref idref="oc-1eb"/>
      </symbol>
      <symbol id="sm-894">
         <name>atoi</name>
         <value>0xa358</value>
         <object_component_ref idref="oc-2a7"/>
      </symbol>
      <symbol id="sm-89f">
         <name>_ctypes_</name>
         <value>0xaf90</value>
         <object_component_ref idref="oc-351"/>
      </symbol>
      <symbol id="sm-8b8">
         <name>__aeabi_stdout</name>
         <value>0x800212c</value>
         <object_component_ref idref="oc-30f"/>
      </symbol>
      <symbol id="sm-8b9">
         <name>__TI_tmpnams</name>
         <value>0x800228c</value>
         <object_component_ref idref="oc-414"/>
      </symbol>
      <symbol id="sm-8ba">
         <name>__aeabi_stderr</name>
         <value>0x8002130</value>
         <object_component_ref idref="oc-30f"/>
      </symbol>
      <symbol id="sm-8bb">
         <name>__aeabi_stdin</name>
         <value>0x8002128</value>
         <object_component_ref idref="oc-30f"/>
      </symbol>
      <symbol id="sm-8bc">
         <name>_ftable</name>
         <value>0x8001e08</value>
         <object_component_ref idref="oc-1f1"/>
      </symbol>
      <symbol id="sm-8bd">
         <name>__TI_ft_end</name>
         <value>0x8002124</value>
         <object_component_ref idref="oc-30f"/>
      </symbol>
      <symbol id="sm-8c5">
         <name>_Errno</name>
         <value>0x8002164</value>
         <object_component_ref idref="oc-2d7"/>
      </symbol>
      <symbol id="sm-8e4">
         <name>feraiseexcept</name>
         <value>0xa624</value>
         <object_component_ref idref="oc-2d1"/>
      </symbol>
      <symbol id="sm-8e5">
         <name>_Tls_setup__Fenv</name>
         <value>0x8002160</value>
         <object_component_ref idref="oc-36a"/>
      </symbol>
      <symbol id="sm-8e6">
         <name>_Fenv</name>
         <value>0x800215c</value>
         <object_component_ref idref="oc-36a"/>
      </symbol>
      <symbol id="sm-906">
         <name>fmod</name>
         <value>0x867c</value>
         <object_component_ref idref="oc-2e0"/>
      </symbol>
      <symbol id="sm-91e">
         <name>putc</name>
         <value>0x9890</value>
         <object_component_ref idref="oc-1df"/>
      </symbol>
      <symbol id="sm-91f">
         <name>fputc</name>
         <value>0x9890</value>
         <object_component_ref idref="oc-1df"/>
      </symbol>
      <symbol id="sm-920">
         <name>putchar</name>
         <value>0x9988</value>
         <object_component_ref idref="oc-1df"/>
      </symbol>
      <symbol id="sm-940">
         <name>puts</name>
         <value>0x8c10</value>
         <object_component_ref idref="oc-1e5"/>
      </symbol>
      <symbol id="sm-941">
         <name>fputs</name>
         <value>0x8a74</value>
         <object_component_ref idref="oc-1e5"/>
      </symbol>
      <symbol id="sm-94e">
         <name>frexp</name>
         <value>0xa874</value>
         <object_component_ref idref="oc-289"/>
      </symbol>
      <symbol id="sm-958">
         <name>__aeabi_idiv0</name>
         <value>0xa9e8</value>
         <object_component_ref idref="oc-210"/>
      </symbol>
      <symbol id="sm-967">
         <name>ldexp</name>
         <value>0xa558</value>
         <object_component_ref idref="oc-28f"/>
      </symbol>
      <symbol id="sm-9b7">
         <name>open</name>
         <value>0x6e18</value>
         <object_component_ref idref="oc-268"/>
      </symbol>
      <symbol id="sm-9b8">
         <name>add_device</name>
         <value>0x7004</value>
         <object_component_ref idref="oc-268"/>
      </symbol>
      <symbol id="sm-9b9">
         <name>remove_device</name>
         <value>0x6d88</value>
         <object_component_ref idref="oc-268"/>
      </symbol>
      <symbol id="sm-9ba">
         <name>lseek</name>
         <value>0x6f30</value>
         <object_component_ref idref="oc-268"/>
      </symbol>
      <symbol id="sm-9bb">
         <name>read</name>
         <value>0x6dd4</value>
         <object_component_ref idref="oc-268"/>
      </symbol>
      <symbol id="sm-9bc">
         <name>rename</name>
         <value>0x6d1c</value>
         <object_component_ref idref="oc-268"/>
      </symbol>
      <symbol id="sm-9bd">
         <name>write</name>
         <value>0x6be4</value>
         <object_component_ref idref="oc-268"/>
      </symbol>
      <symbol id="sm-9be">
         <name>close</name>
         <value>0x6f74</value>
         <object_component_ref idref="oc-268"/>
      </symbol>
      <symbol id="sm-9bf">
         <name>unlink</name>
         <value>0x6cdc</value>
         <object_component_ref idref="oc-268"/>
      </symbol>
      <symbol id="sm-9cd">
         <name>ltoa</name>
         <value>0xa460</value>
         <object_component_ref idref="oc-283"/>
      </symbol>
      <symbol id="sm-9dc">
         <name>memccpy</name>
         <value>0xa8a4</value>
         <object_component_ref idref="oc-2a1"/>
      </symbol>
      <symbol id="sm-9eb">
         <name>memchr</name>
         <value>0xa8d0</value>
         <object_component_ref idref="oc-276"/>
      </symbol>
      <symbol id="sm-9fe">
         <name>raise</name>
         <value>0xa720</value>
         <object_component_ref idref="oc-364"/>
      </symbol>
      <symbol id="sm-a18">
         <name>signal</name>
         <value>0xa5c0</value>
         <object_component_ref idref="oc-3c1"/>
      </symbol>
      <symbol id="sm-a26">
         <name>strchr</name>
         <value>0xa8fc</value>
         <object_component_ref idref="oc-295"/>
      </symbol>
      <symbol id="sm-a34">
         <name>strcmp</name>
         <value>0xa924</value>
         <object_component_ref idref="oc-314"/>
      </symbol>
      <symbol id="sm-a42">
         <name>strlen</name>
         <value>0xa970</value>
         <object_component_ref idref="oc-270"/>
      </symbol>
      <symbol id="sm-a51">
         <name>strncpy</name>
         <value>0xa76c</value>
         <object_component_ref idref="oc-31a"/>
      </symbol>
      <symbol id="sm-a72">
         <name>HOSTgetenv</name>
         <value>0x74bc</value>
         <object_component_ref idref="oc-396"/>
      </symbol>
      <symbol id="sm-a73">
         <name>HOSTrename</name>
         <value>0x7274</value>
         <object_component_ref idref="oc-396"/>
      </symbol>
      <symbol id="sm-a74">
         <name>HOSTclose</name>
         <value>0x7524</value>
         <object_component_ref idref="oc-396"/>
      </symbol>
      <symbol id="sm-a75">
         <name>HOSTunlink</name>
         <value>0x71b0</value>
         <object_component_ref idref="oc-396"/>
      </symbol>
      <symbol id="sm-a76">
         <name>HOSTlseek</name>
         <value>0x741c</value>
         <object_component_ref idref="oc-396"/>
      </symbol>
      <symbol id="sm-a77">
         <name>HOSTopen</name>
         <value>0x7390</value>
         <object_component_ref idref="oc-396"/>
      </symbol>
      <symbol id="sm-a78">
         <name>HOSTclock</name>
         <value>0x758c</value>
         <object_component_ref idref="oc-396"/>
      </symbol>
      <symbol id="sm-a79">
         <name>HOSTwrite</name>
         <value>0x712c</value>
         <object_component_ref idref="oc-396"/>
      </symbol>
      <symbol id="sm-a7a">
         <name>HOSTread</name>
         <value>0x730c</value>
         <object_component_ref idref="oc-396"/>
      </symbol>
      <symbol id="sm-a7b">
         <name>HOSTtime</name>
         <value>0x7214</value>
         <object_component_ref idref="oc-396"/>
      </symbol>
      <symbol id="sm-a95">
         <name>__TI_readmsg</name>
         <value>0xa268</value>
         <object_component_ref idref="oc-3e9"/>
      </symbol>
      <symbol id="sm-a96">
         <name>C$$IO$$</name>
         <value>0xa260</value>
         <object_component_ref idref="oc-3e9"/>
      </symbol>
      <symbol id="sm-a97">
         <name>__CIOBUF_</name>
         <value>0x800216c</value>
         <object_component_ref idref="oc-41b"/>
      </symbol>
      <symbol id="sm-a98">
         <name>__TI_writemsg</name>
         <value>0xa218</value>
         <object_component_ref idref="oc-3e9"/>
      </symbol>
      <symbol id="sm-ac2">
         <name>__aeabi_uldivmod</name>
         <value>0x83c4</value>
         <object_component_ref idref="oc-27e"/>
      </symbol>
      <symbol id="sm-ad0">
         <name>_Dclass</name>
         <value>0xa7b4</value>
         <object_component_ref idref="oc-29b"/>
      </symbol>
      <symbol id="sm-ae5">
         <name>_Dnorm</name>
         <value>0x9280</value>
         <object_component_ref idref="oc-370"/>
      </symbol>
      <symbol id="sm-afe">
         <name>_Dscale</name>
         <value>0x8c48</value>
         <object_component_ref idref="oc-343"/>
      </symbol>
      <symbol id="sm-b11">
         <name>_Dunscale</name>
         <value>0x9ec4</value>
         <object_component_ref idref="oc-33b"/>
      </symbol>
      <symbol id="sm-b2d">
         <name>__TI_wrt_ok</name>
         <value>0x9668</value>
         <object_component_ref idref="oc-25c"/>
      </symbol>
      <symbol id="sm-b2e">
         <name>__TI_rd_ok</name>
         <value>0x9708</value>
         <object_component_ref idref="oc-25c"/>
      </symbol>
      <symbol id="sm-b48">
         <name>__TI_doflush</name>
         <value>0x9538</value>
         <object_component_ref idref="oc-262"/>
      </symbol>
      <symbol id="sm-b49">
         <name>fflush</name>
         <value>0x95bc</value>
         <object_component_ref idref="oc-262"/>
      </symbol>
      <symbol id="sm-b5b">
         <name>fseek</name>
         <value>0xa028</value>
         <object_component_ref idref="oc-301"/>
      </symbol>
      <symbol id="sm-b6a">
         <name>__aeabi_idivmod</name>
         <value>0xa67c</value>
         <object_component_ref idref="oc-334"/>
      </symbol>
      <symbol id="sm-b6b">
         <name>__aeabi_idiv</name>
         <value>0xa67c</value>
         <object_component_ref idref="oc-334"/>
      </symbol>
      <symbol id="sm-b85">
         <name>setvbuf</name>
         <value>0x93e0</value>
         <object_component_ref idref="oc-307"/>
      </symbol>
      <symbol id="sm-b93">
         <name>strcpy</name>
         <value>0xa990</value>
         <object_component_ref idref="oc-3ef"/>
      </symbol>
      <symbol id="sm-bc1">
         <name>__TI_cleanup</name>
         <value>0x8230</value>
         <object_component_ref idref="oc-37f"/>
      </symbol>
      <symbol id="sm-bc2">
         <name>freopen</name>
         <value>0x827c</value>
         <object_component_ref idref="oc-37f"/>
      </symbol>
      <symbol id="sm-bc3">
         <name>fopen</name>
         <value>0x82c8</value>
         <object_component_ref idref="oc-37f"/>
      </symbol>
      <symbol id="sm-bd9">
         <name>__TI_closefile</name>
         <value>0x999c</value>
         <object_component_ref idref="oc-3da"/>
      </symbol>
      <symbol id="sm-bda">
         <name>fclose</name>
         <value>0x9a48</value>
         <object_component_ref idref="oc-3da"/>
      </symbol>
      <symbol id="sm-bdc">
         <name>__TI_static_base__</name>
         <value>0x0</value>
      </symbol>
      <symbol id="sm-bdf">
         <name>SHT$$INIT_ARRAY$$Base</name>
         <value>0x0</value>
      </symbol>
      <symbol id="sm-be0">
         <name>SHT$$INIT_ARRAY$$Limit</name>
         <value>0x0</value>
      </symbol>
      <symbol id="sm-be1">
         <name>remove</name>
         <value>0x6cdc</value>
      </symbol>
   </symbol_table>
   <title>Link successful</title>
</link_info>
