******************************************************************************
                  TI ARM Linker PC v5.2.6                      
******************************************************************************
>> Linked Mon Nov 09 15:30:50 2015

OUTPUT FILE NAME:   <hetServo_RM57L.out>
ENTRY POINT SYMBOL: "_c_int00"  address: 00009d54


MEMORY CONFIGURATION

         name            origin    length      used     unused   attr    fill
----------------------  --------  ---------  --------  --------  ----  --------
  VECTORS               00000000   00000020  00000020  00000000     X
  FLASH0                00000020   001fffe0  0000b37c  001f4c64  R  X
  FLASH1                00200000   00200000  00000000  00200000  R  X
  STACKS                08000000   00001500  00000000  00001500  RW  
  RAM                   08001500   0007eb00  00000e58  0007dca8  RW  


SEGMENT ALLOCATION MAP

run origin  load origin   length   init length attrs members
----------  ----------- ---------- ----------- ----- -------
00000000    00000000    0000b3a0   0000b3a0    r-x
  00000000    00000000    00000020   00000020    r-x .intvecs
  00000020    00000020    0000a9cc   0000a9cc    r-x .text
  0000a9f0    0000a9f0    00000800   00000800    r-- .const
  0000b1f0    0000b1f0    000001b0   000001b0    r-- .cinit
08001500    08001500    00000e58   00000000    rw-
  08001500    08001500    00000800   00000000    rw- .sysmem
  08001d00    08001d00    0000046c   00000000    rw- .data
  0800216c    0800216c    000001ec   00000000    rw- .bss


SECTION ALLOCATION MAP

 output                                  attributes/
section   page    origin      length       input sections
--------  ----  ----------  ----------   ----------------
.intvecs   0    00000000    00000020     
                  00000000    00000020     HL_sys_intvecs.obj (.intvecs)

.text      0    00000020    0000a9cc     
                  00000020    000018d0     rtsv7R4_A_le_v3D16_eabi.lib : _printfi.obj (.text)
                  000018f0    00001648     HL_sys_main.obj (.text)
                  00002f38    000009c0     HL_pinmux.obj (.text)
                  000038f8    00000980     HL_system.obj (.text)
                  00004278    0000093c     HL_ecap.obj (.text)
                  00004bb4    00000938     HL_sys_vim.obj (.text)
                  000054ec    000008f8     HL_het.obj (.text)
                  00005de4    000007c4     HL_esm.obj (.text)
                  000065a8    0000063c     rtsv7R4_A_le_v3D16_eabi.lib : memory.obj (.text)
                  00006be4    00000548                                 : lowlev.obj (.text)
                  0000712c    000004cc                                 : trgdrv.obj (.text)
                  000075f8    00000418     HL_sys_core.obj (.text)
                  00007a10    00000394     HL_sys_mpu.obj (.text)
                  00007da4    0000034c     HL_sys_vim.obj (.text:retain)
                  000080f0    000002d4     rtsv7R4_A_le_v3D16_eabi.lib : fopen.obj (.text)
                  000083c4    000002b8                                 : ull_div32.obj (.text)
                  0000867c    00000208                                 : fmod.obj (.text)
                  00008884    000001f0                                 : xsin.obj (.text)
                  00008a74    000001d4                                 : fputs.obj (.text)
                  00008c48    000001a8                                 : xdscale.obj (.text)
                  00008df0    00000198                                 : atan2.obj (.text)
                  00008f88    00000180                                 : memcpy32.obj (.text)
                  00009108    00000178     HL_esm.obj (.text:retain)
                  00009280    00000160     rtsv7R4_A_le_v3D16_eabi.lib : xdnorm.obj (.text)
                  000093e0    00000158                                 : setvbuf.obj (.text)
                  00009538    00000130                                 : fflush.obj (.text)
                  00009668    00000118                                 : _io_perm.obj (.text)
                  00009780    00000110     HL_sys_pmu.obj (.text)
                  00009890    0000010c     rtsv7R4_A_le_v3D16_eabi.lib : fputc.obj (.text)
                  0000999c    000000fc                                 : fclose.obj (.text)
                  00009a98    000000f0                                 : asin.obj (.text)
                  00009b88    000000f0                                 : xatan.obj (.text)
                  00009c78    000000dc                                 : acos.obj (.text)
                  00009d54    000000bc     HL_sys_startup.obj (.text:retain)
                  00009e10    000000b4     HL_notification.obj (.text)
                  00009ec4    000000b4     rtsv7R4_A_le_v3D16_eabi.lib : xdunscal.obj (.text)
                  00009f78    000000b0                                 : memset32.obj (.text)
                  0000a028    000000a8                                 : fseek.obj (.text)
                  0000a0d0    000000a4                                 : autoinit.obj (.text)
                  0000a174    000000a4                                 : printf.obj (.text)
                  0000a218    000000a4                                 : trgmsg.obj (.text)
                  0000a2bc    0000009c                                 : copy_decompress_rle.obj (.text)
                  0000a358    00000084                                 : atoi.obj (.text)
                  0000a3dc    00000084                                 : cpy_tbl.obj (.text)
                  0000a460    00000080                                 : ltoa.obj (.text)
                  0000a4e0    00000078                                 : exit.obj (.text)
                  0000a558    00000068                                 : ldexp.obj (.text)
                  0000a5c0    00000064                                 : signal.obj (.text)
                  0000a624    00000058                                 : feraiseexcept.obj (.text)
                  0000a67c    00000054                                 : i_div32.obj (.text)
                  0000a6d0    00000050                                 : u_div32.obj (.text)
                  0000a720    0000004c                                 : raise.obj (.text)
                  0000a76c    00000048                                 : strncpy.obj (.text)
                  0000a7b4    00000048                                 : xdclass.obj (.text)
                  0000a7fc    00000044                                 : xferaise.obj (.text)
                  0000a840    00000034                                 : sqrt.obj (.text)
                  0000a874    00000030                                 : frexp.obj (.text)
                  0000a8a4    0000002c                                 : memccpy.obj (.text)
                  0000a8d0    0000002c                                 : memchr.obj (.text)
                  0000a8fc    00000028                                 : strchr.obj (.text)
                  0000a924    00000028                                 : strcmp.obj (.text)
                  0000a94c    00000024                                 : _lock.obj (.text)
                  0000a970    00000020                                 : strlen.obj (.text)
                  0000a990    00000018                                 : strcpy.obj (.text)
                  0000a9a8    00000014                                 : copy_decompress_none.obj (.text:decompress:none)
                  0000a9bc    00000010                                 : copy_zero_init.obj (.text:decompress:ZI)
                  0000a9cc    00000008                                 : copy_decompress_rle.obj (.text:decompress:rle24)
                  0000a9d4    00000008                                 : cos.obj (.text)
                  0000a9dc    00000008                                 : sin.obj (.text)
                  0000a9e4    00000004     HL_sys_phantom.obj (.text:retain)
                  0000a9e8    00000004     rtsv7R4_A_le_v3D16_eabi.lib : i_div0.obj (.text)

.const     0    0000a9f0    00000800     
                  0000a9f0    000003a0     HL_het.obj (.const:het1PROGRAM)
                  0000ad90    00000200     HL_sys_vim.obj (.const:s_vim_init)
                  0000af90    00000101     rtsv7R4_A_le_v3D16_eabi.lib : ctype.obj (.const:.string:_ctypes_)
                  0000b091    00000007     --HOLE-- [fill = 0]
                  0000b098    00000048                                 : xatan.obj (.const)
                  0000b0e0    00000040                                 : xatan.obj (.const:a)
                  0000b120    00000030     HL_sys_main.obj (.const:$P$T0$1)
                  0000b150    00000030     rtsv7R4_A_le_v3D16_eabi.lib : xsin.obj (.const:c)
                  0000b180    00000030                                 : xsin.obj (.const:s)
                  0000b1b0    00000020     HL_het.obj (.const)
                  0000b1d0    00000020     HL_sys_main.obj (.const)

.cinit     0    0000b1f0    000001b0     
                  0000b1f0    00000189     (.cinit..data.load) [load image, compression = rle]
                  0000b379    00000003     --HOLE-- [fill = 0]
                  0000b37c    0000000c     (__TI_handler_table)
                  0000b388    00000008     (.cinit..bss.load) [load image, compression = zero_init]
                  0000b390    00000010     (__TI_cinit_table)

.sysmem    0    08001500    00000800     UNINITIALIZED
                  08001500    00000008     rtsv7R4_A_le_v3D16_eabi.lib : memory.obj (.sysmem)
                  08001508    000007f8     --HOLE--

.data      0    08001d00    0000046c     UNINITIALIZED
                  08001d00    00000108     HL_sys_main.obj (.data:via_frames)
                  08001e08    000000f0     rtsv7R4_A_le_v3D16_eabi.lib : defs.obj (.data:_ftable)
                  08001ef8    000000d0                                 : lowlev.obj (.data)
                  08001fc8    000000b0                                 : signal.obj (.data:sigtable)
                  08002078    00000080                                 : xvalues.obj (.data)
                  080020f8    0000002c     HL_sys_main.obj (.data:via_breaks)
                  08002124    00000010     rtsv7R4_A_le_v3D16_eabi.lib : defs.obj (.data)
                  08002134    0000000c     HL_sys_main.obj (.data)
                  08002140    0000000c     rtsv7R4_A_le_v3D16_eabi.lib : memory.obj (.data)
                  0800214c    00000008                                 : _lock.obj (.data)
                  08002154    00000008                                 : exit.obj (.data)
                  0800215c    00000008                                 : feraiseexcept.obj (.data)
                  08002164    00000004                                 : errno.obj (.data)
                  08002168    00000004                                 : fopen.obj (.data)

.TI.persistent 
*          0    08001d00    00000000     UNINITIALIZED

.bss       0    0800216c    000001ec     UNINITIALIZED
                  0800216c    00000120     rtsv7R4_A_le_v3D16_eabi.lib : trgmsg.obj (.bss:__CIOBUF_)
                  0800228c    000000a0                                 : defs.obj (.bss:__TI_tmpnams)
                  0800232c    00000018     (.common:currentPos)
                  08002344    00000008     (.common:parmbuf)
                  0800234c    00000004     (.common:curtime)
                  08002350    00000004     (.common:duration)
                  08002354    00000004     (.common:reltime)

.TI.noinit 
*          0    0800216c    00000000     UNINITIALIZED


LINKER GENERATED COPY TABLES

__TI_cinit_table @ 0000b390 records: 2, size/record: 8, table size: 16
	.data: load addr=0000b1f0, load size=00000189 bytes, run addr=08001d00, run size=0000046c bytes, compression=rle
	.bss: load addr=0000b388, load size=00000008 bytes, run addr=0800216c, run size=000001ec bytes, compression=zero_init


LINKER GENERATED HANDLER TABLE

__TI_handler_table @ 0000b37c records: 3, size/record: 4, table size: 12
	index: 0, handler: __TI_zero_init
	index: 1, handler: __TI_decompress_rle24
	index: 2, handler: __TI_decompress_none


GLOBAL SYMBOLS: SORTED ALPHABETICALLY BY Name 

address   name                                
-------   ----                                
0000a4e0  C$$EXIT                             
0000a260  C$$IO$$                             
0000758c  HOSTclock                           
00007524  HOSTclose                           
000074bc  HOSTgetenv                          
0000741c  HOSTlseek                           
00007390  HOSTopen                            
0000730c  HOSTread                            
00007274  HOSTrename                          
00007214  HOSTtime                            
000071b0  HOSTunlink                          
0000712c  HOSTwrite                           
UNDEFED   SHT$$INIT_ARRAY$$Base               
UNDEFED   SHT$$INIT_ARRAY$$Limit              
00009b88  _Atan                               
0000a7b4  _Dclass                             
08002078  _Denorm                             
00009280  _Dnorm                              
00008c48  _Dscale                             
00009ec4  _Dunscale                           
08002088  _Eps                                
08002164  _Errno                              
0800215c  _Fenv                               
0000a7fc  _Feraise                            
08002098  _Hugeval                            
080020a8  _Inf                                
080020b8  _Nan                                
080020d8  _Rteps                              
00008884  _Sin                                
080020c8  _Snan                               
08002160  _Tls_setup__Fenv                    
080020e8  _Xbig                               
080020f0  _Zero                               
0800216c  __CIOBUF_                           
00000800  __SYSMEM_SIZE                       
0000b390  __TI_CINIT_Base                     
0000b3a0  __TI_CINIT_Limit                    
0000b37c  __TI_Handler_Table_Base             
0000b388  __TI_Handler_Table_Limit            
00007a08  __TI_PINIT_Base                     
00007a0c  __TI_PINIT_Limit                    
0000a0d0  __TI_auto_init                      
00008230  __TI_cleanup                        
08002154  __TI_cleanup_ptr                    
0000999c  __TI_closefile                      
0000a9a8  __TI_decompress_none                
0000a9cc  __TI_decompress_rle24               
00009538  __TI_doflush                        
08002158  __TI_dtors_ptr                      
08002124  __TI_ft_end                         
000013f4  __TI_printfi                        
00009708  __TI_rd_ok                          
0000a268  __TI_readmsg                        
00000000  __TI_static_base__                  
0800228c  __TI_tmpnams                        
0000a218  __TI_writemsg                       
00009668  __TI_wrt_ok                         
0000a9bc  __TI_zero_init                      
0000a67c  __aeabi_idiv                        
0000a9e8  __aeabi_idiv0                       
0000a67c  __aeabi_idivmod                     
00009f78  __aeabi_memclr                      
00009f78  __aeabi_memclr4                     
00009f78  __aeabi_memclr8                     
00008f88  __aeabi_memcpy                      
00008f88  __aeabi_memcpy4                     
00008f88  __aeabi_memcpy8                     
00009f7c  __aeabi_memset                      
00009f7c  __aeabi_memset4                     
00009f7c  __aeabi_memset8                     
08002130  __aeabi_stderr                      
08002128  __aeabi_stdin                       
0800212c  __aeabi_stdout                      
0000a6d0  __aeabi_uidiv                       
0000a6d0  __aeabi_uidivmod                    
000083c4  __aeabi_uldivmod                    
ffffffff  __binit__                           
ffffffff  __c_args__                          
00009d54  _c_int00                            
000079ac  _cacheDisable_                      
00007974  _cacheEnable_                       
00007954  _checkMemInitOn_                    
00007850  _coreClearAuxiliaryDataFault_       
0000786c  _coreClearAuxiliaryInstructionFault_
00007818  _coreClearDataFaultAddress_         
000077e0  _coreClearDataFault_                
00007834  _coreClearInstructionFaultAddress_  
000077fc  _coreClearInstructionFault_         
000077a8  _coreDisableEventBusExport_         
00007790  _coreEnableEventBusExport_          
000077c0  _coreEnableIrqVicOffset_            
00007770  _coreEnableVfp_                     
00007848  _coreGetAuxiliaryDataFault_         
00007864  _coreGetAuxiliaryInstructionFault_  
00007810  _coreGetDataFaultAddress_           
000077d8  _coreGetDataFault_                  
0000782c  _coreGetInstructionFaultAddress_    
000077f4  _coreGetInstructionFault_           
000075f8  _coreInitRegisters_                 
00007704  _coreInitStackPointer_              
0000af90  _ctypes_                            
000079d0  _dCacheInvalidate_                  
00007880  _disable_IRQ_interrupt_             
00007888  _enable_IRQ_interrupt_              
00007890  _enable_interrupt_                  
00007898  _esmCcmErrorsClear_                 
08001e08  _ftable                             
00007750  _getCPSRValue_                      
00007758  _gotoCPUIdle_                       
000079ec  _iCacheInvalidate_                  
0800214c  _lock                               
00007920  _memInit_                           
00007d4c  _mpuAreRegionsSeparate_             
00007d28  _mpuDisableBackgroundRegion_        
00007cf0  _mpuDisable_                        
00007d10  _mpuEnableBackgroundRegion_         
00007cd0  _mpuEnable_                         
00007d40  _mpuGetNumberOfRegions_             
00007d70  _mpuGetRegionBaseAddress_           
00007d90  _mpuGetRegionPermission_            
00007d84  _mpuGetRegionType_                  
00007d60  _mpuGetRegion_                      
00007a10  _mpuInit_                           
00007d68  _mpuSetRegionBaseAddress_           
00007d9c  _mpuSetRegionSizeRegister_          
00007d78  _mpuSetRegionTypeAndPermission_     
00007d58  _mpuSetRegion_                      
0000a964  _nop                                
000097ec  _pmuDisableCountersGlobal_          
000097d4  _pmuEnableCountersGlobal_           
00009868  _pmuGetCycleCount_                  
00009870  _pmuGetEventCount_                  
0000987c  _pmuGetOverflow_                    
00009780  _pmuInit_                           
00009834  _pmuResetCounters_                  
00009804  _pmuResetCycleCounter_              
0000981c  _pmuResetEventCounters_             
0000985c  _pmuSetCountEvent_                  
0000984c  _pmuStartCounters_                  
00009854  _pmuStopCounters_                   
0000a958  _register_lock                      
0000a94c  _register_unlock                    
08001500  _sys_memory                         
08002150  _unlock                             
0000a4e8  abort                               
00009c78  acos                                
00007004  add_device                          
00009a98  asin                                
00008df0  atan2                               
0000a358  atoi                                
ffffffff  binit                               
00006b8c  calloc                              
00005af8  capGetSignal                        
00006f74  close                               
0000a3dc  copy_in                             
0000a9d4  cos                                 
0800213e  curIndex                            
0800232c  currentPos                          
0800234c  curtime                             
00009e48  dmaGroupANotification               
08002350  duration                            
000047dc  ecap1GetConfigValue                 
00004870  ecap2GetConfigValue                 
00004904  ecap3GetConfigValue                 
00004998  ecap4GetConfigValue                 
00004a2c  ecap5GetConfigValue                 
00004ac0  ecap6GetConfigValue                 
0000475c  ecapClearFlag                       
000046bc  ecapDisableAPWMMode                 
000045ac  ecapDisableCapture                  
000043a4  ecapDisableCounterLoadOnSync        
00004708  ecapDisableInterrupt                
00004650  ecapEnableAPWMmode                  
0000458c  ecapEnableCapture                   
00004374  ecapEnableCounterLoadOnSync         
000046e0  ecapEnableInterrupt                 
0000477c  ecapGetCAP1                         
00004794  ecapGetCAP2                         
000047ac  ecapGetCAP3                         
000047c4  ecapGetCAP4                         
00004738  ecapGetEventStatus                  
00004278  ecapInit                            
00009e9c  ecapNotification                    
00004404  ecapSetCaptureEvent1                
00004450  ecapSetCaptureEvent2                
000044a0  ecapSetCaptureEvent3                
000044f0  ecapSetCaptureEvent4                
00004540  ecapSetCaptureMode                  
00004354  ecapSetCounter                      
000043c8  ecapSetEventPrescaler               
00004614  ecapSetSyncOut                      
000045d0  ecapStartCounter                    
000045f0  ecapStopCounter                     
00005ab8  edgeDisableNotification             
00005a7c  edgeEnableNotification              
00005a50  edgeGetCounter                      
00009e74  edgeNotification                    
00005a24  edgeResetCounter                    
00009eb0  epcCAMFullNotification              
00009eb4  epcFIFOFullNotification             
00005ffc  esmActivateNormalOperation          
00006158  esmClearStatus                      
000061cc  esmClearStatusBuffer                
000061a4  esmClearStatusUpper                 
00005fa4  esmDisableError                     
00005fd0  esmDisableErrorUpper                
00006054  esmDisableInterrupt                 
00006080  esmDisableInterruptUpper            
00005f5c  esmEnableError                      
00005f88  esmEnableErrorUpper                 
0000600c  esmEnableInterrupt                  
00006038  esmEnableInterruptUpper             
0000630c  esmEnterSelfTest                    
00005f40  esmError                            
000063e4  esmGetConfigValue                   
00006208  esmGetStatus                        
000062e4  esmGetStatusBuffer                  
00006294  esmGetStatusUpper                   
00009e10  esmGroup1Notification               
00009e24  esmGroup2Notification               
00009e38  esmGroup3Notification               
00009108  esmHighInterrupt                    
00005de4  esmInit                             
00006394  esmSelfTestStatus                   
000061e8  esmSetCounterPreloadValue           
0000609c  esmSetInterruptLevel                
00006118  esmSetInterruptLevelUpper           
00005fec  esmTriggerErrorPinReset             
0000a4f4  exit                                
00009a48  fclose                              
0000a624  feraiseexcept                       
000095bc  fflush                              
0000867c  fmod                                
000082c8  fopen                               
0800213c  form                                
00009890  fputc                               
00008a74  fputs                               
00006760  free                                
0000827c  freopen                             
0000a874  frexp                               
0000a028  fseek                               
00001b80  genServoPwm                         
00001d04  getCurrentPos                       
00003c64  getResetSource                      
00005c04  het1GetConfigValue                  
00005bec  hetGetTimestamp                     
000054ec  hetInit                             
00009e88  hetNotification                     
00005bd0  hetResetTimestamp                   
0000a558  ldexp                               
08002138  loop_count_max                      
08002134  loop_count_prep_max                 
00006f30  lseek                               
0000a460  ltoa                                
000018f0  main                                
000066a4  malloc                              
00003a94  mapClocks                           
00006a4c  memalign                            
0000a8a4  memccpy                             
0000a8d0  memchr                              
00008f88  memcpy                              
00009f88  memset                              
000065a8  minit                               
00002f38  muxInit                             
00006e18  open                                
000039e0  periphInit                          
0000a9e4  phantomInterrupt                    
0000a17c  printf                              
00009890  putc                                
00009988  putchar                             
00008c10  puts                                
000059f4  pwmDisableNotification              
000059ac  pwmEnableNotification               
000058cc  pwmGetSignal                        
00009e5c  pwmNotification                     
00005614  pwmSetDuty                          
00005750  pwmSetSignal                        
000055ac  pwmStart                            
000055e0  pwmStop                             
0000a720  raise                               
00006dd4  read                                
000068b8  realloc                             
08002354  reltime                             
00006cdc  remove                              
00006d88  remove_device                       
00006d1c  rename                              
00000000  resetEntry                          
00002160  rotmat2rpy                          
0000230c  setJoints                           
000024e8  setPwmPulse                         
000039a0  setupFlash                          
000038f8  setupPLL                            
000093e0  setvbuf                             
0000a5c0  signal                              
0000a9dc  sin                                 
00002814  solveJoints0                        
0000a840  sqrt                                
0000a8fc  strchr                              
0000a924  strcmp                              
0000a990  strcpy                              
0000a970  strlen                              
0000a76c  strncpy                             
00003db0  systemGetConfigValue                
00003bc0  systemInit                          
00003c34  systemPowerDown                     
00002dc4  tic                                 
00002df0  toc                                 
00003958  trimLPO                             
00006cdc  unlink                              
080020f8  via_breaks                          
08001d00  via_frames                          
00004c88  vimChannelMap                       
00004ef4  vimDisableInterrupt                 
00007da4  vimECCErrorHandler                  
00004d2c  vimEnableInterrupt                  
00004fa0  vimGetConfigValue                   
00004bb4  vimInit                             
00006be4  write                               


GLOBAL SYMBOLS: SORTED BY Symbol Address 

address   name                                
-------   ----                                
00000000  __TI_static_base__                  
00000000  resetEntry                          
00000800  __SYSMEM_SIZE                       
000013f4  __TI_printfi                        
000018f0  main                                
00001b80  genServoPwm                         
00001d04  getCurrentPos                       
00002160  rotmat2rpy                          
0000230c  setJoints                           
000024e8  setPwmPulse                         
00002814  solveJoints0                        
00002dc4  tic                                 
00002df0  toc                                 
00002f38  muxInit                             
000038f8  setupPLL                            
00003958  trimLPO                             
000039a0  setupFlash                          
000039e0  periphInit                          
00003a94  mapClocks                           
00003bc0  systemInit                          
00003c34  systemPowerDown                     
00003c64  getResetSource                      
00003db0  systemGetConfigValue                
00004278  ecapInit                            
00004354  ecapSetCounter                      
00004374  ecapEnableCounterLoadOnSync         
000043a4  ecapDisableCounterLoadOnSync        
000043c8  ecapSetEventPrescaler               
00004404  ecapSetCaptureEvent1                
00004450  ecapSetCaptureEvent2                
000044a0  ecapSetCaptureEvent3                
000044f0  ecapSetCaptureEvent4                
00004540  ecapSetCaptureMode                  
0000458c  ecapEnableCapture                   
000045ac  ecapDisableCapture                  
000045d0  ecapStartCounter                    
000045f0  ecapStopCounter                     
00004614  ecapSetSyncOut                      
00004650  ecapEnableAPWMmode                  
000046bc  ecapDisableAPWMMode                 
000046e0  ecapEnableInterrupt                 
00004708  ecapDisableInterrupt                
00004738  ecapGetEventStatus                  
0000475c  ecapClearFlag                       
0000477c  ecapGetCAP1                         
00004794  ecapGetCAP2                         
000047ac  ecapGetCAP3                         
000047c4  ecapGetCAP4                         
000047dc  ecap1GetConfigValue                 
00004870  ecap2GetConfigValue                 
00004904  ecap3GetConfigValue                 
00004998  ecap4GetConfigValue                 
00004a2c  ecap5GetConfigValue                 
00004ac0  ecap6GetConfigValue                 
00004bb4  vimInit                             
00004c88  vimChannelMap                       
00004d2c  vimEnableInterrupt                  
00004ef4  vimDisableInterrupt                 
00004fa0  vimGetConfigValue                   
000054ec  hetInit                             
000055ac  pwmStart                            
000055e0  pwmStop                             
00005614  pwmSetDuty                          
00005750  pwmSetSignal                        
000058cc  pwmGetSignal                        
000059ac  pwmEnableNotification               
000059f4  pwmDisableNotification              
00005a24  edgeResetCounter                    
00005a50  edgeGetCounter                      
00005a7c  edgeEnableNotification              
00005ab8  edgeDisableNotification             
00005af8  capGetSignal                        
00005bd0  hetResetTimestamp                   
00005bec  hetGetTimestamp                     
00005c04  het1GetConfigValue                  
00005de4  esmInit                             
00005f40  esmError                            
00005f5c  esmEnableError                      
00005f88  esmEnableErrorUpper                 
00005fa4  esmDisableError                     
00005fd0  esmDisableErrorUpper                
00005fec  esmTriggerErrorPinReset             
00005ffc  esmActivateNormalOperation          
0000600c  esmEnableInterrupt                  
00006038  esmEnableInterruptUpper             
00006054  esmDisableInterrupt                 
00006080  esmDisableInterruptUpper            
0000609c  esmSetInterruptLevel                
00006118  esmSetInterruptLevelUpper           
00006158  esmClearStatus                      
000061a4  esmClearStatusUpper                 
000061cc  esmClearStatusBuffer                
000061e8  esmSetCounterPreloadValue           
00006208  esmGetStatus                        
00006294  esmGetStatusUpper                   
000062e4  esmGetStatusBuffer                  
0000630c  esmEnterSelfTest                    
00006394  esmSelfTestStatus                   
000063e4  esmGetConfigValue                   
000065a8  minit                               
000066a4  malloc                              
00006760  free                                
000068b8  realloc                             
00006a4c  memalign                            
00006b8c  calloc                              
00006be4  write                               
00006cdc  remove                              
00006cdc  unlink                              
00006d1c  rename                              
00006d88  remove_device                       
00006dd4  read                                
00006e18  open                                
00006f30  lseek                               
00006f74  close                               
00007004  add_device                          
0000712c  HOSTwrite                           
000071b0  HOSTunlink                          
00007214  HOSTtime                            
00007274  HOSTrename                          
0000730c  HOSTread                            
00007390  HOSTopen                            
0000741c  HOSTlseek                           
000074bc  HOSTgetenv                          
00007524  HOSTclose                           
0000758c  HOSTclock                           
000075f8  _coreInitRegisters_                 
00007704  _coreInitStackPointer_              
00007750  _getCPSRValue_                      
00007758  _gotoCPUIdle_                       
00007770  _coreEnableVfp_                     
00007790  _coreEnableEventBusExport_          
000077a8  _coreDisableEventBusExport_         
000077c0  _coreEnableIrqVicOffset_            
000077d8  _coreGetDataFault_                  
000077e0  _coreClearDataFault_                
000077f4  _coreGetInstructionFault_           
000077fc  _coreClearInstructionFault_         
00007810  _coreGetDataFaultAddress_           
00007818  _coreClearDataFaultAddress_         
0000782c  _coreGetInstructionFaultAddress_    
00007834  _coreClearInstructionFaultAddress_  
00007848  _coreGetAuxiliaryDataFault_         
00007850  _coreClearAuxiliaryDataFault_       
00007864  _coreGetAuxiliaryInstructionFault_  
0000786c  _coreClearAuxiliaryInstructionFault_
00007880  _disable_IRQ_interrupt_             
00007888  _enable_IRQ_interrupt_              
00007890  _enable_interrupt_                  
00007898  _esmCcmErrorsClear_                 
00007920  _memInit_                           
00007954  _checkMemInitOn_                    
00007974  _cacheEnable_                       
000079ac  _cacheDisable_                      
000079d0  _dCacheInvalidate_                  
000079ec  _iCacheInvalidate_                  
00007a08  __TI_PINIT_Base                     
00007a0c  __TI_PINIT_Limit                    
00007a10  _mpuInit_                           
00007cd0  _mpuEnable_                         
00007cf0  _mpuDisable_                        
00007d10  _mpuEnableBackgroundRegion_         
00007d28  _mpuDisableBackgroundRegion_        
00007d40  _mpuGetNumberOfRegions_             
00007d4c  _mpuAreRegionsSeparate_             
00007d58  _mpuSetRegion_                      
00007d60  _mpuGetRegion_                      
00007d68  _mpuSetRegionBaseAddress_           
00007d70  _mpuGetRegionBaseAddress_           
00007d78  _mpuSetRegionTypeAndPermission_     
00007d84  _mpuGetRegionType_                  
00007d90  _mpuGetRegionPermission_            
00007d9c  _mpuSetRegionSizeRegister_          
00007da4  vimECCErrorHandler                  
00008230  __TI_cleanup                        
0000827c  freopen                             
000082c8  fopen                               
000083c4  __aeabi_uldivmod                    
0000867c  fmod                                
00008884  _Sin                                
00008a74  fputs                               
00008c10  puts                                
00008c48  _Dscale                             
00008df0  atan2                               
00008f88  __aeabi_memcpy                      
00008f88  __aeabi_memcpy4                     
00008f88  __aeabi_memcpy8                     
00008f88  memcpy                              
00009108  esmHighInterrupt                    
00009280  _Dnorm                              
000093e0  setvbuf                             
00009538  __TI_doflush                        
000095bc  fflush                              
00009668  __TI_wrt_ok                         
00009708  __TI_rd_ok                          
00009780  _pmuInit_                           
000097d4  _pmuEnableCountersGlobal_           
000097ec  _pmuDisableCountersGlobal_          
00009804  _pmuResetCycleCounter_              
0000981c  _pmuResetEventCounters_             
00009834  _pmuResetCounters_                  
0000984c  _pmuStartCounters_                  
00009854  _pmuStopCounters_                   
0000985c  _pmuSetCountEvent_                  
00009868  _pmuGetCycleCount_                  
00009870  _pmuGetEventCount_                  
0000987c  _pmuGetOverflow_                    
00009890  fputc                               
00009890  putc                                
00009988  putchar                             
0000999c  __TI_closefile                      
00009a48  fclose                              
00009a98  asin                                
00009b88  _Atan                               
00009c78  acos                                
00009d54  _c_int00                            
00009e10  esmGroup1Notification               
00009e24  esmGroup2Notification               
00009e38  esmGroup3Notification               
00009e48  dmaGroupANotification               
00009e5c  pwmNotification                     
00009e74  edgeNotification                    
00009e88  hetNotification                     
00009e9c  ecapNotification                    
00009eb0  epcCAMFullNotification              
00009eb4  epcFIFOFullNotification             
00009ec4  _Dunscale                           
00009f78  __aeabi_memclr                      
00009f78  __aeabi_memclr4                     
00009f78  __aeabi_memclr8                     
00009f7c  __aeabi_memset                      
00009f7c  __aeabi_memset4                     
00009f7c  __aeabi_memset8                     
00009f88  memset                              
0000a028  fseek                               
0000a0d0  __TI_auto_init                      
0000a17c  printf                              
0000a218  __TI_writemsg                       
0000a260  C$$IO$$                             
0000a268  __TI_readmsg                        
0000a358  atoi                                
0000a3dc  copy_in                             
0000a460  ltoa                                
0000a4e0  C$$EXIT                             
0000a4e8  abort                               
0000a4f4  exit                                
0000a558  ldexp                               
0000a5c0  signal                              
0000a624  feraiseexcept                       
0000a67c  __aeabi_idiv                        
0000a67c  __aeabi_idivmod                     
0000a6d0  __aeabi_uidiv                       
0000a6d0  __aeabi_uidivmod                    
0000a720  raise                               
0000a76c  strncpy                             
0000a7b4  _Dclass                             
0000a7fc  _Feraise                            
0000a840  sqrt                                
0000a874  frexp                               
0000a8a4  memccpy                             
0000a8d0  memchr                              
0000a8fc  strchr                              
0000a924  strcmp                              
0000a94c  _register_unlock                    
0000a958  _register_lock                      
0000a964  _nop                                
0000a970  strlen                              
0000a990  strcpy                              
0000a9a8  __TI_decompress_none                
0000a9bc  __TI_zero_init                      
0000a9cc  __TI_decompress_rle24               
0000a9d4  cos                                 
0000a9dc  sin                                 
0000a9e4  phantomInterrupt                    
0000a9e8  __aeabi_idiv0                       
0000af90  _ctypes_                            
0000b37c  __TI_Handler_Table_Base             
0000b388  __TI_Handler_Table_Limit            
0000b390  __TI_CINIT_Base                     
0000b3a0  __TI_CINIT_Limit                    
08001500  _sys_memory                         
08001d00  via_frames                          
08001e08  _ftable                             
08002078  _Denorm                             
08002088  _Eps                                
08002098  _Hugeval                            
080020a8  _Inf                                
080020b8  _Nan                                
080020c8  _Snan                               
080020d8  _Rteps                              
080020e8  _Xbig                               
080020f0  _Zero                               
080020f8  via_breaks                          
08002124  __TI_ft_end                         
08002128  __aeabi_stdin                       
0800212c  __aeabi_stdout                      
08002130  __aeabi_stderr                      
08002134  loop_count_prep_max                 
08002138  loop_count_max                      
0800213c  form                                
0800213e  curIndex                            
0800214c  _lock                               
08002150  _unlock                             
08002154  __TI_cleanup_ptr                    
08002158  __TI_dtors_ptr                      
0800215c  _Fenv                               
08002160  _Tls_setup__Fenv                    
08002164  _Errno                              
0800216c  __CIOBUF_                           
0800228c  __TI_tmpnams                        
0800232c  currentPos                          
0800234c  curtime                             
08002350  duration                            
08002354  reltime                             
ffffffff  __binit__                           
ffffffff  __c_args__                          
ffffffff  binit                               
UNDEFED   SHT$$INIT_ARRAY$$Base               
UNDEFED   SHT$$INIT_ARRAY$$Limit              

[318 symbols]
